<html>
<body>
<pre>
<h1>µVision Build Log</h1>
<h2>Tool Versions:</h2>
IDE-Version: ¦ÌVision V5.23.0.0
Copyright (C) 2017 ARM Ltd and ARM Germany GmbH. All rights reserved.
License Information: Microsoft Microsoft, Microsoft, LIC=TA39H-W4FY7-79ZG1-CXSBW-EJBCB-B76EX
 
Tool Versions:
Toolchain:       MDK-ARM Professional  Version: 5.23
Toolchain Path:  C:\Keil\Keil_v523\ARM\ARMCC\Bin
C Compiler:      Armcc.exe V5.06 update 4 (build 422)
Assembler:       Armasm.exe V5.06 update 4 (build 422)
Linker/Locator:  ArmLink.exe V5.06 update 4 (build 422)
Library Manager: ArmAr.exe V5.06 update 4 (build 422)
Hex Converter:   FromElf.exe V5.06 update 4 (build 422)
CPU DLL:         SARMCM3.DLL V5.23
Dialog DLL:      DCM.DLL V1.15.0.0
Target DLL:      Segger\JL2CM3.dll V2.99.23.0
Dialog DLL:      TCM.DLL V1.27.0.0
 
<h2>Project:</h2>
D:\Joy\workspace\LEARNING\exercise\Chibios\chibios-contrib\demos\WB32\RT-WB32F10X-EVAL\keil\WB32F10x_Demo.uvprojx
Project File Date:  06/11/2021

<h2>Output:</h2>
*** Using Compiler 'V5.06 update 4 (build 422)', folder: 'C:\Keil\Keil_v523\ARM\ARMCC\Bin'
Build target 'WB32F10x_Demo'
compiling hal_adc.c...
compiling hal_dac.c...
compiling hal.c...
compiling hal_can.c...
compiling hal_efl.c...
compiling hal_crypto.c...
compiling hal_flash.c...
compiling hal_buffers.c...
compiling hal_gpt.c...
compiling hal_mmc_spi.c...
compiling hal_pal.c...
compiling hal_i2c.c...
compiling hal_mac.c...
compiling hal_i2s.c...
compiling hal_icu.c...
compiling hal_mmcsd.c...
compiling hal_pwm.c...
compiling hal_queues.c...
compiling hal_rtc.c...
compiling hal_spi.c...
compiling hal_serial.c...
compiling hal_serial_usb.c...
compiling hal_sio.c...
compiling hal_sdc.c...
compiling hal_st.c...
compiling hal_trng.c...
compiling hal_uart.c...
compiling hal_wdg.c...
compiling hal_wspi.c...
compiling nvic.c...
compiling hal_usb.c...
compiling hal_pal_lld.c...
compiling hal_st_lld.c...
compiling hal_icu_lld.c...
compiling hal_pwm_lld.c...
compiling hal_gpt_lld.c...
compiling hal_spi_lld.c...
compiling hal_uart_lld.c...
compiling hal_i2c_lld.c...
compiling hal_usb_lld.c...
compiling hal_lld.c...
compiling main.c...
compiling board.c...
linking...
Program Size: Code=19206 RO-data=406 RW-data=380 ZI-data=4604  
FromELF: creating hex file...
".\Objects\Template.axf" - 0 Error(s), 0 Warning(s).

<h2>Collection of Component include folders:</h2>
  .\RTE\_WB32F10x_Demo
  C:\Keil\Keil_v523\ARM\PACK\ARM\CMSIS\5.1.1\Device\ARM\ARMCM3\Include

<h2>Collection of Component Files used:</h2>
Build Time Elapsed:  00:00:15
</pre>
</body>
</html>
