<!doctype html public "-//w3c//dtd html 4.0 transitional//en">
<html><head>
<title>Static Call Graph - [.\Objects\Template.axf]</title></head>
<body><HR>
<H1>Static Call Graph for image .\Objects\Template.axf</H1><HR>
<BR><P>#&#060CALLGRAPH&#062# ARM Linker, 5060422: Last Updated: Wed Jun 23 18:10:35 2021
<BR><P>
<H3>Maximum Stack Usage =         88 bytes + Unknown(Functions without stacksize, Cycles, Untraceable Function Pointers)</H3><H3>
Call chain for Maximum Stack Depth:</H3>
Vector78 &rArr; usb_serve_Endpoints &rArr; usb_serve_EPout_handler
<P>
<H3>
Functions with no stack information
</H3><UL>
 <LI><a href="#[177]">__user_initial_stackheap</a>
 <LI><a href="#[3d]">_port_exit_from_isr</a>
</UL>
</UL>
<P>
<H3>
Mutually Recursive functions
</H3> <LI><a href="#[43]">_idle_thread</a>&nbsp;&nbsp;&nbsp;&rArr;&nbsp;&nbsp;&nbsp;<a href="#[43]">_idle_thread</a><BR>
</UL>
<P>
<H3>
Function Pointers
</H3><UL>
 <LI><a href="#[8]">BusFault_Handler</a> from vectors.o(.text) referenced from vectors.o(RESET)
 <LI><a href="#[f]">DebugMon_Handler</a> from vectors.o(.text) referenced from vectors.o(RESET)
 <LI><a href="#[6]">HardFault_Handler</a> from vectors.o(.text) referenced from vectors.o(RESET)
 <LI><a href="#[7]">MemManage_Handler</a> from vectors.o(.text) referenced from vectors.o(RESET)
 <LI><a href="#[5]">NMI_Handler</a> from vectors.o(.text) referenced from vectors.o(RESET)
 <LI><a href="#[11]">PendSV_Handler</a> from vectors.o(.text) referenced from vectors.o(RESET)
 <LI><a href="#[4]">Reset_Handler</a> from cstartup.o(.text) referenced from vectors.o(RESET)
 <LI><a href="#[e]">SVC_Handler</a> from chcore_v7m.o(.text) referenced from vectors.o(RESET)
 <LI><a href="#[12]">SysTick_Handler</a> from hal_st_lld.o(.text) referenced from vectors.o(RESET)
 <LI><a href="#[42]">Thread1</a> from main.o(.text) referenced from main.o(.text)
 <LI><a href="#[9]">UsageFault_Handler</a> from vectors.o(.text) referenced from vectors.o(RESET)
 <LI><a href="#[a]">Vector1C</a> from vectors.o(.text) referenced from vectors.o(RESET)
 <LI><a href="#[b]">Vector20</a> from vectors.o(.text) referenced from vectors.o(RESET)
 <LI><a href="#[c]">Vector24</a> from vectors.o(.text) referenced from vectors.o(RESET)
 <LI><a href="#[d]">Vector28</a> from vectors.o(.text) referenced from vectors.o(RESET)
 <LI><a href="#[10]">Vector34</a> from vectors.o(.text) referenced from vectors.o(RESET)
 <LI><a href="#[13]">Vector40</a> from vectors.o(.text) referenced from vectors.o(RESET)
 <LI><a href="#[14]">Vector44</a> from vectors.o(.text) referenced from vectors.o(RESET)
 <LI><a href="#[15]">Vector48</a> from vectors.o(.text) referenced from vectors.o(RESET)
 <LI><a href="#[16]">Vector4C</a> from vectors.o(.text) referenced from vectors.o(RESET)
 <LI><a href="#[17]">Vector50</a> from vectors.o(.text) referenced from vectors.o(RESET)
 <LI><a href="#[18]">Vector54</a> from vectors.o(.text) referenced from vectors.o(RESET)
 <LI><a href="#[19]">Vector58</a> from hal_pal_lld.o(.text) referenced from vectors.o(RESET)
 <LI><a href="#[1a]">Vector5C</a> from hal_pal_lld.o(.text) referenced from vectors.o(RESET)
 <LI><a href="#[1b]">Vector60</a> from hal_pal_lld.o(.text) referenced from vectors.o(RESET)
 <LI><a href="#[1c]">Vector64</a> from hal_pal_lld.o(.text) referenced from vectors.o(RESET)
 <LI><a href="#[1d]">Vector68</a> from hal_pal_lld.o(.text) referenced from vectors.o(RESET)
 <LI><a href="#[1e]">Vector6C</a> from vectors.o(.text) referenced from vectors.o(RESET)
 <LI><a href="#[1f]">Vector70</a> from vectors.o(.text) referenced from vectors.o(RESET)
 <LI><a href="#[20]">Vector74</a> from vectors.o(.text) referenced from vectors.o(RESET)
 <LI><a href="#[21]">Vector78</a> from hal_usb_lld.o(.text) referenced from vectors.o(RESET)
 <LI><a href="#[22]">Vector7C</a> from hal_usb_lld.o(.text) referenced from vectors.o(RESET)
 <LI><a href="#[23]">Vector80</a> from hal_pal_lld.o(.text) referenced from vectors.o(RESET)
 <LI><a href="#[24]">Vector84</a> from vectors.o(.text) referenced from vectors.o(RESET)
 <LI><a href="#[25]">Vector88</a> from vectors.o(.text) referenced from vectors.o(RESET)
 <LI><a href="#[26]">Vector8C</a> from vectors.o(.text) referenced from vectors.o(RESET)
 <LI><a href="#[27]">Vector90</a> from vectors.o(.text) referenced from vectors.o(RESET)
 <LI><a href="#[28]">Vector94</a> from vectors.o(.text) referenced from vectors.o(RESET)
 <LI><a href="#[29]">Vector98</a> from vectors.o(.text) referenced from vectors.o(RESET)
 <LI><a href="#[2a]">Vector9C</a> from vectors.o(.text) referenced from vectors.o(RESET)
 <LI><a href="#[2b]">VectorA0</a> from vectors.o(.text) referenced from vectors.o(RESET)
 <LI><a href="#[2c]">VectorA4</a> from hal_i2c_lld.o(.text) referenced from vectors.o(RESET)
 <LI><a href="#[2d]">VectorA8</a> from hal_spi_lld.o(.text) referenced from vectors.o(RESET)
 <LI><a href="#[2e]">VectorAC</a> from vectors.o(.text) referenced from vectors.o(RESET)
 <LI><a href="#[2f]">VectorB0</a> from vectors.o(.text) referenced from vectors.o(RESET)
 <LI><a href="#[30]">VectorB4</a> from vectors.o(.text) referenced from vectors.o(RESET)
 <LI><a href="#[31]">VectorB8</a> from hal_uart_lld.o(.text) referenced from vectors.o(RESET)
 <LI><a href="#[32]">VectorBC</a> from vectors.o(.text) referenced from vectors.o(RESET)
 <LI><a href="#[33]">VectorC0</a> from vectors.o(.text) referenced from vectors.o(RESET)
 <LI><a href="#[34]">VectorC4</a> from hal_pal_lld.o(.text) referenced from vectors.o(RESET)
 <LI><a href="#[35]">VectorC8</a> from vectors.o(.text) referenced from vectors.o(RESET)
 <LI><a href="#[36]">VectorCC</a> from hal_usb_lld.o(.text) referenced from vectors.o(RESET)
 <LI><a href="#[37]">VectorD0</a> from vectors.o(.text) referenced from vectors.o(RESET)
 <LI><a href="#[38]">VectorD4</a> from vectors.o(.text) referenced from vectors.o(RESET)
 <LI><a href="#[39]">VectorD8</a> from vectors.o(.text) referenced from vectors.o(RESET)
 <LI><a href="#[3a]">VectorDC</a> from vectors.o(.text) referenced from vectors.o(RESET)
 <LI><a href="#[47]">__main</a> from __main.o(!!!main) referenced from cstartup.o(.text)
 <LI><a href="#[43]">_idle_thread</a> from chsys.o(.text) referenced from chsys.o(.constdata)
 <LI><a href="#[3d]">_port_exit_from_isr</a> from chcoreasm_v7m.o(.text) referenced from chcore_v7m.o(.text)
 <LI><a href="#[3c]">_port_switch_from_isr</a> from chcoreasm_v7m.o(.text) referenced from chcore_v7m.o(.text)
 <LI><a href="#[3f]">_port_thread_start</a> from chcoreasm_v7m.o(.text) referenced from chthreads.o(.text)
 <LI><a href="#[44]">_usb_ep0setup</a> from hal_usb.o(.text) referenced from hal_usb_lld.o(.constdata)
 <LI><a href="#[45]">_wbusb_ep0in</a> from hal_usb_lld.o(.text) referenced from hal_usb_lld.o(.constdata)
 <LI><a href="#[46]">_wbusb_ep0out</a> from hal_usb_lld.o(.text) referenced from hal_usb_lld.o(.constdata)
 <LI><a href="#[40]">chCoreAllocAlignedI</a> from chfactory.o(.text) referenced from chfactory.o(.text)
 <LI><a href="#[41]">chCoreAllocFromTop</a> from chmemcore.o(.text) referenced from chmemheaps.o(.text)
 <LI><a href="#[3e]">wakeup</a> from chschd.o(.text) referenced from chschd.o(.text)
</UL>
<P>
<H3>
Global Symbols
</H3>
<P><STRONG><a name="[47]"></a>__main</STRONG> (Thumb, 8 bytes, Stack size 0 bytes, __main.o(!!!main))
<BR><BR>[Calls]<UL><LI><a href="#[48]">&gt;&gt;</a>&nbsp;&nbsp;&nbsp;__scatterload
<LI><a href="#[49]">&gt;&gt;</a>&nbsp;&nbsp;&nbsp;__rt_entry
</UL>

<P><STRONG><a name="[48]"></a>__scatterload</STRONG> (Thumb, 0 bytes, Stack size unknown bytes, __scatter.o(!!!scatter))
<BR><BR>[Called By]<UL><LI><a href="#[47]">&gt;&gt;</a>&nbsp;&nbsp;&nbsp;__main
</UL>

<P><STRONG><a name="[4a]"></a>__scatterload_rt2</STRONG> (Thumb, 44 bytes, Stack size unknown bytes, __scatter.o(!!!scatter), UNUSED)
<BR><BR>[Calls]<UL><LI><a href="#[49]">&gt;&gt;</a>&nbsp;&nbsp;&nbsp;__rt_entry
</UL>

<P><STRONG><a name="[151]"></a>__scatterload_rt2_thumb_only</STRONG> (Thumb, 0 bytes, Stack size unknown bytes, __scatter.o(!!!scatter), UNUSED)

<P><STRONG><a name="[152]"></a>__scatterload_null</STRONG> (Thumb, 0 bytes, Stack size unknown bytes, __scatter.o(!!!scatter), UNUSED)

<P><STRONG><a name="[153]"></a>__decompress</STRONG> (Thumb, 58 bytes, Stack size unknown bytes, __dczerorl.o(!!dczerorl), UNUSED)

<P><STRONG><a name="[154]"></a>__decompress0</STRONG> (Thumb, 0 bytes, Stack size unknown bytes, __dczerorl.o(!!dczerorl), UNUSED)

<P><STRONG><a name="[155]"></a>__scatterload_zeroinit</STRONG> (Thumb, 28 bytes, Stack size unknown bytes, __scatter_zi.o(!!handler_zi), UNUSED)

<P><STRONG><a name="[4c]"></a>__rt_lib_init</STRONG> (Thumb, 0 bytes, Stack size unknown bytes, libinit.o(.ARM.Collect$$libinit$$00000000))
<BR><BR>[Called By]<UL><LI><a href="#[4b]">&gt;&gt;</a>&nbsp;&nbsp;&nbsp;__rt_entry_li
</UL>

<P><STRONG><a name="[156]"></a>__rt_lib_init_alloca_1</STRONG> (Thumb, 0 bytes, Stack size unknown bytes, libinit2.o(.ARM.Collect$$libinit$$0000002E))

<P><STRONG><a name="[157]"></a>__rt_lib_init_argv_1</STRONG> (Thumb, 0 bytes, Stack size unknown bytes, libinit2.o(.ARM.Collect$$libinit$$0000002C))

<P><STRONG><a name="[158]"></a>__rt_lib_init_atexit_1</STRONG> (Thumb, 0 bytes, Stack size unknown bytes, libinit2.o(.ARM.Collect$$libinit$$0000001B))

<P><STRONG><a name="[159]"></a>__rt_lib_init_clock_1</STRONG> (Thumb, 0 bytes, Stack size unknown bytes, libinit2.o(.ARM.Collect$$libinit$$00000021))

<P><STRONG><a name="[15a]"></a>__rt_lib_init_cpp_1</STRONG> (Thumb, 0 bytes, Stack size unknown bytes, libinit2.o(.ARM.Collect$$libinit$$00000032))

<P><STRONG><a name="[15b]"></a>__rt_lib_init_exceptions_1</STRONG> (Thumb, 0 bytes, Stack size unknown bytes, libinit2.o(.ARM.Collect$$libinit$$00000030))

<P><STRONG><a name="[15c]"></a>__rt_lib_init_fp_1</STRONG> (Thumb, 0 bytes, Stack size unknown bytes, libinit2.o(.ARM.Collect$$libinit$$00000002))

<P><STRONG><a name="[15d]"></a>__rt_lib_init_fp_trap_1</STRONG> (Thumb, 0 bytes, Stack size unknown bytes, libinit2.o(.ARM.Collect$$libinit$$0000001F))

<P><STRONG><a name="[15e]"></a>__rt_lib_init_getenv_1</STRONG> (Thumb, 0 bytes, Stack size unknown bytes, libinit2.o(.ARM.Collect$$libinit$$00000023))

<P><STRONG><a name="[15f]"></a>__rt_lib_init_heap_1</STRONG> (Thumb, 0 bytes, Stack size unknown bytes, libinit2.o(.ARM.Collect$$libinit$$0000000A))

<P><STRONG><a name="[160]"></a>__rt_lib_init_lc_collate_1</STRONG> (Thumb, 0 bytes, Stack size unknown bytes, libinit2.o(.ARM.Collect$$libinit$$00000011))

<P><STRONG><a name="[161]"></a>__rt_lib_init_lc_ctype_1</STRONG> (Thumb, 0 bytes, Stack size unknown bytes, libinit2.o(.ARM.Collect$$libinit$$00000013))

<P><STRONG><a name="[162]"></a>__rt_lib_init_lc_monetary_1</STRONG> (Thumb, 0 bytes, Stack size unknown bytes, libinit2.o(.ARM.Collect$$libinit$$00000015))

<P><STRONG><a name="[163]"></a>__rt_lib_init_lc_numeric_1</STRONG> (Thumb, 0 bytes, Stack size unknown bytes, libinit2.o(.ARM.Collect$$libinit$$00000017))

<P><STRONG><a name="[164]"></a>__rt_lib_init_lc_time_1</STRONG> (Thumb, 0 bytes, Stack size unknown bytes, libinit2.o(.ARM.Collect$$libinit$$00000019))

<P><STRONG><a name="[165]"></a>__rt_lib_init_preinit_1</STRONG> (Thumb, 0 bytes, Stack size unknown bytes, libinit2.o(.ARM.Collect$$libinit$$00000004))

<P><STRONG><a name="[166]"></a>__rt_lib_init_rand_1</STRONG> (Thumb, 0 bytes, Stack size unknown bytes, libinit2.o(.ARM.Collect$$libinit$$0000000E))

<P><STRONG><a name="[167]"></a>__rt_lib_init_return</STRONG> (Thumb, 0 bytes, Stack size unknown bytes, libinit2.o(.ARM.Collect$$libinit$$00000033))

<P><STRONG><a name="[168]"></a>__rt_lib_init_signal_1</STRONG> (Thumb, 0 bytes, Stack size unknown bytes, libinit2.o(.ARM.Collect$$libinit$$0000001D))

<P><STRONG><a name="[169]"></a>__rt_lib_init_stdio_1</STRONG> (Thumb, 0 bytes, Stack size unknown bytes, libinit2.o(.ARM.Collect$$libinit$$00000025))

<P><STRONG><a name="[16a]"></a>__rt_lib_init_user_alloc_1</STRONG> (Thumb, 0 bytes, Stack size unknown bytes, libinit2.o(.ARM.Collect$$libinit$$0000000C))

<P><STRONG><a name="[51]"></a>__rt_lib_shutdown</STRONG> (Thumb, 0 bytes, Stack size unknown bytes, libshutdown.o(.ARM.Collect$$libshutdown$$00000000))
<BR><BR>[Called By]<UL><LI><a href="#[50]">&gt;&gt;</a>&nbsp;&nbsp;&nbsp;__rt_exit_ls
</UL>

<P><STRONG><a name="[16b]"></a>__rt_lib_shutdown_cpp_1</STRONG> (Thumb, 0 bytes, Stack size unknown bytes, libshutdown2.o(.ARM.Collect$$libshutdown$$00000002))

<P><STRONG><a name="[16c]"></a>__rt_lib_shutdown_fp_trap_1</STRONG> (Thumb, 0 bytes, Stack size unknown bytes, libshutdown2.o(.ARM.Collect$$libshutdown$$00000007))

<P><STRONG><a name="[16d]"></a>__rt_lib_shutdown_heap_1</STRONG> (Thumb, 0 bytes, Stack size unknown bytes, libshutdown2.o(.ARM.Collect$$libshutdown$$0000000F))

<P><STRONG><a name="[16e]"></a>__rt_lib_shutdown_return</STRONG> (Thumb, 0 bytes, Stack size unknown bytes, libshutdown2.o(.ARM.Collect$$libshutdown$$00000010))

<P><STRONG><a name="[16f]"></a>__rt_lib_shutdown_signal_1</STRONG> (Thumb, 0 bytes, Stack size unknown bytes, libshutdown2.o(.ARM.Collect$$libshutdown$$0000000A))

<P><STRONG><a name="[170]"></a>__rt_lib_shutdown_stdio_1</STRONG> (Thumb, 0 bytes, Stack size unknown bytes, libshutdown2.o(.ARM.Collect$$libshutdown$$00000004))

<P><STRONG><a name="[171]"></a>__rt_lib_shutdown_user_alloc_1</STRONG> (Thumb, 0 bytes, Stack size unknown bytes, libshutdown2.o(.ARM.Collect$$libshutdown$$0000000C))

<P><STRONG><a name="[49]"></a>__rt_entry</STRONG> (Thumb, 0 bytes, Stack size unknown bytes, __rtentry.o(.ARM.Collect$$rtentry$$00000000))
<BR><BR>[Called By]<UL><LI><a href="#[4a]">&gt;&gt;</a>&nbsp;&nbsp;&nbsp;__scatterload_rt2
<LI><a href="#[47]">&gt;&gt;</a>&nbsp;&nbsp;&nbsp;__main
</UL>

<P><STRONG><a name="[172]"></a>__rt_entry_presh_1</STRONG> (Thumb, 0 bytes, Stack size unknown bytes, __rtentry2.o(.ARM.Collect$$rtentry$$00000002))

<P><STRONG><a name="[173]"></a>__rt_entry_sh</STRONG> (Thumb, 0 bytes, Stack size unknown bytes, __rtentry5.o(.ARM.Collect$$rtentry$$00000005))

<P><STRONG><a name="[4b]"></a>__rt_entry_li</STRONG> (Thumb, 0 bytes, Stack size unknown bytes, __rtentry2.o(.ARM.Collect$$rtentry$$0000000A))
<BR><BR>[Calls]<UL><LI><a href="#[4c]">&gt;&gt;</a>&nbsp;&nbsp;&nbsp;__rt_lib_init
</UL>

<P><STRONG><a name="[174]"></a>__rt_entry_postsh_1</STRONG> (Thumb, 0 bytes, Stack size unknown bytes, __rtentry2.o(.ARM.Collect$$rtentry$$00000009))

<P><STRONG><a name="[4d]"></a>__rt_entry_main</STRONG> (Thumb, 0 bytes, Stack size unknown bytes, __rtentry2.o(.ARM.Collect$$rtentry$$0000000D))
<BR><BR>[Stack]<UL><LI>Max Depth = 80 + Unknown Stack Size
<LI>Call Chain = __rt_entry_main &rArr; main &rArr; i2c_lld_master_transmit_timeout &rArr; chThdSuspendTimeoutS &rArr; chSchGoSleepTimeoutS
</UL>
<BR>[Calls]<UL><LI><a href="#[4f]">&gt;&gt;</a>&nbsp;&nbsp;&nbsp;exit
<LI><a href="#[4e]">&gt;&gt;</a>&nbsp;&nbsp;&nbsp;main
</UL>

<P><STRONG><a name="[175]"></a>__rt_entry_postli_1</STRONG> (Thumb, 0 bytes, Stack size unknown bytes, __rtentry2.o(.ARM.Collect$$rtentry$$0000000C))

<P><STRONG><a name="[150]"></a>__rt_exit</STRONG> (Thumb, 0 bytes, Stack size unknown bytes, rtexit.o(.ARM.Collect$$rtexit$$00000000))
<BR><BR>[Called By]<UL><LI><a href="#[4f]">&gt;&gt;</a>&nbsp;&nbsp;&nbsp;exit
</UL>

<P><STRONG><a name="[50]"></a>__rt_exit_ls</STRONG> (Thumb, 0 bytes, Stack size unknown bytes, rtexit2.o(.ARM.Collect$$rtexit$$00000003))
<BR><BR>[Calls]<UL><LI><a href="#[51]">&gt;&gt;</a>&nbsp;&nbsp;&nbsp;__rt_lib_shutdown
</UL>

<P><STRONG><a name="[176]"></a>__rt_exit_prels_1</STRONG> (Thumb, 0 bytes, Stack size unknown bytes, rtexit2.o(.ARM.Collect$$rtexit$$00000002))

<P><STRONG><a name="[52]"></a>__rt_exit_exit</STRONG> (Thumb, 0 bytes, Stack size unknown bytes, rtexit2.o(.ARM.Collect$$rtexit$$00000004))
<BR><BR>[Calls]<UL><LI><a href="#[53]">&gt;&gt;</a>&nbsp;&nbsp;&nbsp;_sys_exit
</UL>

<P><STRONG><a name="[4]"></a>Reset_Handler</STRONG> (Thumb, 26 bytes, Stack size 0 bytes, cstartup.o(.text))
<BR><BR>[Stack]<UL><LI>Max Depth = 20<LI>Call Chain = Reset_Handler &rArr; __early_init &rArr; wb32_clock_init
</UL>
<BR>[Calls]<UL><LI><a href="#[54]">&gt;&gt;</a>&nbsp;&nbsp;&nbsp;__early_init
</UL>
<BR>[Address Reference Count : 1]<UL><LI> vectors.o(RESET)
</UL>
<P><STRONG><a name="[177]"></a>__user_initial_stackheap</STRONG> (Thumb, 0 bytes, Stack size unknown bytes, cstartup.o(.text), UNUSED)

<P><STRONG><a name="[8]"></a>BusFault_Handler</STRONG> (Thumb, 0 bytes, Stack size 0 bytes, vectors.o(.text))
<BR>[Address Reference Count : 1]<UL><LI> vectors.o(RESET)
</UL>
<P><STRONG><a name="[f]"></a>DebugMon_Handler</STRONG> (Thumb, 0 bytes, Stack size 0 bytes, vectors.o(.text))
<BR>[Address Reference Count : 1]<UL><LI> vectors.o(RESET)
</UL>
<P><STRONG><a name="[6]"></a>HardFault_Handler</STRONG> (Thumb, 0 bytes, Stack size 0 bytes, vectors.o(.text))
<BR>[Address Reference Count : 1]<UL><LI> vectors.o(RESET)
</UL>
<P><STRONG><a name="[7]"></a>MemManage_Handler</STRONG> (Thumb, 0 bytes, Stack size 0 bytes, vectors.o(.text))
<BR>[Address Reference Count : 1]<UL><LI> vectors.o(RESET)
</UL>
<P><STRONG><a name="[5]"></a>NMI_Handler</STRONG> (Thumb, 0 bytes, Stack size 0 bytes, vectors.o(.text))
<BR>[Address Reference Count : 1]<UL><LI> vectors.o(RESET)
</UL>
<P><STRONG><a name="[11]"></a>PendSV_Handler</STRONG> (Thumb, 0 bytes, Stack size 0 bytes, vectors.o(.text))
<BR>[Address Reference Count : 1]<UL><LI> vectors.o(RESET)
</UL>
<P><STRONG><a name="[9]"></a>UsageFault_Handler</STRONG> (Thumb, 0 bytes, Stack size 0 bytes, vectors.o(.text))
<BR>[Address Reference Count : 1]<UL><LI> vectors.o(RESET)
</UL>
<P><STRONG><a name="[a]"></a>Vector1C</STRONG> (Thumb, 0 bytes, Stack size 0 bytes, vectors.o(.text))
<BR>[Address Reference Count : 1]<UL><LI> vectors.o(RESET)
</UL>
<P><STRONG><a name="[b]"></a>Vector20</STRONG> (Thumb, 0 bytes, Stack size 0 bytes, vectors.o(.text))
<BR>[Address Reference Count : 1]<UL><LI> vectors.o(RESET)
</UL>
<P><STRONG><a name="[c]"></a>Vector24</STRONG> (Thumb, 0 bytes, Stack size 0 bytes, vectors.o(.text))
<BR>[Address Reference Count : 1]<UL><LI> vectors.o(RESET)
</UL>
<P><STRONG><a name="[d]"></a>Vector28</STRONG> (Thumb, 0 bytes, Stack size 0 bytes, vectors.o(.text))
<BR>[Address Reference Count : 1]<UL><LI> vectors.o(RESET)
</UL>
<P><STRONG><a name="[10]"></a>Vector34</STRONG> (Thumb, 0 bytes, Stack size 0 bytes, vectors.o(.text))
<BR>[Address Reference Count : 1]<UL><LI> vectors.o(RESET)
</UL>
<P><STRONG><a name="[13]"></a>Vector40</STRONG> (Thumb, 0 bytes, Stack size 0 bytes, vectors.o(.text))
<BR>[Address Reference Count : 1]<UL><LI> vectors.o(RESET)
</UL>
<P><STRONG><a name="[14]"></a>Vector44</STRONG> (Thumb, 0 bytes, Stack size 0 bytes, vectors.o(.text))
<BR>[Address Reference Count : 1]<UL><LI> vectors.o(RESET)
</UL>
<P><STRONG><a name="[15]"></a>Vector48</STRONG> (Thumb, 0 bytes, Stack size 0 bytes, vectors.o(.text))
<BR>[Address Reference Count : 1]<UL><LI> vectors.o(RESET)
</UL>
<P><STRONG><a name="[16]"></a>Vector4C</STRONG> (Thumb, 0 bytes, Stack size 0 bytes, vectors.o(.text))
<BR>[Address Reference Count : 1]<UL><LI> vectors.o(RESET)
</UL>
<P><STRONG><a name="[17]"></a>Vector50</STRONG> (Thumb, 0 bytes, Stack size 0 bytes, vectors.o(.text))
<BR>[Address Reference Count : 1]<UL><LI> vectors.o(RESET)
</UL>
<P><STRONG><a name="[18]"></a>Vector54</STRONG> (Thumb, 0 bytes, Stack size 0 bytes, vectors.o(.text))
<BR>[Address Reference Count : 1]<UL><LI> vectors.o(RESET)
</UL>
<P><STRONG><a name="[1e]"></a>Vector6C</STRONG> (Thumb, 0 bytes, Stack size 0 bytes, vectors.o(.text))
<BR>[Address Reference Count : 1]<UL><LI> vectors.o(RESET)
</UL>
<P><STRONG><a name="[1f]"></a>Vector70</STRONG> (Thumb, 0 bytes, Stack size 0 bytes, vectors.o(.text))
<BR>[Address Reference Count : 1]<UL><LI> vectors.o(RESET)
</UL>
<P><STRONG><a name="[20]"></a>Vector74</STRONG> (Thumb, 0 bytes, Stack size 0 bytes, vectors.o(.text))
<BR>[Address Reference Count : 1]<UL><LI> vectors.o(RESET)
</UL>
<P><STRONG><a name="[24]"></a>Vector84</STRONG> (Thumb, 0 bytes, Stack size 0 bytes, vectors.o(.text))
<BR>[Address Reference Count : 1]<UL><LI> vectors.o(RESET)
</UL>
<P><STRONG><a name="[25]"></a>Vector88</STRONG> (Thumb, 0 bytes, Stack size 0 bytes, vectors.o(.text))
<BR>[Address Reference Count : 1]<UL><LI> vectors.o(RESET)
</UL>
<P><STRONG><a name="[26]"></a>Vector8C</STRONG> (Thumb, 0 bytes, Stack size 0 bytes, vectors.o(.text))
<BR>[Address Reference Count : 1]<UL><LI> vectors.o(RESET)
</UL>
<P><STRONG><a name="[27]"></a>Vector90</STRONG> (Thumb, 0 bytes, Stack size 0 bytes, vectors.o(.text))
<BR>[Address Reference Count : 1]<UL><LI> vectors.o(RESET)
</UL>
<P><STRONG><a name="[28]"></a>Vector94</STRONG> (Thumb, 0 bytes, Stack size 0 bytes, vectors.o(.text))
<BR>[Address Reference Count : 1]<UL><LI> vectors.o(RESET)
</UL>
<P><STRONG><a name="[29]"></a>Vector98</STRONG> (Thumb, 0 bytes, Stack size 0 bytes, vectors.o(.text))
<BR>[Address Reference Count : 1]<UL><LI> vectors.o(RESET)
</UL>
<P><STRONG><a name="[2a]"></a>Vector9C</STRONG> (Thumb, 0 bytes, Stack size 0 bytes, vectors.o(.text))
<BR>[Address Reference Count : 1]<UL><LI> vectors.o(RESET)
</UL>
<P><STRONG><a name="[2b]"></a>VectorA0</STRONG> (Thumb, 0 bytes, Stack size 0 bytes, vectors.o(.text))
<BR>[Address Reference Count : 1]<UL><LI> vectors.o(RESET)
</UL>
<P><STRONG><a name="[2e]"></a>VectorAC</STRONG> (Thumb, 0 bytes, Stack size 0 bytes, vectors.o(.text))
<BR>[Address Reference Count : 1]<UL><LI> vectors.o(RESET)
</UL>
<P><STRONG><a name="[2f]"></a>VectorB0</STRONG> (Thumb, 0 bytes, Stack size 0 bytes, vectors.o(.text))
<BR>[Address Reference Count : 1]<UL><LI> vectors.o(RESET)
</UL>
<P><STRONG><a name="[30]"></a>VectorB4</STRONG> (Thumb, 0 bytes, Stack size 0 bytes, vectors.o(.text))
<BR>[Address Reference Count : 1]<UL><LI> vectors.o(RESET)
</UL>
<P><STRONG><a name="[32]"></a>VectorBC</STRONG> (Thumb, 0 bytes, Stack size 0 bytes, vectors.o(.text))
<BR>[Address Reference Count : 1]<UL><LI> vectors.o(RESET)
</UL>
<P><STRONG><a name="[33]"></a>VectorC0</STRONG> (Thumb, 0 bytes, Stack size 0 bytes, vectors.o(.text))
<BR>[Address Reference Count : 1]<UL><LI> vectors.o(RESET)
</UL>
<P><STRONG><a name="[35]"></a>VectorC8</STRONG> (Thumb, 0 bytes, Stack size 0 bytes, vectors.o(.text))
<BR>[Address Reference Count : 1]<UL><LI> vectors.o(RESET)
</UL>
<P><STRONG><a name="[37]"></a>VectorD0</STRONG> (Thumb, 0 bytes, Stack size 0 bytes, vectors.o(.text))
<BR>[Address Reference Count : 1]<UL><LI> vectors.o(RESET)
</UL>
<P><STRONG><a name="[38]"></a>VectorD4</STRONG> (Thumb, 0 bytes, Stack size 0 bytes, vectors.o(.text))
<BR>[Address Reference Count : 1]<UL><LI> vectors.o(RESET)
</UL>
<P><STRONG><a name="[39]"></a>VectorD8</STRONG> (Thumb, 0 bytes, Stack size 0 bytes, vectors.o(.text))
<BR>[Address Reference Count : 1]<UL><LI> vectors.o(RESET)
</UL>
<P><STRONG><a name="[3a]"></a>VectorDC</STRONG> (Thumb, 0 bytes, Stack size 0 bytes, vectors.o(.text))
<BR>[Address Reference Count : 1]<UL><LI> vectors.o(RESET)
</UL>
<P><STRONG><a name="[55]"></a>_unhandled_exception</STRONG> (Thumb, 2 bytes, Stack size 0 bytes, vectors.o(.text), UNUSED)
<BR><BR>[Calls]<UL><LI><a href="#[55]">&gt;&gt;</a>&nbsp;&nbsp;&nbsp;_unhandled_exception
</UL>
<BR>[Called By]<UL><LI><a href="#[55]">&gt;&gt;</a>&nbsp;&nbsp;&nbsp;_unhandled_exception
</UL>

<P><STRONG><a name="[63]"></a>_port_switch</STRONG> (Thumb, 16 bytes, Stack size 0 bytes, chcoreasm_v7m.o(.text))
<BR><BR>[Called By]<UL><LI><a href="#[67]">&gt;&gt;</a>&nbsp;&nbsp;&nbsp;chSchWakeupS
<LI><a href="#[5f]">&gt;&gt;</a>&nbsp;&nbsp;&nbsp;chSchRescheduleS
<LI><a href="#[64]">&gt;&gt;</a>&nbsp;&nbsp;&nbsp;chSchGoSleepTimeoutS
<LI><a href="#[5c]">&gt;&gt;</a>&nbsp;&nbsp;&nbsp;chSchGoSleepS
<LI><a href="#[57]">&gt;&gt;</a>&nbsp;&nbsp;&nbsp;chSchDoReschedule
<LI><a href="#[69]">&gt;&gt;</a>&nbsp;&nbsp;&nbsp;chSchDoRescheduleBehind
<LI><a href="#[68]">&gt;&gt;</a>&nbsp;&nbsp;&nbsp;chSchDoRescheduleAhead
</UL>

<P><STRONG><a name="[3f]"></a>_port_thread_start</STRONG> (Thumb, 18 bytes, Stack size 0 bytes, chcoreasm_v7m.o(.text))
<BR><BR>[Stack]<UL><LI>Max Depth = 8<LI>Call Chain = _port_thread_start &rArr; chThdExit
</UL>
<BR>[Calls]<UL><LI><a href="#[56]">&gt;&gt;</a>&nbsp;&nbsp;&nbsp;chThdExit
</UL>
<BR>[Address Reference Count : 1]<UL><LI> chthreads.o(.text)
</UL>
<P><STRONG><a name="[3c]"></a>_port_switch_from_isr</STRONG> (Thumb, 8 bytes, Stack size 0 bytes, chcoreasm_v7m.o(.text))
<BR><BR>[Calls]<UL><LI><a href="#[57]">&gt;&gt;</a>&nbsp;&nbsp;&nbsp;chSchDoReschedule
</UL>
<BR>[Address Reference Count : 1]<UL><LI> chcore_v7m.o(.text)
</UL>
<P><STRONG><a name="[3d]"></a>_port_exit_from_isr</STRONG> (Thumb, 0 bytes, Stack size unknown bytes, chcoreasm_v7m.o(.text))
<BR>[Address Reference Count : 1]<UL><LI> chcore_v7m.o(.text)
</UL>
<P><STRONG><a name="[e]"></a>SVC_Handler</STRONG> (Thumb, 18 bytes, Stack size 0 bytes, chcore_v7m.o(.text))
<BR>[Address Reference Count : 1]<UL><LI> vectors.o(RESET)
</UL>
<P><STRONG><a name="[7b]"></a>port_init</STRONG> (Thumb, 68 bytes, Stack size 0 bytes, chcore_v7m.o(.text))
<BR><BR>[Called By]<UL><LI><a href="#[74]">&gt;&gt;</a>&nbsp;&nbsp;&nbsp;chSysInit
</UL>

<P><STRONG><a name="[58]"></a>_port_irq_epilogue</STRONG> (Thumb, 60 bytes, Stack size 8 bytes, chcore_v7m.o(.text))
<BR><BR>[Stack]<UL><LI>Max Depth = 8<LI>Call Chain = _port_irq_epilogue
</UL>
<BR>[Calls]<UL><LI><a href="#[59]">&gt;&gt;</a>&nbsp;&nbsp;&nbsp;chSchIsPreemptionRequired
</UL>
<BR>[Called By]<UL><LI><a href="#[31]">&gt;&gt;</a>&nbsp;&nbsp;&nbsp;VectorB8
<LI><a href="#[2c]">&gt;&gt;</a>&nbsp;&nbsp;&nbsp;VectorA4
<LI><a href="#[12]">&gt;&gt;</a>&nbsp;&nbsp;&nbsp;SysTick_Handler
<LI><a href="#[34]">&gt;&gt;</a>&nbsp;&nbsp;&nbsp;VectorC4
<LI><a href="#[23]">&gt;&gt;</a>&nbsp;&nbsp;&nbsp;Vector80
<LI><a href="#[1d]">&gt;&gt;</a>&nbsp;&nbsp;&nbsp;Vector68
<LI><a href="#[1c]">&gt;&gt;</a>&nbsp;&nbsp;&nbsp;Vector64
<LI><a href="#[1b]">&gt;&gt;</a>&nbsp;&nbsp;&nbsp;Vector60
<LI><a href="#[1a]">&gt;&gt;</a>&nbsp;&nbsp;&nbsp;Vector5C
<LI><a href="#[19]">&gt;&gt;</a>&nbsp;&nbsp;&nbsp;Vector58
<LI><a href="#[36]">&gt;&gt;</a>&nbsp;&nbsp;&nbsp;VectorCC
<LI><a href="#[22]">&gt;&gt;</a>&nbsp;&nbsp;&nbsp;Vector7C
<LI><a href="#[21]">&gt;&gt;</a>&nbsp;&nbsp;&nbsp;Vector78
<LI><a href="#[2d]">&gt;&gt;</a>&nbsp;&nbsp;&nbsp;VectorA8
</UL>

<P><STRONG><a name="[97]"></a>chMtxObjectInit</STRONG> (Thumb, 10 bytes, Stack size 0 bytes, chmtx.o(.text))
<BR><BR>[Called By]<UL><LI><a href="#[78]">&gt;&gt;</a>&nbsp;&nbsp;&nbsp;_heap_init
<LI><a href="#[79]">&gt;&gt;</a>&nbsp;&nbsp;&nbsp;_factory_init
<LI><a href="#[c5]">&gt;&gt;</a>&nbsp;&nbsp;&nbsp;chHeapObjectInit
<LI><a href="#[b5]">&gt;&gt;</a>&nbsp;&nbsp;&nbsp;chPipeObjectInit
<LI><a href="#[ea]">&gt;&gt;</a>&nbsp;&nbsp;&nbsp;spiObjectInit
<LI><a href="#[d8]">&gt;&gt;</a>&nbsp;&nbsp;&nbsp;i2cObjectInit
</UL>

<P><STRONG><a name="[5a]"></a>chMtxLockS</STRONG> (Thumb, 206 bytes, Stack size 16 bytes, chmtx.o(.text), UNUSED)
<BR><BR>[Calls]<UL><LI><a href="#[5b]">&gt;&gt;</a>&nbsp;&nbsp;&nbsp;chSchReadyI
<LI><a href="#[5c]">&gt;&gt;</a>&nbsp;&nbsp;&nbsp;chSchGoSleepS
</UL>
<BR>[Called By]<UL><LI><a href="#[5d]">&gt;&gt;</a>&nbsp;&nbsp;&nbsp;chMtxLock
</UL>

<P><STRONG><a name="[5d]"></a>chMtxLock</STRONG> (Thumb, 20 bytes, Stack size 8 bytes, chmtx.o(.text), UNUSED)
<BR><BR>[Calls]<UL><LI><a href="#[5a]">&gt;&gt;</a>&nbsp;&nbsp;&nbsp;chMtxLockS
</UL>
<BR>[Called By]<UL><LI><a href="#[b9]">&gt;&gt;</a>&nbsp;&nbsp;&nbsp;chHeapAllocAligned
<LI><a href="#[87]">&gt;&gt;</a>&nbsp;&nbsp;&nbsp;chHeapFree
<LI><a href="#[cd]">&gt;&gt;</a>&nbsp;&nbsp;&nbsp;chPipeReadTimeout
<LI><a href="#[cb]">&gt;&gt;</a>&nbsp;&nbsp;&nbsp;chPipeWriteTimeout
<LI><a href="#[ca]">&gt;&gt;</a>&nbsp;&nbsp;&nbsp;chPipeReset
<LI><a href="#[c6]">&gt;&gt;</a>&nbsp;&nbsp;&nbsp;chHeapStatus
<LI><a href="#[b7]">&gt;&gt;</a>&nbsp;&nbsp;&nbsp;chFactoryReleasePipe
<LI><a href="#[b6]">&gt;&gt;</a>&nbsp;&nbsp;&nbsp;chFactoryFindPipe
<LI><a href="#[b4]">&gt;&gt;</a>&nbsp;&nbsp;&nbsp;chFactoryCreatePipe
<LI><a href="#[b3]">&gt;&gt;</a>&nbsp;&nbsp;&nbsp;chFactoryReleaseObjectsFIFO
<LI><a href="#[b2]">&gt;&gt;</a>&nbsp;&nbsp;&nbsp;chFactoryFindObjectsFIFO
<LI><a href="#[af]">&gt;&gt;</a>&nbsp;&nbsp;&nbsp;chFactoryCreateObjectsFIFO
<LI><a href="#[ae]">&gt;&gt;</a>&nbsp;&nbsp;&nbsp;chFactoryReleaseMailbox
<LI><a href="#[ad]">&gt;&gt;</a>&nbsp;&nbsp;&nbsp;chFactoryFindMailbox
<LI><a href="#[ab]">&gt;&gt;</a>&nbsp;&nbsp;&nbsp;chFactoryCreateMailbox
<LI><a href="#[aa]">&gt;&gt;</a>&nbsp;&nbsp;&nbsp;chFactoryReleaseSemaphore
<LI><a href="#[a9]">&gt;&gt;</a>&nbsp;&nbsp;&nbsp;chFactoryFindSemaphore
<LI><a href="#[a7]">&gt;&gt;</a>&nbsp;&nbsp;&nbsp;chFactoryCreateSemaphore
<LI><a href="#[a5]">&gt;&gt;</a>&nbsp;&nbsp;&nbsp;chFactoryReleaseBuffer
<LI><a href="#[a4]">&gt;&gt;</a>&nbsp;&nbsp;&nbsp;chFactoryFindBuffer
<LI><a href="#[a1]">&gt;&gt;</a>&nbsp;&nbsp;&nbsp;chFactoryCreateBuffer
<LI><a href="#[a0]">&gt;&gt;</a>&nbsp;&nbsp;&nbsp;chFactoryReleaseObject
<LI><a href="#[9f]">&gt;&gt;</a>&nbsp;&nbsp;&nbsp;chFactoryFindObjectByPointer
<LI><a href="#[9d]">&gt;&gt;</a>&nbsp;&nbsp;&nbsp;chFactoryFindObject
<LI><a href="#[99]">&gt;&gt;</a>&nbsp;&nbsp;&nbsp;chFactoryRegisterObject
<LI><a href="#[fb]">&gt;&gt;</a>&nbsp;&nbsp;&nbsp;spiAcquireBus
<LI><a href="#[e1]">&gt;&gt;</a>&nbsp;&nbsp;&nbsp;i2cAcquireBus
</UL>

<P><STRONG><a name="[178]"></a>chMtxTryLockS</STRONG> (Thumb, 30 bytes, Stack size 0 bytes, chmtx.o(.text), UNUSED)

<P><STRONG><a name="[179]"></a>chMtxTryLock</STRONG> (Thumb, 42 bytes, Stack size 0 bytes, chmtx.o(.text), UNUSED)

<P><STRONG><a name="[5e]"></a>chMtxUnlock</STRONG> (Thumb, 94 bytes, Stack size 8 bytes, chmtx.o(.text), UNUSED)
<BR><BR>[Calls]<UL><LI><a href="#[5f]">&gt;&gt;</a>&nbsp;&nbsp;&nbsp;chSchRescheduleS
<LI><a href="#[5b]">&gt;&gt;</a>&nbsp;&nbsp;&nbsp;chSchReadyI
</UL>
<BR>[Called By]<UL><LI><a href="#[b9]">&gt;&gt;</a>&nbsp;&nbsp;&nbsp;chHeapAllocAligned
<LI><a href="#[87]">&gt;&gt;</a>&nbsp;&nbsp;&nbsp;chHeapFree
<LI><a href="#[cd]">&gt;&gt;</a>&nbsp;&nbsp;&nbsp;chPipeReadTimeout
<LI><a href="#[cb]">&gt;&gt;</a>&nbsp;&nbsp;&nbsp;chPipeWriteTimeout
<LI><a href="#[ca]">&gt;&gt;</a>&nbsp;&nbsp;&nbsp;chPipeReset
<LI><a href="#[c6]">&gt;&gt;</a>&nbsp;&nbsp;&nbsp;chHeapStatus
<LI><a href="#[b7]">&gt;&gt;</a>&nbsp;&nbsp;&nbsp;chFactoryReleasePipe
<LI><a href="#[b6]">&gt;&gt;</a>&nbsp;&nbsp;&nbsp;chFactoryFindPipe
<LI><a href="#[b4]">&gt;&gt;</a>&nbsp;&nbsp;&nbsp;chFactoryCreatePipe
<LI><a href="#[b3]">&gt;&gt;</a>&nbsp;&nbsp;&nbsp;chFactoryReleaseObjectsFIFO
<LI><a href="#[b2]">&gt;&gt;</a>&nbsp;&nbsp;&nbsp;chFactoryFindObjectsFIFO
<LI><a href="#[af]">&gt;&gt;</a>&nbsp;&nbsp;&nbsp;chFactoryCreateObjectsFIFO
<LI><a href="#[ae]">&gt;&gt;</a>&nbsp;&nbsp;&nbsp;chFactoryReleaseMailbox
<LI><a href="#[ad]">&gt;&gt;</a>&nbsp;&nbsp;&nbsp;chFactoryFindMailbox
<LI><a href="#[ab]">&gt;&gt;</a>&nbsp;&nbsp;&nbsp;chFactoryCreateMailbox
<LI><a href="#[aa]">&gt;&gt;</a>&nbsp;&nbsp;&nbsp;chFactoryReleaseSemaphore
<LI><a href="#[a9]">&gt;&gt;</a>&nbsp;&nbsp;&nbsp;chFactoryFindSemaphore
<LI><a href="#[a7]">&gt;&gt;</a>&nbsp;&nbsp;&nbsp;chFactoryCreateSemaphore
<LI><a href="#[a5]">&gt;&gt;</a>&nbsp;&nbsp;&nbsp;chFactoryReleaseBuffer
<LI><a href="#[a4]">&gt;&gt;</a>&nbsp;&nbsp;&nbsp;chFactoryFindBuffer
<LI><a href="#[a1]">&gt;&gt;</a>&nbsp;&nbsp;&nbsp;chFactoryCreateBuffer
<LI><a href="#[a0]">&gt;&gt;</a>&nbsp;&nbsp;&nbsp;chFactoryReleaseObject
<LI><a href="#[9f]">&gt;&gt;</a>&nbsp;&nbsp;&nbsp;chFactoryFindObjectByPointer
<LI><a href="#[9d]">&gt;&gt;</a>&nbsp;&nbsp;&nbsp;chFactoryFindObject
<LI><a href="#[99]">&gt;&gt;</a>&nbsp;&nbsp;&nbsp;chFactoryRegisterObject
<LI><a href="#[fc]">&gt;&gt;</a>&nbsp;&nbsp;&nbsp;spiReleaseBus
<LI><a href="#[e2]">&gt;&gt;</a>&nbsp;&nbsp;&nbsp;i2cReleaseBus
</UL>

<P><STRONG><a name="[60]"></a>chMtxUnlockS</STRONG> (Thumb, 76 bytes, Stack size 0 bytes, chmtx.o(.text), UNUSED)
<BR><BR>[Calls]<UL><LI><a href="#[5b]">&gt;&gt;</a>&nbsp;&nbsp;&nbsp;chSchReadyI
</UL>

<P><STRONG><a name="[61]"></a>chMtxUnlockAllS</STRONG> (Thumb, 68 bytes, Stack size 16 bytes, chmtx.o(.text), UNUSED)
<BR><BR>[Calls]<UL><LI><a href="#[5f]">&gt;&gt;</a>&nbsp;&nbsp;&nbsp;chSchRescheduleS
<LI><a href="#[5b]">&gt;&gt;</a>&nbsp;&nbsp;&nbsp;chSchReadyI
</UL>

<P><STRONG><a name="[62]"></a>chMtxUnlockAll</STRONG> (Thumb, 72 bytes, Stack size 16 bytes, chmtx.o(.text), UNUSED)
<BR><BR>[Calls]<UL><LI><a href="#[5f]">&gt;&gt;</a>&nbsp;&nbsp;&nbsp;chSchRescheduleS
<LI><a href="#[5b]">&gt;&gt;</a>&nbsp;&nbsp;&nbsp;chSchReadyI
</UL>

<P><STRONG><a name="[75]"></a>_scheduler_init</STRONG> (Thumb, 16 bytes, Stack size 0 bytes, chschd.o(.text))
<BR><BR>[Called By]<UL><LI><a href="#[74]">&gt;&gt;</a>&nbsp;&nbsp;&nbsp;chSysInit
</UL>

<P><STRONG><a name="[5b]"></a>chSchReadyI</STRONG> (Thumb, 30 bytes, Stack size 0 bytes, chschd.o(.text))
<BR><BR>[Called By]<UL><LI><a href="#[60]">&gt;&gt;</a>&nbsp;&nbsp;&nbsp;chMtxUnlockS
<LI><a href="#[5a]">&gt;&gt;</a>&nbsp;&nbsp;&nbsp;chMtxLockS
<LI><a href="#[56]">&gt;&gt;</a>&nbsp;&nbsp;&nbsp;chThdExit
<LI><a href="#[96]">&gt;&gt;</a>&nbsp;&nbsp;&nbsp;chThdDequeueAllI
<LI><a href="#[95]">&gt;&gt;</a>&nbsp;&nbsp;&nbsp;chThdDequeueNextI
<LI><a href="#[91]">&gt;&gt;</a>&nbsp;&nbsp;&nbsp;chThdResumeI
<LI><a href="#[88]">&gt;&gt;</a>&nbsp;&nbsp;&nbsp;chThdExitS
<LI><a href="#[82]">&gt;&gt;</a>&nbsp;&nbsp;&nbsp;chThdCreateI
<LI><a href="#[73]">&gt;&gt;</a>&nbsp;&nbsp;&nbsp;chSemSignalWait
<LI><a href="#[72]">&gt;&gt;</a>&nbsp;&nbsp;&nbsp;chSemAddCounterI
<LI><a href="#[71]">&gt;&gt;</a>&nbsp;&nbsp;&nbsp;chSemSignalI
<LI><a href="#[6b]">&gt;&gt;</a>&nbsp;&nbsp;&nbsp;chSemResetWithMessage
<LI><a href="#[6a]">&gt;&gt;</a>&nbsp;&nbsp;&nbsp;chSemResetWithMessageI
<LI><a href="#[62]">&gt;&gt;</a>&nbsp;&nbsp;&nbsp;chMtxUnlockAll
<LI><a href="#[61]">&gt;&gt;</a>&nbsp;&nbsp;&nbsp;chMtxUnlockAllS
<LI><a href="#[5e]">&gt;&gt;</a>&nbsp;&nbsp;&nbsp;chMtxUnlock
</UL>

<P><STRONG><a name="[17a]"></a>chSchReadyAheadI</STRONG> (Thumb, 30 bytes, Stack size 0 bytes, chschd.o(.text), UNUSED)

<P><STRONG><a name="[5c]"></a>chSchGoSleepS</STRONG> (Thumb, 40 bytes, Stack size 0 bytes, chschd.o(.text))
<BR><BR>[Calls]<UL><LI><a href="#[63]">&gt;&gt;</a>&nbsp;&nbsp;&nbsp;_port_switch
</UL>
<BR>[Called By]<UL><LI><a href="#[5a]">&gt;&gt;</a>&nbsp;&nbsp;&nbsp;chMtxLockS
<LI><a href="#[56]">&gt;&gt;</a>&nbsp;&nbsp;&nbsp;chThdExit
<LI><a href="#[8f]">&gt;&gt;</a>&nbsp;&nbsp;&nbsp;chThdSuspendS
<LI><a href="#[89]">&gt;&gt;</a>&nbsp;&nbsp;&nbsp;chThdWait
<LI><a href="#[88]">&gt;&gt;</a>&nbsp;&nbsp;&nbsp;chThdExitS
<LI><a href="#[73]">&gt;&gt;</a>&nbsp;&nbsp;&nbsp;chSemSignalWait
<LI><a href="#[6d]">&gt;&gt;</a>&nbsp;&nbsp;&nbsp;chSemWait
<LI><a href="#[6c]">&gt;&gt;</a>&nbsp;&nbsp;&nbsp;chSemWaitS
</UL>

<P><STRONG><a name="[64]"></a>chSchGoSleepTimeoutS</STRONG> (Thumb, 112 bytes, Stack size 40 bytes, chschd.o(.text))
<BR><BR>[Stack]<UL><LI>Max Depth = 40<LI>Call Chain = chSchGoSleepTimeoutS
</UL>
<BR>[Calls]<UL><LI><a href="#[63]">&gt;&gt;</a>&nbsp;&nbsp;&nbsp;_port_switch
<LI><a href="#[65]">&gt;&gt;</a>&nbsp;&nbsp;&nbsp;chVTDoSetI
<LI><a href="#[66]">&gt;&gt;</a>&nbsp;&nbsp;&nbsp;chVTDoResetI
</UL>
<BR>[Called By]<UL><LI><a href="#[94]">&gt;&gt;</a>&nbsp;&nbsp;&nbsp;chThdEnqueueTimeoutS
<LI><a href="#[90]">&gt;&gt;</a>&nbsp;&nbsp;&nbsp;chThdSuspendTimeoutS
<LI><a href="#[8d]">&gt;&gt;</a>&nbsp;&nbsp;&nbsp;chThdSleepUntilWindowed
<LI><a href="#[8c]">&gt;&gt;</a>&nbsp;&nbsp;&nbsp;chThdSleepUntil
<LI><a href="#[8b]">&gt;&gt;</a>&nbsp;&nbsp;&nbsp;chThdSleep
<LI><a href="#[6f]">&gt;&gt;</a>&nbsp;&nbsp;&nbsp;chSemWaitTimeout
<LI><a href="#[6e]">&gt;&gt;</a>&nbsp;&nbsp;&nbsp;chSemWaitTimeoutS
</UL>

<P><STRONG><a name="[67]"></a>chSchWakeupS</STRONG> (Thumb, 94 bytes, Stack size 8 bytes, chschd.o(.text))
<BR><BR>[Stack]<UL><LI>Max Depth = 8<LI>Call Chain = chSchWakeupS
</UL>
<BR>[Calls]<UL><LI><a href="#[63]">&gt;&gt;</a>&nbsp;&nbsp;&nbsp;_port_switch
</UL>
<BR>[Called By]<UL><LI><a href="#[93]">&gt;&gt;</a>&nbsp;&nbsp;&nbsp;chThdResume
<LI><a href="#[92]">&gt;&gt;</a>&nbsp;&nbsp;&nbsp;chThdResumeS
<LI><a href="#[84]">&gt;&gt;</a>&nbsp;&nbsp;&nbsp;chThdStart
<LI><a href="#[83]">&gt;&gt;</a>&nbsp;&nbsp;&nbsp;chThdCreateStatic
<LI><a href="#[7c]">&gt;&gt;</a>&nbsp;&nbsp;&nbsp;chThdCreate
<LI><a href="#[70]">&gt;&gt;</a>&nbsp;&nbsp;&nbsp;chSemSignal
</UL>

<P><STRONG><a name="[68]"></a>chSchDoRescheduleAhead</STRONG> (Thumb, 64 bytes, Stack size 0 bytes, chschd.o(.text), UNUSED)
<BR><BR>[Calls]<UL><LI><a href="#[63]">&gt;&gt;</a>&nbsp;&nbsp;&nbsp;_port_switch
</UL>

<P><STRONG><a name="[5f]"></a>chSchRescheduleS</STRONG> (Thumb, 76 bytes, Stack size 0 bytes, chschd.o(.text), UNUSED)
<BR><BR>[Calls]<UL><LI><a href="#[63]">&gt;&gt;</a>&nbsp;&nbsp;&nbsp;_port_switch
</UL>
<BR>[Called By]<UL><LI><a href="#[8a]">&gt;&gt;</a>&nbsp;&nbsp;&nbsp;chThdSetPriority
<LI><a href="#[7f]">&gt;&gt;</a>&nbsp;&nbsp;&nbsp;chSysRestoreStatusX
<LI><a href="#[73]">&gt;&gt;</a>&nbsp;&nbsp;&nbsp;chSemSignalWait
<LI><a href="#[6b]">&gt;&gt;</a>&nbsp;&nbsp;&nbsp;chSemResetWithMessage
<LI><a href="#[62]">&gt;&gt;</a>&nbsp;&nbsp;&nbsp;chMtxUnlockAll
<LI><a href="#[61]">&gt;&gt;</a>&nbsp;&nbsp;&nbsp;chMtxUnlockAllS
<LI><a href="#[5e]">&gt;&gt;</a>&nbsp;&nbsp;&nbsp;chMtxUnlock
<LI><a href="#[ca]">&gt;&gt;</a>&nbsp;&nbsp;&nbsp;chPipeReset
<LI><a href="#[c7]">&gt;&gt;</a>&nbsp;&nbsp;&nbsp;chGuardedPoolFree
<LI><a href="#[c3]">&gt;&gt;</a>&nbsp;&nbsp;&nbsp;chMBFetchTimeout
<LI><a href="#[c2]">&gt;&gt;</a>&nbsp;&nbsp;&nbsp;chMBFetchTimeoutS
<LI><a href="#[bf]">&gt;&gt;</a>&nbsp;&nbsp;&nbsp;chMBPostAheadTimeoutS
<LI><a href="#[bc]">&gt;&gt;</a>&nbsp;&nbsp;&nbsp;chMBPostTimeoutS
<LI><a href="#[bb]">&gt;&gt;</a>&nbsp;&nbsp;&nbsp;chMBReset
<LI><a href="#[b1]">&gt;&gt;</a>&nbsp;&nbsp;&nbsp;chGuardedPoolLoadArray
<LI><a href="#[114]">&gt;&gt;</a>&nbsp;&nbsp;&nbsp;usbStop
</UL>

<P><STRONG><a name="[59]"></a>chSchIsPreemptionRequired</STRONG> (Thumb, 20 bytes, Stack size 0 bytes, chschd.o(.text))
<BR><BR>[Called By]<UL><LI><a href="#[58]">&gt;&gt;</a>&nbsp;&nbsp;&nbsp;_port_irq_epilogue
</UL>

<P><STRONG><a name="[69]"></a>chSchDoRescheduleBehind</STRONG> (Thumb, 64 bytes, Stack size 0 bytes, chschd.o(.text), UNUSED)
<BR><BR>[Calls]<UL><LI><a href="#[63]">&gt;&gt;</a>&nbsp;&nbsp;&nbsp;_port_switch
</UL>
<BR>[Called By]<UL><LI><a href="#[8e]">&gt;&gt;</a>&nbsp;&nbsp;&nbsp;chThdYield
</UL>

<P><STRONG><a name="[57]"></a>chSchDoReschedule</STRONG> (Thumb, 64 bytes, Stack size 0 bytes, chschd.o(.text))
<BR><BR>[Calls]<UL><LI><a href="#[63]">&gt;&gt;</a>&nbsp;&nbsp;&nbsp;_port_switch
</UL>
<BR>[Called By]<UL><LI><a href="#[3c]">&gt;&gt;</a>&nbsp;&nbsp;&nbsp;_port_switch_from_isr
</UL>

<P><STRONG><a name="[a8]"></a>chSemObjectInit</STRONG> (Thumb, 8 bytes, Stack size 0 bytes, chsem.o(.text), UNUSED)
<BR><BR>[Called By]<UL><LI><a href="#[b0]">&gt;&gt;</a>&nbsp;&nbsp;&nbsp;chGuardedPoolObjectInitAligned
<LI><a href="#[a7]">&gt;&gt;</a>&nbsp;&nbsp;&nbsp;chFactoryCreateSemaphore
</UL>

<P><STRONG><a name="[6a]"></a>chSemResetWithMessageI</STRONG> (Thumb, 38 bytes, Stack size 16 bytes, chsem.o(.text), UNUSED)
<BR><BR>[Calls]<UL><LI><a href="#[5b]">&gt;&gt;</a>&nbsp;&nbsp;&nbsp;chSchReadyI
</UL>

<P><STRONG><a name="[6b]"></a>chSemResetWithMessage</STRONG> (Thumb, 52 bytes, Stack size 16 bytes, chsem.o(.text), UNUSED)
<BR><BR>[Calls]<UL><LI><a href="#[5f]">&gt;&gt;</a>&nbsp;&nbsp;&nbsp;chSchRescheduleS
<LI><a href="#[5b]">&gt;&gt;</a>&nbsp;&nbsp;&nbsp;chSchReadyI
</UL>

<P><STRONG><a name="[6c]"></a>chSemWaitS</STRONG> (Thumb, 44 bytes, Stack size 8 bytes, chsem.o(.text), UNUSED)
<BR><BR>[Calls]<UL><LI><a href="#[5c]">&gt;&gt;</a>&nbsp;&nbsp;&nbsp;chSchGoSleepS
</UL>

<P><STRONG><a name="[6d]"></a>chSemWait</STRONG> (Thumb, 56 bytes, Stack size 8 bytes, chsem.o(.text), UNUSED)
<BR><BR>[Calls]<UL><LI><a href="#[5c]">&gt;&gt;</a>&nbsp;&nbsp;&nbsp;chSchGoSleepS
</UL>

<P><STRONG><a name="[6e]"></a>chSemWaitTimeoutS</STRONG> (Thumb, 48 bytes, Stack size 0 bytes, chsem.o(.text), UNUSED)
<BR><BR>[Calls]<UL><LI><a href="#[64]">&gt;&gt;</a>&nbsp;&nbsp;&nbsp;chSchGoSleepTimeoutS
</UL>
<BR>[Called By]<UL><LI><a href="#[c9]">&gt;&gt;</a>&nbsp;&nbsp;&nbsp;chGuardedPoolAllocTimeout
<LI><a href="#[c8]">&gt;&gt;</a>&nbsp;&nbsp;&nbsp;chGuardedPoolAllocTimeoutS
</UL>

<P><STRONG><a name="[6f]"></a>chSemWaitTimeout</STRONG> (Thumb, 64 bytes, Stack size 8 bytes, chsem.o(.text), UNUSED)
<BR><BR>[Calls]<UL><LI><a href="#[64]">&gt;&gt;</a>&nbsp;&nbsp;&nbsp;chSchGoSleepTimeoutS
</UL>

<P><STRONG><a name="[70]"></a>chSemSignal</STRONG> (Thumb, 42 bytes, Stack size 8 bytes, chsem.o(.text), UNUSED)
<BR><BR>[Calls]<UL><LI><a href="#[67]">&gt;&gt;</a>&nbsp;&nbsp;&nbsp;chSchWakeupS
</UL>

<P><STRONG><a name="[71]"></a>chSemSignalI</STRONG> (Thumb, 30 bytes, Stack size 0 bytes, chsem.o(.text), UNUSED)
<BR><BR>[Calls]<UL><LI><a href="#[5b]">&gt;&gt;</a>&nbsp;&nbsp;&nbsp;chSchReadyI
</UL>
<BR>[Called By]<UL><LI><a href="#[c7]">&gt;&gt;</a>&nbsp;&nbsp;&nbsp;chGuardedPoolFree
<LI><a href="#[b1]">&gt;&gt;</a>&nbsp;&nbsp;&nbsp;chGuardedPoolLoadArray
</UL>

<P><STRONG><a name="[72]"></a>chSemAddCounterI</STRONG> (Thumb, 46 bytes, Stack size 16 bytes, chsem.o(.text), UNUSED)
<BR><BR>[Calls]<UL><LI><a href="#[5b]">&gt;&gt;</a>&nbsp;&nbsp;&nbsp;chSchReadyI
</UL>

<P><STRONG><a name="[73]"></a>chSemSignalWait</STRONG> (Thumb, 84 bytes, Stack size 16 bytes, chsem.o(.text), UNUSED)
<BR><BR>[Calls]<UL><LI><a href="#[5f]">&gt;&gt;</a>&nbsp;&nbsp;&nbsp;chSchRescheduleS
<LI><a href="#[5b]">&gt;&gt;</a>&nbsp;&nbsp;&nbsp;chSchReadyI
<LI><a href="#[5c]">&gt;&gt;</a>&nbsp;&nbsp;&nbsp;chSchGoSleepS
</UL>

<P><STRONG><a name="[74]"></a>chSysInit</STRONG> (Thumb, 70 bytes, Stack size 16 bytes, chsys.o(.text))
<BR><BR>[Stack]<UL><LI>Max Depth = 32<LI>Call Chain = chSysInit &rArr; chThdCreate &rArr; chSchWakeupS
</UL>
<BR>[Calls]<UL><LI><a href="#[7b]">&gt;&gt;</a>&nbsp;&nbsp;&nbsp;port_init
<LI><a href="#[7c]">&gt;&gt;</a>&nbsp;&nbsp;&nbsp;chThdCreate
<LI><a href="#[76]">&gt;&gt;</a>&nbsp;&nbsp;&nbsp;_vt_init
<LI><a href="#[7a]">&gt;&gt;</a>&nbsp;&nbsp;&nbsp;_thread_init
<LI><a href="#[78]">&gt;&gt;</a>&nbsp;&nbsp;&nbsp;_heap_init
<LI><a href="#[79]">&gt;&gt;</a>&nbsp;&nbsp;&nbsp;_factory_init
<LI><a href="#[77]">&gt;&gt;</a>&nbsp;&nbsp;&nbsp;_core_init
<LI><a href="#[75]">&gt;&gt;</a>&nbsp;&nbsp;&nbsp;_scheduler_init
</UL>
<BR>[Called By]<UL><LI><a href="#[4e]">&gt;&gt;</a>&nbsp;&nbsp;&nbsp;main
</UL>

<P><STRONG><a name="[17b]"></a>chSysHalt</STRONG> (Thumb, 8 bytes, Stack size 0 bytes, chsys.o(.text), UNUSED)

<P><STRONG><a name="[17c]"></a>chSysIntegrityCheckI</STRONG> (Thumb, 140 bytes, Stack size 0 bytes, chsys.o(.text), UNUSED)

<P><STRONG><a name="[7d]"></a>chSysTimerHandlerI</STRONG> (Thumb, 4 bytes, Stack size 0 bytes, chsys.o(.text))
<BR><BR>[Stack]<UL><LI>Max Depth = 16<LI>Call Chain = chSysTimerHandlerI &rArr; chVTDoTickI
</UL>
<BR>[Calls]<UL><LI><a href="#[7e]">&gt;&gt;</a>&nbsp;&nbsp;&nbsp;chVTDoTickI
</UL>
<BR>[Called By]<UL><LI><a href="#[12]">&gt;&gt;</a>&nbsp;&nbsp;&nbsp;SysTick_Handler
<LI><a href="#[134]">&gt;&gt;</a>&nbsp;&nbsp;&nbsp;st_lld_serve_interrupt
</UL>

<P><STRONG><a name="[17d]"></a>chSysGetStatusAndLockX</STRONG> (Thumb, 32 bytes, Stack size 0 bytes, chsys.o(.text), UNUSED)

<P><STRONG><a name="[7f]"></a>chSysRestoreStatusX</STRONG> (Thumb, 42 bytes, Stack size 8 bytes, chsys.o(.text), UNUSED)
<BR><BR>[Calls]<UL><LI><a href="#[5f]">&gt;&gt;</a>&nbsp;&nbsp;&nbsp;chSchRescheduleS
</UL>

<P><STRONG><a name="[17e]"></a>chSysIsCounterWithinX</STRONG> (Thumb, 14 bytes, Stack size 0 bytes, chsys.o(.text), UNUSED)

<P><STRONG><a name="[17f]"></a>chSysPolledDelayX</STRONG> (Thumb, 18 bytes, Stack size 0 bytes, chsys.o(.text), UNUSED)

<P><STRONG><a name="[7a]"></a>_thread_init</STRONG> (Thumb, 54 bytes, Stack size 0 bytes, chthreads.o(.text))
<BR><BR>[Called By]<UL><LI><a href="#[80]">&gt;&gt;</a>&nbsp;&nbsp;&nbsp;chThdCreateSuspendedI
<LI><a href="#[83]">&gt;&gt;</a>&nbsp;&nbsp;&nbsp;chThdCreateStatic
<LI><a href="#[74]">&gt;&gt;</a>&nbsp;&nbsp;&nbsp;chSysInit
</UL>

<P><STRONG><a name="[80]"></a>chThdCreateSuspendedI</STRONG> (Thumb, 40 bytes, Stack size 0 bytes, chthreads.o(.text))
<BR><BR>[Calls]<UL><LI><a href="#[7a]">&gt;&gt;</a>&nbsp;&nbsp;&nbsp;_thread_init
</UL>
<BR>[Called By]<UL><LI><a href="#[82]">&gt;&gt;</a>&nbsp;&nbsp;&nbsp;chThdCreateI
<LI><a href="#[81]">&gt;&gt;</a>&nbsp;&nbsp;&nbsp;chThdCreateSuspended
<LI><a href="#[7c]">&gt;&gt;</a>&nbsp;&nbsp;&nbsp;chThdCreate
</UL>

<P><STRONG><a name="[81]"></a>chThdCreateSuspended</STRONG> (Thumb, 20 bytes, Stack size 4 bytes, chthreads.o(.text), UNUSED)
<BR><BR>[Calls]<UL><LI><a href="#[80]">&gt;&gt;</a>&nbsp;&nbsp;&nbsp;chThdCreateSuspendedI
</UL>

<P><STRONG><a name="[82]"></a>chThdCreateI</STRONG> (Thumb, 14 bytes, Stack size 8 bytes, chthreads.o(.text), UNUSED)
<BR><BR>[Calls]<UL><LI><a href="#[80]">&gt;&gt;</a>&nbsp;&nbsp;&nbsp;chThdCreateSuspendedI
<LI><a href="#[5b]">&gt;&gt;</a>&nbsp;&nbsp;&nbsp;chSchReadyI
</UL>

<P><STRONG><a name="[7c]"></a>chThdCreate</STRONG> (Thumb, 30 bytes, Stack size 8 bytes, chthreads.o(.text))
<BR><BR>[Stack]<UL><LI>Max Depth = 16<LI>Call Chain = chThdCreate &rArr; chSchWakeupS
</UL>
<BR>[Calls]<UL><LI><a href="#[80]">&gt;&gt;</a>&nbsp;&nbsp;&nbsp;chThdCreateSuspendedI
<LI><a href="#[67]">&gt;&gt;</a>&nbsp;&nbsp;&nbsp;chSchWakeupS
</UL>
<BR>[Called By]<UL><LI><a href="#[74]">&gt;&gt;</a>&nbsp;&nbsp;&nbsp;chSysInit
</UL>

<P><STRONG><a name="[83]"></a>chThdCreateStatic</STRONG> (Thumb, 66 bytes, Stack size 8 bytes, chthreads.o(.text))
<BR><BR>[Stack]<UL><LI>Max Depth = 16<LI>Call Chain = chThdCreateStatic &rArr; chSchWakeupS
</UL>
<BR>[Calls]<UL><LI><a href="#[67]">&gt;&gt;</a>&nbsp;&nbsp;&nbsp;chSchWakeupS
<LI><a href="#[7a]">&gt;&gt;</a>&nbsp;&nbsp;&nbsp;_thread_init
</UL>
<BR>[Called By]<UL><LI><a href="#[4e]">&gt;&gt;</a>&nbsp;&nbsp;&nbsp;main
</UL>

<P><STRONG><a name="[84]"></a>chThdStart</STRONG> (Thumb, 26 bytes, Stack size 8 bytes, chthreads.o(.text), UNUSED)
<BR><BR>[Calls]<UL><LI><a href="#[67]">&gt;&gt;</a>&nbsp;&nbsp;&nbsp;chSchWakeupS
</UL>

<P><STRONG><a name="[180]"></a>chThdAddRef</STRONG> (Thumb, 24 bytes, Stack size 0 bytes, chthreads.o(.text), UNUSED)

<P><STRONG><a name="[85]"></a>chThdRelease</STRONG> (Thumb, 86 bytes, Stack size 0 bytes, chthreads.o(.text), UNUSED)
<BR><BR>[Calls]<UL><LI><a href="#[86]">&gt;&gt;</a>&nbsp;&nbsp;&nbsp;chPoolFree
<LI><a href="#[87]">&gt;&gt;</a>&nbsp;&nbsp;&nbsp;chHeapFree
</UL>
<BR>[Called By]<UL><LI><a href="#[89]">&gt;&gt;</a>&nbsp;&nbsp;&nbsp;chThdWait
</UL>

<P><STRONG><a name="[88]"></a>chThdExitS</STRONG> (Thumb, 80 bytes, Stack size 8 bytes, chthreads.o(.text), UNUSED)
<BR><BR>[Calls]<UL><LI><a href="#[5b]">&gt;&gt;</a>&nbsp;&nbsp;&nbsp;chSchReadyI
<LI><a href="#[5c]">&gt;&gt;</a>&nbsp;&nbsp;&nbsp;chSchGoSleepS
</UL>

<P><STRONG><a name="[56]"></a>chThdExit</STRONG> (Thumb, 86 bytes, Stack size 8 bytes, chthreads.o(.text))
<BR><BR>[Stack]<UL><LI>Max Depth = 8<LI>Call Chain = chThdExit
</UL>
<BR>[Calls]<UL><LI><a href="#[5b]">&gt;&gt;</a>&nbsp;&nbsp;&nbsp;chSchReadyI
<LI><a href="#[5c]">&gt;&gt;</a>&nbsp;&nbsp;&nbsp;chSchGoSleepS
</UL>
<BR>[Called By]<UL><LI><a href="#[3f]">&gt;&gt;</a>&nbsp;&nbsp;&nbsp;_port_thread_start
</UL>

<P><STRONG><a name="[89]"></a>chThdWait</STRONG> (Thumb, 52 bytes, Stack size 16 bytes, chthreads.o(.text), UNUSED)
<BR><BR>[Calls]<UL><LI><a href="#[5c]">&gt;&gt;</a>&nbsp;&nbsp;&nbsp;chSchGoSleepS
<LI><a href="#[85]">&gt;&gt;</a>&nbsp;&nbsp;&nbsp;chThdRelease
</UL>

<P><STRONG><a name="[8a]"></a>chThdSetPriority</STRONG> (Thumb, 44 bytes, Stack size 8 bytes, chthreads.o(.text), UNUSED)
<BR><BR>[Calls]<UL><LI><a href="#[5f]">&gt;&gt;</a>&nbsp;&nbsp;&nbsp;chSchRescheduleS
</UL>

<P><STRONG><a name="[181]"></a>chThdTerminate</STRONG> (Thumb, 26 bytes, Stack size 0 bytes, chthreads.o(.text), UNUSED)

<P><STRONG><a name="[8b]"></a>chThdSleep</STRONG> (Thumb, 24 bytes, Stack size 8 bytes, chthreads.o(.text))
<BR><BR>[Stack]<UL><LI>Max Depth = 48<LI>Call Chain = chThdSleep &rArr; chSchGoSleepTimeoutS
</UL>
<BR>[Calls]<UL><LI><a href="#[64]">&gt;&gt;</a>&nbsp;&nbsp;&nbsp;chSchGoSleepTimeoutS
</UL>
<BR>[Called By]<UL><LI><a href="#[122]">&gt;&gt;</a>&nbsp;&nbsp;&nbsp;usbWakeupHost
<LI><a href="#[42]">&gt;&gt;</a>&nbsp;&nbsp;&nbsp;Thread1
</UL>

<P><STRONG><a name="[8c]"></a>chThdSleepUntil</STRONG> (Thumb, 30 bytes, Stack size 8 bytes, chthreads.o(.text), UNUSED)
<BR><BR>[Calls]<UL><LI><a href="#[64]">&gt;&gt;</a>&nbsp;&nbsp;&nbsp;chSchGoSleepTimeoutS
</UL>

<P><STRONG><a name="[8d]"></a>chThdSleepUntilWindowed</STRONG> (Thumb, 42 bytes, Stack size 8 bytes, chthreads.o(.text), UNUSED)
<BR><BR>[Calls]<UL><LI><a href="#[64]">&gt;&gt;</a>&nbsp;&nbsp;&nbsp;chSchGoSleepTimeoutS
</UL>

<P><STRONG><a name="[8e]"></a>chThdYield</STRONG> (Thumb, 34 bytes, Stack size 8 bytes, chthreads.o(.text), UNUSED)
<BR><BR>[Calls]<UL><LI><a href="#[69]">&gt;&gt;</a>&nbsp;&nbsp;&nbsp;chSchDoRescheduleBehind
</UL>

<P><STRONG><a name="[8f]"></a>chThdSuspendS</STRONG> (Thumb, 22 bytes, Stack size 8 bytes, chthreads.o(.text), UNUSED)
<BR><BR>[Calls]<UL><LI><a href="#[5c]">&gt;&gt;</a>&nbsp;&nbsp;&nbsp;chSchGoSleepS
</UL>

<P><STRONG><a name="[90]"></a>chThdSuspendTimeoutS</STRONG> (Thumb, 24 bytes, Stack size 0 bytes, chthreads.o(.text))
<BR><BR>[Stack]<UL><LI>Max Depth = 40<LI>Call Chain = chThdSuspendTimeoutS &rArr; chSchGoSleepTimeoutS
</UL>
<BR>[Calls]<UL><LI><a href="#[64]">&gt;&gt;</a>&nbsp;&nbsp;&nbsp;chSchGoSleepTimeoutS
</UL>
<BR>[Called By]<UL><LI><a href="#[cd]">&gt;&gt;</a>&nbsp;&nbsp;&nbsp;chPipeReadTimeout
<LI><a href="#[cb]">&gt;&gt;</a>&nbsp;&nbsp;&nbsp;chPipeWriteTimeout
<LI><a href="#[fa]">&gt;&gt;</a>&nbsp;&nbsp;&nbsp;spiReceive
<LI><a href="#[f9]">&gt;&gt;</a>&nbsp;&nbsp;&nbsp;spiSend
<LI><a href="#[f8]">&gt;&gt;</a>&nbsp;&nbsp;&nbsp;spiExchange
<LI><a href="#[f7]">&gt;&gt;</a>&nbsp;&nbsp;&nbsp;spiIgnore
<LI><a href="#[de]">&gt;&gt;</a>&nbsp;&nbsp;&nbsp;i2c_lld_master_transmit_timeout
<LI><a href="#[e0]">&gt;&gt;</a>&nbsp;&nbsp;&nbsp;i2c_lld_master_receive_timeout
<LI><a href="#[11d]">&gt;&gt;</a>&nbsp;&nbsp;&nbsp;usbTransmit
<LI><a href="#[11c]">&gt;&gt;</a>&nbsp;&nbsp;&nbsp;usbReceive
</UL>

<P><STRONG><a name="[91]"></a>chThdResumeI</STRONG> (Thumb, 20 bytes, Stack size 0 bytes, chthreads.o(.text))
<BR><BR>[Calls]<UL><LI><a href="#[5b]">&gt;&gt;</a>&nbsp;&nbsp;&nbsp;chSchReadyI
</UL>
<BR>[Called By]<UL><LI><a href="#[ca]">&gt;&gt;</a>&nbsp;&nbsp;&nbsp;chPipeReset
<LI><a href="#[2c]">&gt;&gt;</a>&nbsp;&nbsp;&nbsp;VectorA4
<LI><a href="#[125]">&gt;&gt;</a>&nbsp;&nbsp;&nbsp;_usb_suspend
<LI><a href="#[123]">&gt;&gt;</a>&nbsp;&nbsp;&nbsp;_usb_reset
<LI><a href="#[114]">&gt;&gt;</a>&nbsp;&nbsp;&nbsp;usbStop
<LI><a href="#[10f]">&gt;&gt;</a>&nbsp;&nbsp;&nbsp;usbDisableEndpointsI
<LI><a href="#[140]">&gt;&gt;</a>&nbsp;&nbsp;&nbsp;usb_serve_Endpoints
<LI><a href="#[13e]">&gt;&gt;</a>&nbsp;&nbsp;&nbsp;usb_serve_EPout_handler
<LI><a href="#[13d]">&gt;&gt;</a>&nbsp;&nbsp;&nbsp;usb_serve_EPin_handler
<LI><a href="#[2d]">&gt;&gt;</a>&nbsp;&nbsp;&nbsp;VectorA8
</UL>

<P><STRONG><a name="[92]"></a>chThdResumeS</STRONG> (Thumb, 18 bytes, Stack size 0 bytes, chthreads.o(.text), UNUSED)
<BR><BR>[Calls]<UL><LI><a href="#[67]">&gt;&gt;</a>&nbsp;&nbsp;&nbsp;chSchWakeupS
</UL>

<P><STRONG><a name="[93]"></a>chThdResume</STRONG> (Thumb, 30 bytes, Stack size 8 bytes, chthreads.o(.text), UNUSED)
<BR><BR>[Calls]<UL><LI><a href="#[67]">&gt;&gt;</a>&nbsp;&nbsp;&nbsp;chSchWakeupS
</UL>
<BR>[Called By]<UL><LI><a href="#[cd]">&gt;&gt;</a>&nbsp;&nbsp;&nbsp;chPipeReadTimeout
<LI><a href="#[cb]">&gt;&gt;</a>&nbsp;&nbsp;&nbsp;chPipeWriteTimeout
</UL>

<P><STRONG><a name="[94]"></a>chThdEnqueueTimeoutS</STRONG> (Thumb, 30 bytes, Stack size 0 bytes, chthreads.o(.text))
<BR><BR>[Stack]<UL><LI>Max Depth = 40<LI>Call Chain = chThdEnqueueTimeoutS &rArr; chSchGoSleepTimeoutS
</UL>
<BR>[Calls]<UL><LI><a href="#[64]">&gt;&gt;</a>&nbsp;&nbsp;&nbsp;chSchGoSleepTimeoutS
</UL>
<BR>[Called By]<UL><LI><a href="#[c3]">&gt;&gt;</a>&nbsp;&nbsp;&nbsp;chMBFetchTimeout
<LI><a href="#[c2]">&gt;&gt;</a>&nbsp;&nbsp;&nbsp;chMBFetchTimeoutS
<LI><a href="#[bf]">&gt;&gt;</a>&nbsp;&nbsp;&nbsp;chMBPostAheadTimeoutS
<LI><a href="#[bc]">&gt;&gt;</a>&nbsp;&nbsp;&nbsp;chMBPostTimeoutS
<LI><a href="#[e8]">&gt;&gt;</a>&nbsp;&nbsp;&nbsp;palWaitLineTimeout
<LI><a href="#[e7]">&gt;&gt;</a>&nbsp;&nbsp;&nbsp;palWaitLineTimeoutS
<LI><a href="#[e6]">&gt;&gt;</a>&nbsp;&nbsp;&nbsp;palWaitPadTimeout
<LI><a href="#[e5]">&gt;&gt;</a>&nbsp;&nbsp;&nbsp;palWaitPadTimeoutS
</UL>

<P><STRONG><a name="[95]"></a>chThdDequeueNextI</STRONG> (Thumb, 28 bytes, Stack size 0 bytes, chthreads.o(.text), UNUSED)
<BR><BR>[Calls]<UL><LI><a href="#[5b]">&gt;&gt;</a>&nbsp;&nbsp;&nbsp;chSchReadyI
</UL>
<BR>[Called By]<UL><LI><a href="#[c4]">&gt;&gt;</a>&nbsp;&nbsp;&nbsp;chMBFetchI
<LI><a href="#[c3]">&gt;&gt;</a>&nbsp;&nbsp;&nbsp;chMBFetchTimeout
<LI><a href="#[c2]">&gt;&gt;</a>&nbsp;&nbsp;&nbsp;chMBFetchTimeoutS
<LI><a href="#[c1]">&gt;&gt;</a>&nbsp;&nbsp;&nbsp;chMBPostAheadI
<LI><a href="#[bf]">&gt;&gt;</a>&nbsp;&nbsp;&nbsp;chMBPostAheadTimeoutS
<LI><a href="#[be]">&gt;&gt;</a>&nbsp;&nbsp;&nbsp;chMBPostI
<LI><a href="#[bc]">&gt;&gt;</a>&nbsp;&nbsp;&nbsp;chMBPostTimeoutS
</UL>

<P><STRONG><a name="[96]"></a>chThdDequeueAllI</STRONG> (Thumb, 36 bytes, Stack size 16 bytes, chthreads.o(.text))
<BR><BR>[Stack]<UL><LI>Max Depth = 16<LI>Call Chain = chThdDequeueAllI
</UL>
<BR>[Calls]<UL><LI><a href="#[5b]">&gt;&gt;</a>&nbsp;&nbsp;&nbsp;chSchReadyI
</UL>
<BR>[Called By]<UL><LI><a href="#[bb]">&gt;&gt;</a>&nbsp;&nbsp;&nbsp;chMBReset
<LI><a href="#[ba]">&gt;&gt;</a>&nbsp;&nbsp;&nbsp;chMBResetI
<LI><a href="#[34]">&gt;&gt;</a>&nbsp;&nbsp;&nbsp;VectorC4
<LI><a href="#[23]">&gt;&gt;</a>&nbsp;&nbsp;&nbsp;Vector80
<LI><a href="#[1d]">&gt;&gt;</a>&nbsp;&nbsp;&nbsp;Vector68
<LI><a href="#[1c]">&gt;&gt;</a>&nbsp;&nbsp;&nbsp;Vector64
<LI><a href="#[1b]">&gt;&gt;</a>&nbsp;&nbsp;&nbsp;Vector60
<LI><a href="#[1a]">&gt;&gt;</a>&nbsp;&nbsp;&nbsp;Vector5C
<LI><a href="#[19]">&gt;&gt;</a>&nbsp;&nbsp;&nbsp;Vector58
<LI><a href="#[12f]">&gt;&gt;</a>&nbsp;&nbsp;&nbsp;_pal_lld_disablepadevent
</UL>

<P><STRONG><a name="[76]"></a>_vt_init</STRONG> (Thumb, 22 bytes, Stack size 0 bytes, chvt.o(.text))
<BR><BR>[Called By]<UL><LI><a href="#[74]">&gt;&gt;</a>&nbsp;&nbsp;&nbsp;chSysInit
</UL>

<P><STRONG><a name="[65]"></a>chVTDoSetI</STRONG> (Thumb, 56 bytes, Stack size 0 bytes, chvt.o(.text))
<BR><BR>[Called By]<UL><LI><a href="#[64]">&gt;&gt;</a>&nbsp;&nbsp;&nbsp;chSchGoSleepTimeoutS
</UL>

<P><STRONG><a name="[66]"></a>chVTDoResetI</STRONG> (Thumb, 36 bytes, Stack size 0 bytes, chvt.o(.text))
<BR><BR>[Called By]<UL><LI><a href="#[64]">&gt;&gt;</a>&nbsp;&nbsp;&nbsp;chSchGoSleepTimeoutS
</UL>

<P><STRONG><a name="[7e]"></a>chVTDoTickI</STRONG> (Thumb, 68 bytes, Stack size 16 bytes, chvt.o(.text))
<BR><BR>[Stack]<UL><LI>Max Depth = 16<LI>Call Chain = chVTDoTickI
</UL>
<BR>[Called By]<UL><LI><a href="#[7d]">&gt;&gt;</a>&nbsp;&nbsp;&nbsp;chSysTimerHandlerI
</UL>

<P><STRONG><a name="[79]"></a>_factory_init</STRONG> (Thumb, 66 bytes, Stack size 8 bytes, chfactory.o(.text))
<BR><BR>[Stack]<UL><LI>Max Depth = 8<LI>Call Chain = _factory_init
</UL>
<BR>[Calls]<UL><LI><a href="#[97]">&gt;&gt;</a>&nbsp;&nbsp;&nbsp;chMtxObjectInit
<LI><a href="#[98]">&gt;&gt;</a>&nbsp;&nbsp;&nbsp;chPoolObjectInitAligned
</UL>
<BR>[Called By]<UL><LI><a href="#[74]">&gt;&gt;</a>&nbsp;&nbsp;&nbsp;chSysInit
</UL>

<P><STRONG><a name="[99]"></a>chFactoryRegisterObject</STRONG> (Thumb, 112 bytes, Stack size 32 bytes, chfactory.o(.text), UNUSED)
<BR><BR>[Calls]<UL><LI><a href="#[9b]">&gt;&gt;</a>&nbsp;&nbsp;&nbsp;chPoolAlloc
<LI><a href="#[5e]">&gt;&gt;</a>&nbsp;&nbsp;&nbsp;chMtxUnlock
<LI><a href="#[5d]">&gt;&gt;</a>&nbsp;&nbsp;&nbsp;chMtxLock
<LI><a href="#[9c]">&gt;&gt;</a>&nbsp;&nbsp;&nbsp;strncpy
<LI><a href="#[9a]">&gt;&gt;</a>&nbsp;&nbsp;&nbsp;strncmp
</UL>

<P><STRONG><a name="[9d]"></a>chFactoryFindObject</STRONG> (Thumb, 30 bytes, Stack size 8 bytes, chfactory.o(.text), UNUSED)
<BR><BR>[Calls]<UL><LI><a href="#[5e]">&gt;&gt;</a>&nbsp;&nbsp;&nbsp;chMtxUnlock
<LI><a href="#[5d]">&gt;&gt;</a>&nbsp;&nbsp;&nbsp;chMtxLock
<LI><a href="#[9e]">&gt;&gt;</a>&nbsp;&nbsp;&nbsp;dyn_find_object
</UL>

<P><STRONG><a name="[9f]"></a>chFactoryFindObjectByPointer</STRONG> (Thumb, 56 bytes, Stack size 16 bytes, chfactory.o(.text), UNUSED)
<BR><BR>[Calls]<UL><LI><a href="#[5e]">&gt;&gt;</a>&nbsp;&nbsp;&nbsp;chMtxUnlock
<LI><a href="#[5d]">&gt;&gt;</a>&nbsp;&nbsp;&nbsp;chMtxLock
</UL>

<P><STRONG><a name="[a0]"></a>chFactoryReleaseObject</STRONG> (Thumb, 74 bytes, Stack size 16 bytes, chfactory.o(.text), UNUSED)
<BR><BR>[Calls]<UL><LI><a href="#[86]">&gt;&gt;</a>&nbsp;&nbsp;&nbsp;chPoolFree
<LI><a href="#[5e]">&gt;&gt;</a>&nbsp;&nbsp;&nbsp;chMtxUnlock
<LI><a href="#[5d]">&gt;&gt;</a>&nbsp;&nbsp;&nbsp;chMtxLock
</UL>

<P><STRONG><a name="[a1]"></a>chFactoryCreateBuffer</STRONG> (Thumb, 46 bytes, Stack size 16 bytes, chfactory.o(.text), UNUSED)
<BR><BR>[Calls]<UL><LI><a href="#[5e]">&gt;&gt;</a>&nbsp;&nbsp;&nbsp;chMtxUnlock
<LI><a href="#[5d]">&gt;&gt;</a>&nbsp;&nbsp;&nbsp;chMtxLock
<LI><a href="#[a2]">&gt;&gt;</a>&nbsp;&nbsp;&nbsp;dyn_create_object_heap
<LI><a href="#[a3]">&gt;&gt;</a>&nbsp;&nbsp;&nbsp;__aeabi_memclr4
</UL>

<P><STRONG><a name="[a4]"></a>chFactoryFindBuffer</STRONG> (Thumb, 30 bytes, Stack size 8 bytes, chfactory.o(.text), UNUSED)
<BR><BR>[Calls]<UL><LI><a href="#[5e]">&gt;&gt;</a>&nbsp;&nbsp;&nbsp;chMtxUnlock
<LI><a href="#[5d]">&gt;&gt;</a>&nbsp;&nbsp;&nbsp;chMtxLock
<LI><a href="#[9e]">&gt;&gt;</a>&nbsp;&nbsp;&nbsp;dyn_find_object
</UL>

<P><STRONG><a name="[a5]"></a>chFactoryReleaseBuffer</STRONG> (Thumb, 28 bytes, Stack size 8 bytes, chfactory.o(.text), UNUSED)
<BR><BR>[Calls]<UL><LI><a href="#[5e]">&gt;&gt;</a>&nbsp;&nbsp;&nbsp;chMtxUnlock
<LI><a href="#[5d]">&gt;&gt;</a>&nbsp;&nbsp;&nbsp;chMtxLock
<LI><a href="#[a6]">&gt;&gt;</a>&nbsp;&nbsp;&nbsp;dyn_release_object_heap
</UL>

<P><STRONG><a name="[a7]"></a>chFactoryCreateSemaphore</STRONG> (Thumb, 118 bytes, Stack size 32 bytes, chfactory.o(.text), UNUSED)
<BR><BR>[Calls]<UL><LI><a href="#[9b]">&gt;&gt;</a>&nbsp;&nbsp;&nbsp;chPoolAlloc
<LI><a href="#[a8]">&gt;&gt;</a>&nbsp;&nbsp;&nbsp;chSemObjectInit
<LI><a href="#[5e]">&gt;&gt;</a>&nbsp;&nbsp;&nbsp;chMtxUnlock
<LI><a href="#[5d]">&gt;&gt;</a>&nbsp;&nbsp;&nbsp;chMtxLock
<LI><a href="#[9c]">&gt;&gt;</a>&nbsp;&nbsp;&nbsp;strncpy
<LI><a href="#[9a]">&gt;&gt;</a>&nbsp;&nbsp;&nbsp;strncmp
</UL>

<P><STRONG><a name="[a9]"></a>chFactoryFindSemaphore</STRONG> (Thumb, 30 bytes, Stack size 8 bytes, chfactory.o(.text), UNUSED)
<BR><BR>[Calls]<UL><LI><a href="#[5e]">&gt;&gt;</a>&nbsp;&nbsp;&nbsp;chMtxUnlock
<LI><a href="#[5d]">&gt;&gt;</a>&nbsp;&nbsp;&nbsp;chMtxLock
<LI><a href="#[9e]">&gt;&gt;</a>&nbsp;&nbsp;&nbsp;dyn_find_object
</UL>

<P><STRONG><a name="[aa]"></a>chFactoryReleaseSemaphore</STRONG> (Thumb, 74 bytes, Stack size 16 bytes, chfactory.o(.text), UNUSED)
<BR><BR>[Calls]<UL><LI><a href="#[86]">&gt;&gt;</a>&nbsp;&nbsp;&nbsp;chPoolFree
<LI><a href="#[5e]">&gt;&gt;</a>&nbsp;&nbsp;&nbsp;chMtxUnlock
<LI><a href="#[5d]">&gt;&gt;</a>&nbsp;&nbsp;&nbsp;chMtxLock
</UL>

<P><STRONG><a name="[ab]"></a>chFactoryCreateMailbox</STRONG> (Thumb, 54 bytes, Stack size 16 bytes, chfactory.o(.text), UNUSED)
<BR><BR>[Calls]<UL><LI><a href="#[5e]">&gt;&gt;</a>&nbsp;&nbsp;&nbsp;chMtxUnlock
<LI><a href="#[5d]">&gt;&gt;</a>&nbsp;&nbsp;&nbsp;chMtxLock
<LI><a href="#[ac]">&gt;&gt;</a>&nbsp;&nbsp;&nbsp;chMBObjectInit
<LI><a href="#[a2]">&gt;&gt;</a>&nbsp;&nbsp;&nbsp;dyn_create_object_heap
</UL>

<P><STRONG><a name="[ad]"></a>chFactoryFindMailbox</STRONG> (Thumb, 30 bytes, Stack size 8 bytes, chfactory.o(.text), UNUSED)
<BR><BR>[Calls]<UL><LI><a href="#[5e]">&gt;&gt;</a>&nbsp;&nbsp;&nbsp;chMtxUnlock
<LI><a href="#[5d]">&gt;&gt;</a>&nbsp;&nbsp;&nbsp;chMtxLock
<LI><a href="#[9e]">&gt;&gt;</a>&nbsp;&nbsp;&nbsp;dyn_find_object
</UL>

<P><STRONG><a name="[ae]"></a>chFactoryReleaseMailbox</STRONG> (Thumb, 28 bytes, Stack size 8 bytes, chfactory.o(.text), UNUSED)
<BR><BR>[Calls]<UL><LI><a href="#[5e]">&gt;&gt;</a>&nbsp;&nbsp;&nbsp;chMtxUnlock
<LI><a href="#[5d]">&gt;&gt;</a>&nbsp;&nbsp;&nbsp;chMtxLock
<LI><a href="#[a6]">&gt;&gt;</a>&nbsp;&nbsp;&nbsp;dyn_release_object_heap
</UL>

<P><STRONG><a name="[af]"></a>chFactoryCreateObjectsFIFO</STRONG> (Thumb, 96 bytes, Stack size 32 bytes, chfactory.o(.text), UNUSED)
<BR><BR>[Calls]<UL><LI><a href="#[5e]">&gt;&gt;</a>&nbsp;&nbsp;&nbsp;chMtxUnlock
<LI><a href="#[5d]">&gt;&gt;</a>&nbsp;&nbsp;&nbsp;chMtxLock
<LI><a href="#[ac]">&gt;&gt;</a>&nbsp;&nbsp;&nbsp;chMBObjectInit
<LI><a href="#[b0]">&gt;&gt;</a>&nbsp;&nbsp;&nbsp;chGuardedPoolObjectInitAligned
<LI><a href="#[b1]">&gt;&gt;</a>&nbsp;&nbsp;&nbsp;chGuardedPoolLoadArray
<LI><a href="#[a2]">&gt;&gt;</a>&nbsp;&nbsp;&nbsp;dyn_create_object_heap
</UL>

<P><STRONG><a name="[b2]"></a>chFactoryFindObjectsFIFO</STRONG> (Thumb, 30 bytes, Stack size 8 bytes, chfactory.o(.text), UNUSED)
<BR><BR>[Calls]<UL><LI><a href="#[5e]">&gt;&gt;</a>&nbsp;&nbsp;&nbsp;chMtxUnlock
<LI><a href="#[5d]">&gt;&gt;</a>&nbsp;&nbsp;&nbsp;chMtxLock
<LI><a href="#[9e]">&gt;&gt;</a>&nbsp;&nbsp;&nbsp;dyn_find_object
</UL>

<P><STRONG><a name="[b3]"></a>chFactoryReleaseObjectsFIFO</STRONG> (Thumb, 28 bytes, Stack size 8 bytes, chfactory.o(.text), UNUSED)
<BR><BR>[Calls]<UL><LI><a href="#[5e]">&gt;&gt;</a>&nbsp;&nbsp;&nbsp;chMtxUnlock
<LI><a href="#[5d]">&gt;&gt;</a>&nbsp;&nbsp;&nbsp;chMtxLock
<LI><a href="#[a6]">&gt;&gt;</a>&nbsp;&nbsp;&nbsp;dyn_release_object_heap
</UL>

<P><STRONG><a name="[b4]"></a>chFactoryCreatePipe</STRONG> (Thumb, 52 bytes, Stack size 16 bytes, chfactory.o(.text), UNUSED)
<BR><BR>[Calls]<UL><LI><a href="#[5e]">&gt;&gt;</a>&nbsp;&nbsp;&nbsp;chMtxUnlock
<LI><a href="#[5d]">&gt;&gt;</a>&nbsp;&nbsp;&nbsp;chMtxLock
<LI><a href="#[b5]">&gt;&gt;</a>&nbsp;&nbsp;&nbsp;chPipeObjectInit
<LI><a href="#[a2]">&gt;&gt;</a>&nbsp;&nbsp;&nbsp;dyn_create_object_heap
</UL>

<P><STRONG><a name="[b6]"></a>chFactoryFindPipe</STRONG> (Thumb, 62 bytes, Stack size 8 bytes, chfactory.o(.text), UNUSED)
<BR><BR>[Calls]<UL><LI><a href="#[5e]">&gt;&gt;</a>&nbsp;&nbsp;&nbsp;chMtxUnlock
<LI><a href="#[5d]">&gt;&gt;</a>&nbsp;&nbsp;&nbsp;chMtxLock
<LI><a href="#[9e]">&gt;&gt;</a>&nbsp;&nbsp;&nbsp;dyn_find_object
</UL>

<P><STRONG><a name="[b7]"></a>chFactoryReleasePipe</STRONG> (Thumb, 28 bytes, Stack size 8 bytes, chfactory.o(.text), UNUSED)
<BR><BR>[Calls]<UL><LI><a href="#[5e]">&gt;&gt;</a>&nbsp;&nbsp;&nbsp;chMtxUnlock
<LI><a href="#[5d]">&gt;&gt;</a>&nbsp;&nbsp;&nbsp;chMtxLock
<LI><a href="#[a6]">&gt;&gt;</a>&nbsp;&nbsp;&nbsp;dyn_release_object_heap
</UL>

<P><STRONG><a name="[ac]"></a>chMBObjectInit</STRONG> (Thumb, 48 bytes, Stack size 0 bytes, chmboxes.o(.text), UNUSED)
<BR><BR>[Called By]<UL><LI><a href="#[af]">&gt;&gt;</a>&nbsp;&nbsp;&nbsp;chFactoryCreateObjectsFIFO
<LI><a href="#[ab]">&gt;&gt;</a>&nbsp;&nbsp;&nbsp;chFactoryCreateMailbox
</UL>

<P><STRONG><a name="[ba]"></a>chMBResetI</STRONG> (Thumb, 44 bytes, Stack size 8 bytes, chmboxes.o(.text), UNUSED)
<BR><BR>[Calls]<UL><LI><a href="#[96]">&gt;&gt;</a>&nbsp;&nbsp;&nbsp;chThdDequeueAllI
</UL>

<P><STRONG><a name="[bb]"></a>chMBReset</STRONG> (Thumb, 56 bytes, Stack size 16 bytes, chmboxes.o(.text), UNUSED)
<BR><BR>[Calls]<UL><LI><a href="#[5f]">&gt;&gt;</a>&nbsp;&nbsp;&nbsp;chSchRescheduleS
<LI><a href="#[96]">&gt;&gt;</a>&nbsp;&nbsp;&nbsp;chThdDequeueAllI
</UL>

<P><STRONG><a name="[bc]"></a>chMBPostTimeoutS</STRONG> (Thumb, 92 bytes, Stack size 16 bytes, chmboxes.o(.text), UNUSED)
<BR><BR>[Calls]<UL><LI><a href="#[5f]">&gt;&gt;</a>&nbsp;&nbsp;&nbsp;chSchRescheduleS
<LI><a href="#[95]">&gt;&gt;</a>&nbsp;&nbsp;&nbsp;chThdDequeueNextI
<LI><a href="#[94]">&gt;&gt;</a>&nbsp;&nbsp;&nbsp;chThdEnqueueTimeoutS
</UL>
<BR>[Called By]<UL><LI><a href="#[bd]">&gt;&gt;</a>&nbsp;&nbsp;&nbsp;chMBPostTimeout
</UL>

<P><STRONG><a name="[bd]"></a>chMBPostTimeout</STRONG> (Thumb, 20 bytes, Stack size 8 bytes, chmboxes.o(.text), UNUSED)
<BR><BR>[Calls]<UL><LI><a href="#[bc]">&gt;&gt;</a>&nbsp;&nbsp;&nbsp;chMBPostTimeoutS
</UL>

<P><STRONG><a name="[be]"></a>chMBPostI</STRONG> (Thumb, 74 bytes, Stack size 8 bytes, chmboxes.o(.text), UNUSED)
<BR><BR>[Calls]<UL><LI><a href="#[95]">&gt;&gt;</a>&nbsp;&nbsp;&nbsp;chThdDequeueNextI
</UL>

<P><STRONG><a name="[bf]"></a>chMBPostAheadTimeoutS</STRONG> (Thumb, 92 bytes, Stack size 16 bytes, chmboxes.o(.text), UNUSED)
<BR><BR>[Calls]<UL><LI><a href="#[5f]">&gt;&gt;</a>&nbsp;&nbsp;&nbsp;chSchRescheduleS
<LI><a href="#[95]">&gt;&gt;</a>&nbsp;&nbsp;&nbsp;chThdDequeueNextI
<LI><a href="#[94]">&gt;&gt;</a>&nbsp;&nbsp;&nbsp;chThdEnqueueTimeoutS
</UL>
<BR>[Called By]<UL><LI><a href="#[c0]">&gt;&gt;</a>&nbsp;&nbsp;&nbsp;chMBPostAheadTimeout
</UL>

<P><STRONG><a name="[c0]"></a>chMBPostAheadTimeout</STRONG> (Thumb, 20 bytes, Stack size 8 bytes, chmboxes.o(.text), UNUSED)
<BR><BR>[Calls]<UL><LI><a href="#[bf]">&gt;&gt;</a>&nbsp;&nbsp;&nbsp;chMBPostAheadTimeoutS
</UL>

<P><STRONG><a name="[c1]"></a>chMBPostAheadI</STRONG> (Thumb, 82 bytes, Stack size 8 bytes, chmboxes.o(.text), UNUSED)
<BR><BR>[Calls]<UL><LI><a href="#[95]">&gt;&gt;</a>&nbsp;&nbsp;&nbsp;chThdDequeueNextI
</UL>

<P><STRONG><a name="[c2]"></a>chMBFetchTimeoutS</STRONG> (Thumb, 84 bytes, Stack size 16 bytes, chmboxes.o(.text), UNUSED)
<BR><BR>[Calls]<UL><LI><a href="#[5f]">&gt;&gt;</a>&nbsp;&nbsp;&nbsp;chSchRescheduleS
<LI><a href="#[95]">&gt;&gt;</a>&nbsp;&nbsp;&nbsp;chThdDequeueNextI
<LI><a href="#[94]">&gt;&gt;</a>&nbsp;&nbsp;&nbsp;chThdEnqueueTimeoutS
</UL>

<P><STRONG><a name="[c3]"></a>chMBFetchTimeout</STRONG> (Thumb, 100 bytes, Stack size 24 bytes, chmboxes.o(.text), UNUSED)
<BR><BR>[Calls]<UL><LI><a href="#[5f]">&gt;&gt;</a>&nbsp;&nbsp;&nbsp;chSchRescheduleS
<LI><a href="#[95]">&gt;&gt;</a>&nbsp;&nbsp;&nbsp;chThdDequeueNextI
<LI><a href="#[94]">&gt;&gt;</a>&nbsp;&nbsp;&nbsp;chThdEnqueueTimeoutS
</UL>

<P><STRONG><a name="[c4]"></a>chMBFetchI</STRONG> (Thumb, 68 bytes, Stack size 8 bytes, chmboxes.o(.text), UNUSED)
<BR><BR>[Calls]<UL><LI><a href="#[95]">&gt;&gt;</a>&nbsp;&nbsp;&nbsp;chThdDequeueNextI
</UL>

<P><STRONG><a name="[77]"></a>_core_init</STRONG> (Thumb, 12 bytes, Stack size 0 bytes, chmemcore.o(.text))
<BR><BR>[Called By]<UL><LI><a href="#[74]">&gt;&gt;</a>&nbsp;&nbsp;&nbsp;chSysInit
</UL>

<P><STRONG><a name="[182]"></a>chCoreAllocFromBaseI</STRONG> (Thumb, 44 bytes, Stack size 4 bytes, chmemcore.o(.text), UNUSED)

<P><STRONG><a name="[b8]"></a>chCoreAllocFromTopI</STRONG> (Thumb, 34 bytes, Stack size 0 bytes, chmemcore.o(.text))
<BR><BR>[Called By]<UL><LI><a href="#[40]">&gt;&gt;</a>&nbsp;&nbsp;&nbsp;chCoreAllocAlignedI
</UL>

<P><STRONG><a name="[183]"></a>chCoreAllocFromBase</STRONG> (Thumb, 54 bytes, Stack size 4 bytes, chmemcore.o(.text), UNUSED)

<P><STRONG><a name="[41]"></a>chCoreAllocFromTop</STRONG> (Thumb, 50 bytes, Stack size 4 bytes, chmemcore.o(.text))
<BR><BR>[Stack]<UL><LI>Max Depth = 4<LI>Call Chain = chCoreAllocFromTop
</UL>
<BR>[Address Reference Count : 1]<UL><LI> chmemheaps.o(.text)
</UL>
<P><STRONG><a name="[184]"></a>chCoreGetStatusX</STRONG> (Thumb, 10 bytes, Stack size 0 bytes, chmemcore.o(.text), UNUSED)

<P><STRONG><a name="[78]"></a>_heap_init</STRONG> (Thumb, 22 bytes, Stack size 0 bytes, chmemheaps.o(.text))
<BR><BR>[Calls]<UL><LI><a href="#[97]">&gt;&gt;</a>&nbsp;&nbsp;&nbsp;chMtxObjectInit
</UL>
<BR>[Called By]<UL><LI><a href="#[74]">&gt;&gt;</a>&nbsp;&nbsp;&nbsp;chSysInit
</UL>

<P><STRONG><a name="[c5]"></a>chHeapObjectInit</STRONG> (Thumb, 32 bytes, Stack size 0 bytes, chmemheaps.o(.text), UNUSED)
<BR><BR>[Calls]<UL><LI><a href="#[97]">&gt;&gt;</a>&nbsp;&nbsp;&nbsp;chMtxObjectInit
</UL>

<P><STRONG><a name="[b9]"></a>chHeapAllocAligned</STRONG> (Thumb, 236 bytes, Stack size 24 bytes, chmemheaps.o(.text), UNUSED)
<BR><BR>[Calls]<UL><LI><a href="#[5e]">&gt;&gt;</a>&nbsp;&nbsp;&nbsp;chMtxUnlock
<LI><a href="#[5d]">&gt;&gt;</a>&nbsp;&nbsp;&nbsp;chMtxLock
</UL>
<BR>[Called By]<UL><LI><a href="#[a2]">&gt;&gt;</a>&nbsp;&nbsp;&nbsp;dyn_create_object_heap
</UL>

<P><STRONG><a name="[87]"></a>chHeapFree</STRONG> (Thumb, 120 bytes, Stack size 16 bytes, chmemheaps.o(.text), UNUSED)
<BR><BR>[Calls]<UL><LI><a href="#[5e]">&gt;&gt;</a>&nbsp;&nbsp;&nbsp;chMtxUnlock
<LI><a href="#[5d]">&gt;&gt;</a>&nbsp;&nbsp;&nbsp;chMtxLock
</UL>
<BR>[Called By]<UL><LI><a href="#[85]">&gt;&gt;</a>&nbsp;&nbsp;&nbsp;chThdRelease
<LI><a href="#[a6]">&gt;&gt;</a>&nbsp;&nbsp;&nbsp;dyn_release_object_heap
</UL>

<P><STRONG><a name="[c6]"></a>chHeapStatus</STRONG> (Thumb, 92 bytes, Stack size 32 bytes, chmemheaps.o(.text), UNUSED)
<BR><BR>[Calls]<UL><LI><a href="#[5e]">&gt;&gt;</a>&nbsp;&nbsp;&nbsp;chMtxUnlock
<LI><a href="#[5d]">&gt;&gt;</a>&nbsp;&nbsp;&nbsp;chMtxLock
</UL>

<P><STRONG><a name="[185]"></a>chPoolFreeI</STRONG> (Thumb, 8 bytes, Stack size 0 bytes, chmempools.o(.text), UNUSED)

<P><STRONG><a name="[86]"></a>chPoolFree</STRONG> (Thumb, 20 bytes, Stack size 0 bytes, chmempools.o(.text), UNUSED)
<BR><BR>[Called By]<UL><LI><a href="#[85]">&gt;&gt;</a>&nbsp;&nbsp;&nbsp;chThdRelease
<LI><a href="#[aa]">&gt;&gt;</a>&nbsp;&nbsp;&nbsp;chFactoryReleaseSemaphore
<LI><a href="#[a0]">&gt;&gt;</a>&nbsp;&nbsp;&nbsp;chFactoryReleaseObject
</UL>

<P><STRONG><a name="[c7]"></a>chGuardedPoolFree</STRONG> (Thumb, 30 bytes, Stack size 8 bytes, chmempools.o(.text), UNUSED)
<BR><BR>[Calls]<UL><LI><a href="#[5f]">&gt;&gt;</a>&nbsp;&nbsp;&nbsp;chSchRescheduleS
<LI><a href="#[71]">&gt;&gt;</a>&nbsp;&nbsp;&nbsp;chSemSignalI
</UL>

<P><STRONG><a name="[98]"></a>chPoolObjectInitAligned</STRONG> (Thumb, 16 bytes, Stack size 0 bytes, chmempools.o(.text))
<BR><BR>[Called By]<UL><LI><a href="#[79]">&gt;&gt;</a>&nbsp;&nbsp;&nbsp;_factory_init
</UL>

<P><STRONG><a name="[186]"></a>chPoolLoadArray</STRONG> (Thumb, 40 bytes, Stack size 4 bytes, chmempools.o(.text), UNUSED)

<P><STRONG><a name="[187]"></a>chPoolAllocI</STRONG> (Thumb, 28 bytes, Stack size 8 bytes, chmempools.o(.text), UNUSED)

<P><STRONG><a name="[9b]"></a>chPoolAlloc</STRONG> (Thumb, 40 bytes, Stack size 8 bytes, chmempools.o(.text), UNUSED)
<BR><BR>[Called By]<UL><LI><a href="#[a7]">&gt;&gt;</a>&nbsp;&nbsp;&nbsp;chFactoryCreateSemaphore
<LI><a href="#[99]">&gt;&gt;</a>&nbsp;&nbsp;&nbsp;chFactoryRegisterObject
</UL>

<P><STRONG><a name="[b0]"></a>chGuardedPoolObjectInitAligned</STRONG> (Thumb, 16 bytes, Stack size 0 bytes, chmempools.o(.text), UNUSED)
<BR><BR>[Calls]<UL><LI><a href="#[a8]">&gt;&gt;</a>&nbsp;&nbsp;&nbsp;chSemObjectInit
</UL>
<BR>[Called By]<UL><LI><a href="#[af]">&gt;&gt;</a>&nbsp;&nbsp;&nbsp;chFactoryCreateObjectsFIFO
</UL>

<P><STRONG><a name="[b1]"></a>chGuardedPoolLoadArray</STRONG> (Thumb, 58 bytes, Stack size 24 bytes, chmempools.o(.text), UNUSED)
<BR><BR>[Calls]<UL><LI><a href="#[5f]">&gt;&gt;</a>&nbsp;&nbsp;&nbsp;chSchRescheduleS
<LI><a href="#[71]">&gt;&gt;</a>&nbsp;&nbsp;&nbsp;chSemSignalI
</UL>
<BR>[Called By]<UL><LI><a href="#[af]">&gt;&gt;</a>&nbsp;&nbsp;&nbsp;chFactoryCreateObjectsFIFO
</UL>

<P><STRONG><a name="[c8]"></a>chGuardedPoolAllocTimeoutS</STRONG> (Thumb, 44 bytes, Stack size 8 bytes, chmempools.o(.text), UNUSED)
<BR><BR>[Calls]<UL><LI><a href="#[6e]">&gt;&gt;</a>&nbsp;&nbsp;&nbsp;chSemWaitTimeoutS
</UL>

<P><STRONG><a name="[c9]"></a>chGuardedPoolAllocTimeout</STRONG> (Thumb, 52 bytes, Stack size 16 bytes, chmempools.o(.text), UNUSED)
<BR><BR>[Calls]<UL><LI><a href="#[6e]">&gt;&gt;</a>&nbsp;&nbsp;&nbsp;chSemWaitTimeoutS
</UL>

<P><STRONG><a name="[b5]"></a>chPipeObjectInit</STRONG> (Thumb, 52 bytes, Stack size 8 bytes, chpipes.o(.text), UNUSED)
<BR><BR>[Calls]<UL><LI><a href="#[97]">&gt;&gt;</a>&nbsp;&nbsp;&nbsp;chMtxObjectInit
</UL>
<BR>[Called By]<UL><LI><a href="#[b4]">&gt;&gt;</a>&nbsp;&nbsp;&nbsp;chFactoryCreatePipe
</UL>

<P><STRONG><a name="[ca]"></a>chPipeReset</STRONG> (Thumb, 70 bytes, Stack size 16 bytes, chpipes.o(.text), UNUSED)
<BR><BR>[Calls]<UL><LI><a href="#[5f]">&gt;&gt;</a>&nbsp;&nbsp;&nbsp;chSchRescheduleS
<LI><a href="#[91]">&gt;&gt;</a>&nbsp;&nbsp;&nbsp;chThdResumeI
<LI><a href="#[5e]">&gt;&gt;</a>&nbsp;&nbsp;&nbsp;chMtxUnlock
<LI><a href="#[5d]">&gt;&gt;</a>&nbsp;&nbsp;&nbsp;chMtxLock
</UL>

<P><STRONG><a name="[cb]"></a>chPipeWriteTimeout</STRONG> (Thumb, 216 bytes, Stack size 56 bytes, chpipes.o(.text), UNUSED)
<BR><BR>[Calls]<UL><LI><a href="#[93]">&gt;&gt;</a>&nbsp;&nbsp;&nbsp;chThdResume
<LI><a href="#[90]">&gt;&gt;</a>&nbsp;&nbsp;&nbsp;chThdSuspendTimeoutS
<LI><a href="#[5e]">&gt;&gt;</a>&nbsp;&nbsp;&nbsp;chMtxUnlock
<LI><a href="#[5d]">&gt;&gt;</a>&nbsp;&nbsp;&nbsp;chMtxLock
<LI><a href="#[cc]">&gt;&gt;</a>&nbsp;&nbsp;&nbsp;__aeabi_memcpy
</UL>

<P><STRONG><a name="[cd]"></a>chPipeReadTimeout</STRONG> (Thumb, 208 bytes, Stack size 56 bytes, chpipes.o(.text), UNUSED)
<BR><BR>[Calls]<UL><LI><a href="#[93]">&gt;&gt;</a>&nbsp;&nbsp;&nbsp;chThdResume
<LI><a href="#[90]">&gt;&gt;</a>&nbsp;&nbsp;&nbsp;chThdSuspendTimeoutS
<LI><a href="#[5e]">&gt;&gt;</a>&nbsp;&nbsp;&nbsp;chMtxUnlock
<LI><a href="#[5d]">&gt;&gt;</a>&nbsp;&nbsp;&nbsp;chMtxLock
<LI><a href="#[cc]">&gt;&gt;</a>&nbsp;&nbsp;&nbsp;__aeabi_memcpy
</UL>

<P><STRONG><a name="[ce]"></a>halInit</STRONG> (Thumb, 40 bytes, Stack size 8 bytes, hal.o(.text))
<BR><BR>[Stack]<UL><LI>Max Depth = 16<LI>Call Chain = halInit &rArr; uartInit &rArr; uart_lld_init
</UL>
<BR>[Calls]<UL><LI><a href="#[d4]">&gt;&gt;</a>&nbsp;&nbsp;&nbsp;usbInit
<LI><a href="#[d3]">&gt;&gt;</a>&nbsp;&nbsp;&nbsp;uartInit
<LI><a href="#[d6]">&gt;&gt;</a>&nbsp;&nbsp;&nbsp;stInit
<LI><a href="#[d2]">&gt;&gt;</a>&nbsp;&nbsp;&nbsp;spiInit
<LI><a href="#[d1]">&gt;&gt;</a>&nbsp;&nbsp;&nbsp;i2cInit
<LI><a href="#[cf]">&gt;&gt;</a>&nbsp;&nbsp;&nbsp;hal_lld_init
<LI><a href="#[d5]">&gt;&gt;</a>&nbsp;&nbsp;&nbsp;boardInit
<LI><a href="#[d0]">&gt;&gt;</a>&nbsp;&nbsp;&nbsp;_pal_lld_init
</UL>
<BR>[Called By]<UL><LI><a href="#[4e]">&gt;&gt;</a>&nbsp;&nbsp;&nbsp;main
</UL>

<P><STRONG><a name="[d1]"></a>i2cInit</STRONG> (Thumb, 4 bytes, Stack size 0 bytes, hal_i2c.o(.text))
<BR><BR>[Stack]<UL><LI>Max Depth = 8<LI>Call Chain = i2cInit &rArr; i2c_lld_init
</UL>
<BR>[Calls]<UL><LI><a href="#[d7]">&gt;&gt;</a>&nbsp;&nbsp;&nbsp;i2c_lld_init
</UL>
<BR>[Called By]<UL><LI><a href="#[ce]">&gt;&gt;</a>&nbsp;&nbsp;&nbsp;halInit
</UL>

<P><STRONG><a name="[d8]"></a>i2cObjectInit</STRONG> (Thumb, 16 bytes, Stack size 0 bytes, hal_i2c.o(.text))
<BR><BR>[Calls]<UL><LI><a href="#[97]">&gt;&gt;</a>&nbsp;&nbsp;&nbsp;chMtxObjectInit
</UL>
<BR>[Called By]<UL><LI><a href="#[d7]">&gt;&gt;</a>&nbsp;&nbsp;&nbsp;i2c_lld_init
</UL>

<P><STRONG><a name="[d9]"></a>i2cStart</STRONG> (Thumb, 30 bytes, Stack size 8 bytes, hal_i2c.o(.text))
<BR><BR>[Stack]<UL><LI>Max Depth = 24<LI>Call Chain = i2cStart &rArr; i2c_lld_start
</UL>
<BR>[Calls]<UL><LI><a href="#[da]">&gt;&gt;</a>&nbsp;&nbsp;&nbsp;i2c_lld_start
</UL>
<BR>[Called By]<UL><LI><a href="#[4e]">&gt;&gt;</a>&nbsp;&nbsp;&nbsp;main
</UL>

<P><STRONG><a name="[db]"></a>i2cStop</STRONG> (Thumb, 30 bytes, Stack size 8 bytes, hal_i2c.o(.text), UNUSED)
<BR><BR>[Calls]<UL><LI><a href="#[dc]">&gt;&gt;</a>&nbsp;&nbsp;&nbsp;i2c_lld_stop
</UL>

<P><STRONG><a name="[188]"></a>i2cGetErrors</STRONG> (Thumb, 4 bytes, Stack size 0 bytes, hal_i2c.o(.text), UNUSED)

<P><STRONG><a name="[dd]"></a>i2cMasterTransmitTimeout</STRONG> (Thumb, 62 bytes, Stack size 32 bytes, hal_i2c.o(.text), UNUSED)
<BR><BR>[Calls]<UL><LI><a href="#[de]">&gt;&gt;</a>&nbsp;&nbsp;&nbsp;i2c_lld_master_transmit_timeout
</UL>

<P><STRONG><a name="[df]"></a>i2cMasterReceiveTimeout</STRONG> (Thumb, 52 bytes, Stack size 16 bytes, hal_i2c.o(.text), UNUSED)
<BR><BR>[Calls]<UL><LI><a href="#[e0]">&gt;&gt;</a>&nbsp;&nbsp;&nbsp;i2c_lld_master_receive_timeout
</UL>

<P><STRONG><a name="[e1]"></a>i2cAcquireBus</STRONG> (Thumb, 6 bytes, Stack size 0 bytes, hal_i2c.o(.text), UNUSED)
<BR><BR>[Calls]<UL><LI><a href="#[5d]">&gt;&gt;</a>&nbsp;&nbsp;&nbsp;chMtxLock
</UL>

<P><STRONG><a name="[e2]"></a>i2cReleaseBus</STRONG> (Thumb, 6 bytes, Stack size 0 bytes, hal_i2c.o(.text), UNUSED)
<BR><BR>[Calls]<UL><LI><a href="#[5e]">&gt;&gt;</a>&nbsp;&nbsp;&nbsp;chMtxUnlock
</UL>

<P><STRONG><a name="[189]"></a>palReadBus</STRONG> (Thumb, 22 bytes, Stack size 0 bytes, hal_pal.o(.text), UNUSED)

<P><STRONG><a name="[18a]"></a>palWriteBus</STRONG> (Thumb, 34 bytes, Stack size 4 bytes, hal_pal.o(.text), UNUSED)

<P><STRONG><a name="[e3]"></a>palSetBusMode</STRONG> (Thumb, 14 bytes, Stack size 0 bytes, hal_pal.o(.text), UNUSED)
<BR><BR>[Calls]<UL><LI><a href="#[e4]">&gt;&gt;</a>&nbsp;&nbsp;&nbsp;_pal_lld_setgroupmode
</UL>

<P><STRONG><a name="[18b]"></a>palSetPadCallbackI</STRONG> (Thumb, 12 bytes, Stack size 0 bytes, hal_pal.o(.text), UNUSED)

<P><STRONG><a name="[18c]"></a>palSetLineCallbackI</STRONG> (Thumb, 16 bytes, Stack size 0 bytes, hal_pal.o(.text), UNUSED)

<P><STRONG><a name="[e5]"></a>palWaitPadTimeoutS</STRONG> (Thumb, 12 bytes, Stack size 0 bytes, hal_pal.o(.text), UNUSED)
<BR><BR>[Calls]<UL><LI><a href="#[94]">&gt;&gt;</a>&nbsp;&nbsp;&nbsp;chThdEnqueueTimeoutS
</UL>

<P><STRONG><a name="[e6]"></a>palWaitPadTimeout</STRONG> (Thumb, 30 bytes, Stack size 8 bytes, hal_pal.o(.text), UNUSED)
<BR><BR>[Calls]<UL><LI><a href="#[94]">&gt;&gt;</a>&nbsp;&nbsp;&nbsp;chThdEnqueueTimeoutS
</UL>

<P><STRONG><a name="[e7]"></a>palWaitLineTimeoutS</STRONG> (Thumb, 14 bytes, Stack size 0 bytes, hal_pal.o(.text), UNUSED)
<BR><BR>[Calls]<UL><LI><a href="#[94]">&gt;&gt;</a>&nbsp;&nbsp;&nbsp;chThdEnqueueTimeoutS
</UL>

<P><STRONG><a name="[e8]"></a>palWaitLineTimeout</STRONG> (Thumb, 30 bytes, Stack size 8 bytes, hal_pal.o(.text))
<BR><BR>[Stack]<UL><LI>Max Depth = 48<LI>Call Chain = palWaitLineTimeout &rArr; chThdEnqueueTimeoutS &rArr; chSchGoSleepTimeoutS
</UL>
<BR>[Calls]<UL><LI><a href="#[94]">&gt;&gt;</a>&nbsp;&nbsp;&nbsp;chThdEnqueueTimeoutS
</UL>
<BR>[Called By]<UL><LI><a href="#[4e]">&gt;&gt;</a>&nbsp;&nbsp;&nbsp;main
</UL>

<P><STRONG><a name="[d2]"></a>spiInit</STRONG> (Thumb, 4 bytes, Stack size 0 bytes, hal_spi.o(.text))
<BR><BR>[Stack]<UL><LI>Max Depth = 8<LI>Call Chain = spiInit &rArr; spi_lld_init
</UL>
<BR>[Calls]<UL><LI><a href="#[e9]">&gt;&gt;</a>&nbsp;&nbsp;&nbsp;spi_lld_init
</UL>
<BR>[Called By]<UL><LI><a href="#[ce]">&gt;&gt;</a>&nbsp;&nbsp;&nbsp;halInit
</UL>

<P><STRONG><a name="[ea]"></a>spiObjectInit</STRONG> (Thumb, 20 bytes, Stack size 0 bytes, hal_spi.o(.text))
<BR><BR>[Calls]<UL><LI><a href="#[97]">&gt;&gt;</a>&nbsp;&nbsp;&nbsp;chMtxObjectInit
</UL>
<BR>[Called By]<UL><LI><a href="#[e9]">&gt;&gt;</a>&nbsp;&nbsp;&nbsp;spi_lld_init
</UL>

<P><STRONG><a name="[eb]"></a>spiStart</STRONG> (Thumb, 30 bytes, Stack size 8 bytes, hal_spi.o(.text))
<BR><BR>[Stack]<UL><LI>Max Depth = 16<LI>Call Chain = spiStart &rArr; spi_lld_start
</UL>
<BR>[Calls]<UL><LI><a href="#[ec]">&gt;&gt;</a>&nbsp;&nbsp;&nbsp;spi_lld_start
</UL>
<BR>[Called By]<UL><LI><a href="#[4e]">&gt;&gt;</a>&nbsp;&nbsp;&nbsp;main
</UL>

[...]
<LI><a href="#[44]">&gt;&gt;</a>&nbsp;&nbsp;&nbsp;_usb_ep0setup
<LI><a href="#[11e]">&gt;&gt;</a>&nbsp;&nbsp;&nbsp;usbStallReceiveI
<LI><a href="#[127]">&gt;&gt;</a>&nbsp;&nbsp;&nbsp;default_handler
</UL>

<P><STRONG><a name="[121]"></a>usb_lld_stall_in</STRONG> (Thumb, 18 bytes, Stack size 0 bytes, hal_usb_lld.o(.text))
<BR><BR>[Called By]<UL><LI><a href="#[129]">&gt;&gt;</a>&nbsp;&nbsp;&nbsp;_usb_ep0out
<LI><a href="#[128]">&gt;&gt;</a>&nbsp;&nbsp;&nbsp;_usb_ep0in
<LI><a href="#[44]">&gt;&gt;</a>&nbsp;&nbsp;&nbsp;_usb_ep0setup
<LI><a href="#[120]">&gt;&gt;</a>&nbsp;&nbsp;&nbsp;usbStallTransmitI
<LI><a href="#[127]">&gt;&gt;</a>&nbsp;&nbsp;&nbsp;default_handler
</UL>

<P><STRONG><a name="[21]"></a>Vector78</STRONG> (Thumb, 76 bytes, Stack size 16 bytes, hal_usb_lld.o(.text))
<BR><BR>[Stack]<UL><LI>Max Depth = 88<LI>Call Chain = Vector78 &rArr; usb_serve_Endpoints &rArr; usb_serve_EPout_handler
</UL>
<BR>[Calls]<UL><LI><a href="#[58]">&gt;&gt;</a>&nbsp;&nbsp;&nbsp;_port_irq_epilogue
<LI><a href="#[13f]">&gt;&gt;</a>&nbsp;&nbsp;&nbsp;_usb_wakeup
<LI><a href="#[125]">&gt;&gt;</a>&nbsp;&nbsp;&nbsp;_usb_suspend
<LI><a href="#[123]">&gt;&gt;</a>&nbsp;&nbsp;&nbsp;_usb_reset
<LI><a href="#[140]">&gt;&gt;</a>&nbsp;&nbsp;&nbsp;usb_serve_Endpoints
</UL>
<BR>[Address Reference Count : 1]<UL><LI> vectors.o(RESET)
</UL>
<P><STRONG><a name="[22]"></a>Vector7C</STRONG> (Thumb, 4 bytes, Stack size 0 bytes, hal_usb_lld.o(.text))
<BR><BR>[Stack]<UL><LI>Max Depth = 8<LI>Call Chain = Vector7C &rArr; _port_irq_epilogue
</UL>
<BR>[Calls]<UL><LI><a href="#[58]">&gt;&gt;</a>&nbsp;&nbsp;&nbsp;_port_irq_epilogue
</UL>
<BR>[Address Reference Count : 1]<UL><LI> vectors.o(RESET)
</UL>
<P><STRONG><a name="[36]"></a>VectorCC</STRONG> (Thumb, 4 bytes, Stack size 0 bytes, hal_usb_lld.o(.text))
<BR><BR>[Stack]<UL><LI>Max Depth = 8<LI>Call Chain = VectorCC &rArr; _port_irq_epilogue
</UL>
<BR>[Calls]<UL><LI><a href="#[58]">&gt;&gt;</a>&nbsp;&nbsp;&nbsp;_port_irq_epilogue
</UL>
<BR>[Address Reference Count : 1]<UL><LI> vectors.o(RESET)
</UL>
<P><STRONG><a name="[111]"></a>usb_lld_init</STRONG> (Thumb, 6 bytes, Stack size 0 bytes, hal_usb_lld.o(.text))
<BR><BR>[Calls]<UL><LI><a href="#[141]">&gt;&gt;</a>&nbsp;&nbsp;&nbsp;usbObjectInit
</UL>
<BR>[Called By]<UL><LI><a href="#[d4]">&gt;&gt;</a>&nbsp;&nbsp;&nbsp;usbInit
</UL>

<P><STRONG><a name="[117]"></a>usb_lld_init_endpoint</STRONG> (Thumb, 282 bytes, Stack size 20 bytes, hal_usb_lld.o(.text))
<BR><BR>[Stack]<UL><LI>Max Depth = 20<LI>Call Chain = usb_lld_init_endpoint
</UL>
<BR>[Called By]<UL><LI><a href="#[113]">&gt;&gt;</a>&nbsp;&nbsp;&nbsp;usb_lld_start
<LI><a href="#[124]">&gt;&gt;</a>&nbsp;&nbsp;&nbsp;usb_lld_reset
<LI><a href="#[116]">&gt;&gt;</a>&nbsp;&nbsp;&nbsp;usbInitEndpointI
</UL>

<P><STRONG><a name="[124]"></a>usb_lld_reset</STRONG> (Thumb, 48 bytes, Stack size 8 bytes, hal_usb_lld.o(.text))
<BR><BR>[Stack]<UL><LI>Max Depth = 28<LI>Call Chain = usb_lld_reset &rArr; usb_lld_init_endpoint
</UL>
<BR>[Calls]<UL><LI><a href="#[117]">&gt;&gt;</a>&nbsp;&nbsp;&nbsp;usb_lld_init_endpoint
</UL>
<BR>[Called By]<UL><LI><a href="#[123]">&gt;&gt;</a>&nbsp;&nbsp;&nbsp;_usb_reset
</UL>

<P><STRONG><a name="[113]"></a>usb_lld_start</STRONG> (Thumb, 156 bytes, Stack size 16 bytes, hal_usb_lld.o(.text), UNUSED)
<BR><BR>[Calls]<UL><LI><a href="#[143]">&gt;&gt;</a>&nbsp;&nbsp;&nbsp;RCC_AHBPeriphResetCmd
<LI><a href="#[142]">&gt;&gt;</a>&nbsp;&nbsp;&nbsp;RCC_AHBPeriphClockCmd
<LI><a href="#[145]">&gt;&gt;</a>&nbsp;&nbsp;&nbsp;RCC_USBFIFOCLKCmd
<LI><a href="#[144]">&gt;&gt;</a>&nbsp;&nbsp;&nbsp;RCC_USBFIFOCLKConfig
<LI><a href="#[146]">&gt;&gt;</a>&nbsp;&nbsp;&nbsp;RCC_USBCLKConfig
<LI><a href="#[131]">&gt;&gt;</a>&nbsp;&nbsp;&nbsp;nvicEnableVector
<LI><a href="#[117]">&gt;&gt;</a>&nbsp;&nbsp;&nbsp;usb_lld_init_endpoint
</UL>
<BR>[Called By]<UL><LI><a href="#[112]">&gt;&gt;</a>&nbsp;&nbsp;&nbsp;usbStart
</UL>

<P><STRONG><a name="[115]"></a>usb_lld_stop</STRONG> (Thumb, 48 bytes, Stack size 8 bytes, hal_usb_lld.o(.text), UNUSED)
<BR><BR>[Calls]<UL><LI><a href="#[142]">&gt;&gt;</a>&nbsp;&nbsp;&nbsp;RCC_AHBPeriphClockCmd
<LI><a href="#[133]">&gt;&gt;</a>&nbsp;&nbsp;&nbsp;nvicDisableVector
</UL>
<BR>[Called By]<UL><LI><a href="#[114]">&gt;&gt;</a>&nbsp;&nbsp;&nbsp;usbStop
</UL>

<P><STRONG><a name="[12a]"></a>usb_lld_set_address</STRONG> (Thumb, 10 bytes, Stack size 0 bytes, hal_usb_lld.o(.text))
<BR><BR>[Called By]<UL><LI><a href="#[127]">&gt;&gt;</a>&nbsp;&nbsp;&nbsp;default_handler
</UL>

<P><STRONG><a name="[110]"></a>usb_lld_disable_endpoints</STRONG> (Thumb, 30 bytes, Stack size 0 bytes, hal_usb_lld.o(.text))
<BR><BR>[Called By]<UL><LI><a href="#[10f]">&gt;&gt;</a>&nbsp;&nbsp;&nbsp;usbDisableEndpointsI
</UL>

<P><STRONG><a name="[12c]"></a>usb_lld_get_status_out</STRONG> (Thumb, 58 bytes, Stack size 0 bytes, hal_usb_lld.o(.text))
<BR><BR>[Called By]<UL><LI><a href="#[127]">&gt;&gt;</a>&nbsp;&nbsp;&nbsp;default_handler
</UL>

<P><STRONG><a name="[12b]"></a>usb_lld_get_status_in</STRONG> (Thumb, 58 bytes, Stack size 0 bytes, hal_usb_lld.o(.text))
<BR><BR>[Called By]<UL><LI><a href="#[127]">&gt;&gt;</a>&nbsp;&nbsp;&nbsp;default_handler
</UL>

<P><STRONG><a name="[126]"></a>usb_lld_read_setup</STRONG> (Thumb, 34 bytes, Stack size 0 bytes, hal_usb_lld.o(.text))
<BR><BR>[Called By]<UL><LI><a href="#[44]">&gt;&gt;</a>&nbsp;&nbsp;&nbsp;_usb_ep0setup
</UL>

<P><STRONG><a name="[119]"></a>usb_lld_start_out</STRONG> (Thumb, 84 bytes, Stack size 0 bytes, hal_usb_lld.o(.text))
<BR><BR>[Called By]<UL><LI><a href="#[118]">&gt;&gt;</a>&nbsp;&nbsp;&nbsp;usbStartReceiveI
</UL>

<P><STRONG><a name="[11b]"></a>usb_lld_start_in</STRONG> (Thumb, 114 bytes, Stack size 24 bytes, hal_usb_lld.o(.text))
<BR><BR>[Stack]<UL><LI>Max Depth = 24<LI>Call Chain = usb_lld_start_in
</UL>
<BR>[Called By]<UL><LI><a href="#[11a]">&gt;&gt;</a>&nbsp;&nbsp;&nbsp;usbStartTransmitI
</UL>

<P><STRONG><a name="[12e]"></a>usb_lld_clear_out</STRONG> (Thumb, 20 bytes, Stack size 0 bytes, hal_usb_lld.o(.text))
<BR><BR>[Called By]<UL><LI><a href="#[127]">&gt;&gt;</a>&nbsp;&nbsp;&nbsp;default_handler
</UL>

<P><STRONG><a name="[12d]"></a>usb_lld_clear_in</STRONG> (Thumb, 18 bytes, Stack size 0 bytes, hal_usb_lld.o(.text))
<BR><BR>[Called By]<UL><LI><a href="#[127]">&gt;&gt;</a>&nbsp;&nbsp;&nbsp;default_handler
</UL>

<P><STRONG><a name="[54]"></a>__early_init</STRONG> (Thumb, 4 bytes, Stack size 0 bytes, board.o(.text))
<BR><BR>[Stack]<UL><LI>Max Depth = 20<LI>Call Chain = __early_init &rArr; wb32_clock_init
</UL>
<BR>[Calls]<UL><LI><a href="#[147]">&gt;&gt;</a>&nbsp;&nbsp;&nbsp;wb32_clock_init
</UL>
<BR>[Called By]<UL><LI><a href="#[4]">&gt;&gt;</a>&nbsp;&nbsp;&nbsp;Reset_Handler
</UL>

<P><STRONG><a name="[d5]"></a>boardInit</STRONG> (Thumb, 2 bytes, Stack size 0 bytes, board.o(.text))
<BR><BR>[Called By]<UL><LI><a href="#[ce]">&gt;&gt;</a>&nbsp;&nbsp;&nbsp;halInit
</UL>

<P><STRONG><a name="[149]"></a>EXTI0_Config</STRONG> (Thumb, 68 bytes, Stack size 8 bytes, main.o(.text), UNUSED)
<BR><BR>[Calls]<UL><LI><a href="#[e4]">&gt;&gt;</a>&nbsp;&nbsp;&nbsp;_pal_lld_setgroupmode
<LI><a href="#[14a]">&gt;&gt;</a>&nbsp;&nbsp;&nbsp;_pal_lld_enablepadevent
<LI><a href="#[131]">&gt;&gt;</a>&nbsp;&nbsp;&nbsp;nvicEnableVector
</UL>

<P><STRONG><a name="[4e]"></a>main</STRONG> (Thumb, 288 bytes, Stack size 16 bytes, main.o(.text))
<BR><BR>[Stack]<UL><LI>Max Depth = 80<LI>Call Chain = main &rArr; i2c_lld_master_transmit_timeout &rArr; chThdSuspendTimeoutS &rArr; chSchGoSleepTimeoutS
</UL>
<BR>[Calls]<UL><LI><a href="#[83]">&gt;&gt;</a>&nbsp;&nbsp;&nbsp;chThdCreateStatic
<LI><a href="#[74]">&gt;&gt;</a>&nbsp;&nbsp;&nbsp;chSysInit
<LI><a href="#[ce]">&gt;&gt;</a>&nbsp;&nbsp;&nbsp;halInit
<LI><a href="#[f4]">&gt;&gt;</a>&nbsp;&nbsp;&nbsp;spi_lld_send
<LI><a href="#[eb]">&gt;&gt;</a>&nbsp;&nbsp;&nbsp;spiStart
<LI><a href="#[e4]">&gt;&gt;</a>&nbsp;&nbsp;&nbsp;_pal_lld_setgroupmode
<LI><a href="#[e8]">&gt;&gt;</a>&nbsp;&nbsp;&nbsp;palWaitLineTimeout
<LI><a href="#[de]">&gt;&gt;</a>&nbsp;&nbsp;&nbsp;i2c_lld_master_transmit_timeout
<LI><a href="#[e0]">&gt;&gt;</a>&nbsp;&nbsp;&nbsp;i2c_lld_master_receive_timeout
<LI><a href="#[d9]">&gt;&gt;</a>&nbsp;&nbsp;&nbsp;i2cStart
<LI><a href="#[14a]">&gt;&gt;</a>&nbsp;&nbsp;&nbsp;_pal_lld_enablepadevent
<LI><a href="#[131]">&gt;&gt;</a>&nbsp;&nbsp;&nbsp;nvicEnableVector
<LI><a href="#[109]">&gt;&gt;</a>&nbsp;&nbsp;&nbsp;uartStartReceive
<LI><a href="#[103]">&gt;&gt;</a>&nbsp;&nbsp;&nbsp;uartStartSend
<LI><a href="#[ff]">&gt;&gt;</a>&nbsp;&nbsp;&nbsp;uartStart
</UL>
<BR>[Called By]<UL><LI><a href="#[4d]">&gt;&gt;</a>&nbsp;&nbsp;&nbsp;__rt_entry_main
</UL>

<P><STRONG><a name="[148]"></a>__aeabi_uldivmod</STRONG> (Thumb, 0 bytes, Stack size 48 bytes, lludivv7m.o(.text))
<BR><BR>[Stack]<UL><LI>Max Depth = 48<LI>Call Chain = __aeabi_uldivmod
</UL>
<BR>[Called By]<UL><LI><a href="#[42]">&gt;&gt;</a>&nbsp;&nbsp;&nbsp;Thread1
</UL>

<P><STRONG><a name="[1a2]"></a>_ll_udiv</STRONG> (Thumb, 238 bytes, Stack size 48 bytes, lludivv7m.o(.text), UNUSED)

<P><STRONG><a name="[9a]"></a>strncmp</STRONG> (Thumb, 150 bytes, Stack size 16 bytes, strncmp.o(.text), UNUSED)
<BR><BR>[Called By]<UL><LI><a href="#[a7]">&gt;&gt;</a>&nbsp;&nbsp;&nbsp;chFactoryCreateSemaphore
<LI><a href="#[99]">&gt;&gt;</a>&nbsp;&nbsp;&nbsp;chFactoryRegisterObject
<LI><a href="#[9e]">&gt;&gt;</a>&nbsp;&nbsp;&nbsp;dyn_find_object
<LI><a href="#[a2]">&gt;&gt;</a>&nbsp;&nbsp;&nbsp;dyn_create_object_heap
</UL>

<P><STRONG><a name="[cc]"></a>__aeabi_memcpy</STRONG> (Thumb, 0 bytes, Stack size 0 bytes, rt_memcpy_v6.o(.text), UNUSED)
<BR><BR>[Called By]<UL><LI><a href="#[cd]">&gt;&gt;</a>&nbsp;&nbsp;&nbsp;chPipeReadTimeout
<LI><a href="#[cb]">&gt;&gt;</a>&nbsp;&nbsp;&nbsp;chPipeWriteTimeout
</UL>

<P><STRONG><a name="[14b]"></a>__rt_memcpy</STRONG> (Thumb, 138 bytes, Stack size 0 bytes, rt_memcpy_v6.o(.text), UNUSED)
<BR><BR>[Calls]<UL><LI><a href="#[14c]">&gt;&gt;</a>&nbsp;&nbsp;&nbsp;__aeabi_memcpy4
</UL>

<P><STRONG><a name="[1a3]"></a>_memcpy_lastbytes</STRONG> (Thumb, 0 bytes, Stack size unknown bytes, rt_memcpy_v6.o(.text), UNUSED)

<P><STRONG><a name="[a3]"></a>__aeabi_memclr4</STRONG> (Thumb, 0 bytes, Stack size 4 bytes, rt_memclr_w.o(.text), UNUSED)
<BR><BR>[Called By]<UL><LI><a href="#[a1]">&gt;&gt;</a>&nbsp;&nbsp;&nbsp;chFactoryCreateBuffer
</UL>

<P><STRONG><a name="[1a4]"></a>__aeabi_memclr8</STRONG> (Thumb, 0 bytes, Stack size 4 bytes, rt_memclr_w.o(.text), UNUSED)

<P><STRONG><a name="[1a5]"></a>__rt_memclr_w</STRONG> (Thumb, 78 bytes, Stack size 4 bytes, rt_memclr_w.o(.text), UNUSED)

<P><STRONG><a name="[14f]"></a>_memset_w</STRONG> (Thumb, 0 bytes, Stack size unknown bytes, rt_memclr_w.o(.text), UNUSED)
<BR><BR>[Called By]<UL><LI><a href="#[14e]">&gt;&gt;</a>&nbsp;&nbsp;&nbsp;__rt_memclr
</UL>

<P><STRONG><a name="[9c]"></a>strncpy</STRONG> (Thumb, 86 bytes, Stack size 8 bytes, strncpy.o(.text), UNUSED)
<BR><BR>[Calls]<UL><LI><a href="#[14d]">&gt;&gt;</a>&nbsp;&nbsp;&nbsp;__aeabi_memclr
</UL>
<BR>[Called By]<UL><LI><a href="#[a7]">&gt;&gt;</a>&nbsp;&nbsp;&nbsp;chFactoryCreateSemaphore
<LI><a href="#[99]">&gt;&gt;</a>&nbsp;&nbsp;&nbsp;chFactoryRegisterObject
<LI><a href="#[a2]">&gt;&gt;</a>&nbsp;&nbsp;&nbsp;dyn_create_object_heap
</UL>

<P><STRONG><a name="[1a6]"></a>__use_two_region_memory</STRONG> (Thumb, 2 bytes, Stack size 0 bytes, heapauxi.o(.text), UNUSED)

<P><STRONG><a name="[1a7]"></a>__rt_heap_escrow$2region</STRONG> (Thumb, 2 bytes, Stack size 0 bytes, heapauxi.o(.text), UNUSED)

<P><STRONG><a name="[1a8]"></a>__rt_heap_expand$2region</STRONG> (Thumb, 2 bytes, Stack size 0 bytes, heapauxi.o(.text), UNUSED)

<P><STRONG><a name="[14c]"></a>__aeabi_memcpy4</STRONG> (Thumb, 0 bytes, Stack size 8 bytes, rt_memcpy_w.o(.text), UNUSED)
<BR><BR>[Called By]<UL><LI><a href="#[14b]">&gt;&gt;</a>&nbsp;&nbsp;&nbsp;__rt_memcpy
</UL>

<P><STRONG><a name="[1a9]"></a>__aeabi_memcpy8</STRONG> (Thumb, 0 bytes, Stack size 8 bytes, rt_memcpy_w.o(.text), UNUSED)

<P><STRONG><a name="[1aa]"></a>__rt_memcpy_w</STRONG> (Thumb, 100 bytes, Stack size 8 bytes, rt_memcpy_w.o(.text), UNUSED)

<P><STRONG><a name="[1ab]"></a>_memcpy_lastbytes_aligned</STRONG> (Thumb, 0 bytes, Stack size unknown bytes, rt_memcpy_w.o(.text), UNUSED)

<P><STRONG><a name="[14d]"></a>__aeabi_memclr</STRONG> (Thumb, 0 bytes, Stack size 0 bytes, rt_memclr.o(.text), UNUSED)
<BR><BR>[Called By]<UL><LI><a href="#[9c]">&gt;&gt;</a>&nbsp;&nbsp;&nbsp;strncpy
</UL>

<P><STRONG><a name="[14e]"></a>__rt_memclr</STRONG> (Thumb, 68 bytes, Stack size 0 bytes, rt_memclr.o(.text), UNUSED)
<BR><BR>[Calls]<UL><LI><a href="#[14f]">&gt;&gt;</a>&nbsp;&nbsp;&nbsp;_memset_w
</UL>

<P><STRONG><a name="[1ac]"></a>_memset</STRONG> (Thumb, 0 bytes, Stack size unknown bytes, rt_memclr.o(.text), UNUSED)

<P><STRONG><a name="[4f]"></a>exit</STRONG> (Thumb, 18 bytes, Stack size 8 bytes, exit.o(.text))
<BR><BR>[Stack]<UL><LI>Max Depth = 8 + Unknown Stack Size
<LI>Call Chain = exit
</UL>
<BR>[Calls]<UL><LI><a href="#[150]">&gt;&gt;</a>&nbsp;&nbsp;&nbsp;__rt_exit
</UL>
<BR>[Called By]<UL><LI><a href="#[4d]">&gt;&gt;</a>&nbsp;&nbsp;&nbsp;__rt_entry_main
</UL>

<P><STRONG><a name="[53]"></a>_sys_exit</STRONG> (Thumb, 8 bytes, Stack size 0 bytes, sys_exit.o(.text))
<BR><BR>[Called By]<UL><LI><a href="#[52]">&gt;&gt;</a>&nbsp;&nbsp;&nbsp;__rt_exit_exit
</UL>

<P><STRONG><a name="[1ad]"></a>__I$use$semihosting</STRONG> (Thumb, 0 bytes, Stack size 0 bytes, use_no_semi.o(.text), UNUSED)

<P><STRONG><a name="[1ae]"></a>__use_no_semihosting_swi</STRONG> (Thumb, 2 bytes, Stack size 0 bytes, use_no_semi.o(.text), UNUSED)

<P><STRONG><a name="[1af]"></a>__semihosting_library_function</STRONG> (Thumb, 0 bytes, Stack size unknown bytes, indicate_semi.o(.text), UNUSED)
<P>
<H3>
Local Symbols
</H3>
<P><STRONG><a name="[3e]"></a>wakeup</STRONG> (Thumb, 102 bytes, Stack size 0 bytes, chschd.o(.text))
<BR>[Address Reference Count : 1]<UL><LI> chschd.o(.text)
</UL>
<P><STRONG><a name="[43]"></a>_idle_thread</STRONG> (Thumb, 2 bytes, Stack size 0 bytes, chsys.o(.text))
<BR><BR>[Calls]<UL><LI><a href="#[43]">&gt;&gt;</a>&nbsp;&nbsp;&nbsp;_idle_thread
</UL>
<BR>[Called By]<UL><LI><a href="#[43]">&gt;&gt;</a>&nbsp;&nbsp;&nbsp;_idle_thread
</UL>
<BR>[Address Reference Count : 1]<UL><LI> chsys.o(.constdata)
</UL>
<P><STRONG><a name="[40]"></a>chCoreAllocAlignedI</STRONG> (Thumb, 6 bytes, Stack size 0 bytes, chfactory.o(.text))
<BR><BR>[Calls]<UL><LI><a href="#[b8]">&gt;&gt;</a>&nbsp;&nbsp;&nbsp;chCoreAllocFromTopI
</UL>
<BR>[Address Reference Count : 1]<UL><LI> chfactory.o(.text)
</UL>
<P><STRONG><a name="[a2]"></a>dyn_create_object_heap</STRONG> (Thumb, 88 bytes, Stack size 24 bytes, chfactory.o(.text), UNUSED)
<BR><BR>[Calls]<UL><LI><a href="#[b9]">&gt;&gt;</a>&nbsp;&nbsp;&nbsp;chHeapAllocAligned
<LI><a href="#[9c]">&gt;&gt;</a>&nbsp;&nbsp;&nbsp;strncpy
<LI><a href="#[9a]">&gt;&gt;</a>&nbsp;&nbsp;&nbsp;strncmp
</UL>
<BR>[Called By]<UL><LI><a href="#[b4]">&gt;&gt;</a>&nbsp;&nbsp;&nbsp;chFactoryCreatePipe
<LI><a href="#[af]">&gt;&gt;</a>&nbsp;&nbsp;&nbsp;chFactoryCreateObjectsFIFO
<LI><a href="#[ab]">&gt;&gt;</a>&nbsp;&nbsp;&nbsp;chFactoryCreateMailbox
<LI><a href="#[a1]">&gt;&gt;</a>&nbsp;&nbsp;&nbsp;chFactoryCreateBuffer
</UL>

<P><STRONG><a name="[a6]"></a>dyn_release_object_heap</STRONG> (Thumb, 44 bytes, Stack size 0 bytes, chfactory.o(.text), UNUSED)
<BR><BR>[Calls]<UL><LI><a href="#[87]">&gt;&gt;</a>&nbsp;&nbsp;&nbsp;chHeapFree
</UL>
<BR>[Called By]<UL><LI><a href="#[b7]">&gt;&gt;</a>&nbsp;&nbsp;&nbsp;chFactoryReleasePipe
<LI><a href="#[b3]">&gt;&gt;</a>&nbsp;&nbsp;&nbsp;chFactoryReleaseObjectsFIFO
<LI><a href="#[ae]">&gt;&gt;</a>&nbsp;&nbsp;&nbsp;chFactoryReleaseMailbox
<LI><a href="#[a5]">&gt;&gt;</a>&nbsp;&nbsp;&nbsp;chFactoryReleaseBuffer
</UL>

<P><STRONG><a name="[9e]"></a>dyn_find_object</STRONG> (Thumb, 52 bytes, Stack size 16 bytes, chfactory.o(.text), UNUSED)
<BR><BR>[Calls]<UL><LI><a href="#[9a]">&gt;&gt;</a>&nbsp;&nbsp;&nbsp;strncmp
</UL>
<BR>[Called By]<UL><LI><a href="#[b6]">&gt;&gt;</a>&nbsp;&nbsp;&nbsp;chFactoryFindPipe
<LI><a href="#[b2]">&gt;&gt;</a>&nbsp;&nbsp;&nbsp;chFactoryFindObjectsFIFO
<LI><a href="#[ad]">&gt;&gt;</a>&nbsp;&nbsp;&nbsp;chFactoryFindMailbox
<LI><a href="#[a9]">&gt;&gt;</a>&nbsp;&nbsp;&nbsp;chFactoryFindSemaphore
<LI><a href="#[a4]">&gt;&gt;</a>&nbsp;&nbsp;&nbsp;chFactoryFindBuffer
<LI><a href="#[9d]">&gt;&gt;</a>&nbsp;&nbsp;&nbsp;chFactoryFindObject
</UL>

<P><STRONG><a name="[127]"></a>default_handler</STRONG> (Thumb, 558 bytes, Stack size 24 bytes, hal_usb.o(.text))
<BR><BR>[Stack]<UL><LI>Max Depth = 48<LI>Call Chain = default_handler &rArr; usbDisableEndpointsI
</UL>
<BR>[Calls]<UL><LI><a href="#[11f]">&gt;&gt;</a>&nbsp;&nbsp;&nbsp;usb_lld_stall_out
<LI><a href="#[121]">&gt;&gt;</a>&nbsp;&nbsp;&nbsp;usb_lld_stall_in
<LI><a href="#[12a]">&gt;&gt;</a>&nbsp;&nbsp;&nbsp;usb_lld_set_address
<LI><a href="#[12c]">&gt;&gt;</a>&nbsp;&nbsp;&nbsp;usb_lld_get_status_out
<LI><a href="#[12b]">&gt;&gt;</a>&nbsp;&nbsp;&nbsp;usb_lld_get_status_in
<LI><a href="#[12e]">&gt;&gt;</a>&nbsp;&nbsp;&nbsp;usb_lld_clear_out
<LI><a href="#[12d]">&gt;&gt;</a>&nbsp;&nbsp;&nbsp;usb_lld_clear_in
<LI><a href="#[10f]">&gt;&gt;</a>&nbsp;&nbsp;&nbsp;usbDisableEndpointsI
</UL>
<BR>[Called By]<UL><LI><a href="#[44]">&gt;&gt;</a>&nbsp;&nbsp;&nbsp;_usb_ep0setup
</UL>

<P><STRONG><a name="[45]"></a>_wbusb_ep0in</STRONG> (Thumb, 98 bytes, Stack size 16 bytes, hal_usb_lld.o(.text))
<BR><BR>[Stack]<UL><LI>Max Depth = 16<LI>Call Chain = _wbusb_ep0in
</UL>
<BR>[Address Reference Count : 1]<UL><LI> hal_usb_lld.o(.constdata)
</UL>
<P><STRONG><a name="[46]"></a>_wbusb_ep0out</STRONG> (Thumb, 94 bytes, Stack size 16 bytes, hal_usb_lld.o(.text))
<BR><BR>[Stack]<UL><LI>Max Depth = 16<LI>Call Chain = _wbusb_ep0out
</UL>
<BR>[Address Reference Count : 1]<UL><LI> hal_usb_lld.o(.constdata)
</UL>
<P><STRONG><a name="[13d]"></a>usb_serve_EPin_handler</STRONG> (Thumb, 146 bytes, Stack size 24 bytes, hal_usb_lld.o(.text))
<BR><BR>[Stack]<UL><LI>Max Depth = 24<LI>Call Chain = usb_serve_EPin_handler
</UL>
<BR>[Calls]<UL><LI><a href="#[91]">&gt;&gt;</a>&nbsp;&nbsp;&nbsp;chThdResumeI
</UL>
<BR>[Called By]<UL><LI><a href="#[140]">&gt;&gt;</a>&nbsp;&nbsp;&nbsp;usb_serve_Endpoints
</UL>

<P><STRONG><a name="[13e]"></a>usb_serve_EPout_handler</STRONG> (Thumb, 186 bytes, Stack size 32 bytes, hal_usb_lld.o(.text))
<BR><BR>[Stack]<UL><LI>Max Depth = 32<LI>Call Chain = usb_serve_EPout_handler
</UL>
<BR>[Calls]<UL><LI><a href="#[91]">&gt;&gt;</a>&nbsp;&nbsp;&nbsp;chThdResumeI
</UL>
<BR>[Called By]<UL><LI><a href="#[140]">&gt;&gt;</a>&nbsp;&nbsp;&nbsp;usb_serve_Endpoints
</UL>

<P><STRONG><a name="[140]"></a>usb_serve_Endpoints</STRONG> (Thumb, 488 bytes, Stack size 40 bytes, hal_usb_lld.o(.text))
<BR><BR>[Stack]<UL><LI>Max Depth = 72<LI>Call Chain = usb_serve_Endpoints &rArr; usb_serve_EPout_handler
</UL>
<BR>[Calls]<UL><LI><a href="#[91]">&gt;&gt;</a>&nbsp;&nbsp;&nbsp;chThdResumeI
<LI><a href="#[13e]">&gt;&gt;</a>&nbsp;&nbsp;&nbsp;usb_serve_EPout_handler
<LI><a href="#[13d]">&gt;&gt;</a>&nbsp;&nbsp;&nbsp;usb_serve_EPin_handler
</UL>
<BR>[Called By]<UL><LI><a href="#[21]">&gt;&gt;</a>&nbsp;&nbsp;&nbsp;Vector78
</UL>

<P><STRONG><a name="[42]"></a>Thread1</STRONG> (Thumb, 68 bytes, Stack size 0 bytes, main.o(.text))
<BR><BR>[Stack]<UL><LI>Max Depth = 48<LI>Call Chain = Thread1 &rArr; chThdSleep &rArr; chSchGoSleepTimeoutS
</UL>
<BR>[Calls]<UL><LI><a href="#[8b]">&gt;&gt;</a>&nbsp;&nbsp;&nbsp;chThdSleep
<LI><a href="#[148]">&gt;&gt;</a>&nbsp;&nbsp;&nbsp;__aeabi_uldivmod
</UL>
<BR>[Address Reference Count : 1]<UL><LI> main.o(.text)
</UL><P>
<H3>
Undefined Global Symbols
</H3><HR></body></html>
