Component: ARM Compiler 5.06 update 4 (build 422) Tool: armlink [4d35d2]

==============================================================================

Section Cross References

    cstartup.o(MSTACK) refers (Special) to heapauxi.o(.text) for __use_two_region_memory
    cstartup.o(CSTACK) refers (Special) to heapauxi.o(.text) for __use_two_region_memory
    cstartup.o(HEAP) refers (Special) to heapauxi.o(.text) for __use_two_region_memory
    cstartup.o(.text) refers (Special) to heapauxi.o(.text) for __use_two_region_memory
    cstartup.o(.text) refers to board.o(.text) for __early_init
    cstartup.o(.text) refers to cstartup.o(CSTACK) for __initial_sp
    cstartup.o(.text) refers to __main.o(!!!main) for __main
    cstartup.o(.text) refers to cstartup.o(HEAP) for Heap_Mem
    vectors.o(RESET) refers to cstartup.o(MSTACK) for __initial_msp
    vectors.o(RESET) refers to cstartup.o(.text) for Reset_Handler
    vectors.o(RESET) refers to vectors.o(.text) for NMI_Handler
    vectors.o(RESET) refers to chcore_v7m.o(.text) for SVC_Handler
    vectors.o(RESET) refers to hal_st_lld.o(.text) for SysTick_Handler
    vectors.o(RESET) refers to hal_pal_lld.o(.text) for Vector58
    vectors.o(RESET) refers to hal_usb_lld.o(.text) for Vector78
    vectors.o(RESET) refers to hal_i2c_lld.o(.text) for VectorA4
    vectors.o(RESET) refers to hal_spi_lld.o(.text) for VectorA8
    vectors.o(RESET) refers to hal_uart_lld.o(.text) for VectorB8
    chcoreasm_v7m.o(.text) refers to chthreads.o(.text) for chThdExit
    chcoreasm_v7m.o(.text) refers to chschd.o(.text) for chSchDoReschedule
    chcore_v7m.o(.text) refers to chschd.o(.text) for chSchIsPreemptionRequired
    chcore_v7m.o(.text) refers to chcoreasm_v7m.o(.text) for _port_switch_from_isr
    chcond.o(.text) refers to chschd.o(.text) for chSchWakeupS
    chcond.o(.text) refers to chmtx.o(.text) for chMtxUnlockS
    chcond.o(.text) refers to chschd.o(.bss) for ch
    chdynamic.o(.text) refers to chmemheaps.o(.text) for chHeapAllocAligned
    chdynamic.o(.text) refers to chthreads.o(.text) for chThdCreateSuspendedI
    chdynamic.o(.text) refers to chschd.o(.text) for chSchWakeupS
    chdynamic.o(.text) refers to chmempools.o(.text) for chPoolAlloc
    chevents.o(.text) refers to chschd.o(.text) for chSchReadyI
    chevents.o(.text) refers to chschd.o(.bss) for ch
    chmsg.o(.text) refers to chschd.o(.text) for chSchReadyI
    chmsg.o(.text) refers to chschd.o(.bss) for ch
    chmtx.o(.text) refers to chschd.o(.text) for chSchReadyI
    chmtx.o(.text) refers to chschd.o(.bss) for ch
    chregistry.o(.text) refers to chthreads.o(.text) for chThdRelease
    chregistry.o(.text) refers to strcmpv7m.o(.text) for strcmp
    chregistry.o(.text) refers to chschd.o(.bss) for ch
    chschd.o(.text) refers to chcoreasm_v7m.o(.text) for _port_switch
    chschd.o(.text) refers to chvt.o(.text) for chVTDoSetI
    chschd.o(.text) refers to chschd.o(.bss) for .bss
    chsem.o(.text) refers to chschd.o(.text) for chSchReadyI
    chsem.o(.text) refers to chschd.o(.bss) for ch
    chsys.o(.text) refers to chschd.o(.text) for _scheduler_init
    chsys.o(.text) refers to chvt.o(.text) for _vt_init
    chsys.o(.text) refers to chmemcore.o(.text) for _core_init
    chsys.o(.text) refers to chmemheaps.o(.text) for _heap_init
    chsys.o(.text) refers to chfactory.o(.text) for _factory_init
    chsys.o(.text) refers to chthreads.o(.text) for _thread_init
    chsys.o(.text) refers to chcore_v7m.o(.text) for port_init
    chsys.o(.text) refers to chregistry.o(.constdata) for ch_debug
    chsys.o(.text) refers to chschd.o(.bss) for ch
    chsys.o(.text) refers to chsys.o(.constdata) for .constdata
    chsys.o(.constdata) refers to chsys.o(.conststring) for .conststring
    chsys.o(.constdata) refers to chsys.o(.bss) for ch_idle_thread_wa
    chsys.o(.constdata) refers to chsys.o(.text) for _idle_thread
    chthreads.o(.text) refers to chschd.o(.text) for chSchReadyI
    chthreads.o(.text) refers to chmempools.o(.text) for chPoolFree
    chthreads.o(.text) refers to chmemheaps.o(.text) for chHeapFree
    chthreads.o(.text) refers to chschd.o(.bss) for ch
    chthreads.o(.text) refers to chcoreasm_v7m.o(.text) for _port_thread_start
    chvt.o(.text) refers to chschd.o(.bss) for ch
    chdelegates.o(.text) refers to chmsg.o(.text) for chMsgSend
    chfactory.o(.text) refers to chmtx.o(.text) for chMtxObjectInit
    chfactory.o(.text) refers to chmempools.o(.text) for chPoolObjectInitAligned
    chfactory.o(.text) refers to strncmp.o(.text) for strncmp
    chfactory.o(.text) refers to strncpy.o(.text) for strncpy
    chfactory.o(.text) refers to rt_memclr_w.o(.text) for __aeabi_memclr4
    chfactory.o(.text) refers to chsem.o(.text) for chSemObjectInit
    chfactory.o(.text) refers to chmboxes.o(.text) for chMBObjectInit
    chfactory.o(.text) refers to chpipes.o(.text) for chPipeObjectInit
[...]
    ..\..\..\..\..\chibios\os\hal\src\hal_sdc.c 0x00000000   Number         0  hal_sdc.o ABSOLUTE
    ..\..\..\..\..\chibios\os\hal\src\hal_serial.c 0x00000000   Number         0  hal_serial.o ABSOLUTE
    ..\..\..\..\..\chibios\os\hal\src\hal_serial_usb.c 0x00000000   Number         0  hal_serial_usb.o ABSOLUTE
    ..\..\..\..\..\chibios\os\hal\src\hal_sio.c 0x00000000   Number         0  hal_sio.o ABSOLUTE
    ..\..\..\..\..\chibios\os\hal\src\hal_spi.c 0x00000000   Number         0  hal_spi.o ABSOLUTE
    ..\..\..\..\..\chibios\os\hal\src\hal_st.c 0x00000000   Number         0  hal_st.o ABSOLUTE
    ..\..\..\..\..\chibios\os\hal\src\hal_trng.c 0x00000000   Number         0  hal_trng.o ABSOLUTE
    ..\..\..\..\..\chibios\os\hal\src\hal_uart.c 0x00000000   Number         0  hal_uart.o ABSOLUTE
    ..\..\..\..\..\chibios\os\hal\src\hal_usb.c 0x00000000   Number         0  hal_usb.o ABSOLUTE
    ..\..\..\..\..\chibios\os\hal\src\hal_wdg.c 0x00000000   Number         0  hal_wdg.o ABSOLUTE
    ..\..\..\..\..\chibios\os\hal\src\hal_wspi.c 0x00000000   Number         0  hal_wspi.o ABSOLUTE
    ..\..\..\..\..\chibios\os\oslib\src\chdelegates.c 0x00000000   Number         0  chdelegates.o ABSOLUTE
    ..\..\..\..\..\chibios\os\oslib\src\chfactory.c 0x00000000   Number         0  chfactory.o ABSOLUTE
    ..\..\..\..\..\chibios\os\oslib\src\chmboxes.c 0x00000000   Number         0  chmboxes.o ABSOLUTE
    ..\..\..\..\..\chibios\os\oslib\src\chmemcore.c 0x00000000   Number         0  chmemcore.o ABSOLUTE
    ..\..\..\..\..\chibios\os\oslib\src\chmemheaps.c 0x00000000   Number         0  chmemheaps.o ABSOLUTE
    ..\..\..\..\..\chibios\os\oslib\src\chmempools.c 0x00000000   Number         0  chmempools.o ABSOLUTE
    ..\..\..\..\..\chibios\os\oslib\src\chobjcaches.c 0x00000000   Number         0  chobjcaches.o ABSOLUTE
    ..\..\..\..\..\chibios\os\oslib\src\chpipes.c 0x00000000   Number         0  chpipes.o ABSOLUTE
    ..\..\..\..\..\chibios\os\rt\src\chcond.c 0x00000000   Number         0  chcond.o ABSOLUTE
    ..\..\..\..\..\chibios\os\rt\src\chdebug.c 0x00000000   Number         0  chdebug.o ABSOLUTE
    ..\..\..\..\..\chibios\os\rt\src\chdynamic.c 0x00000000   Number         0  chdynamic.o ABSOLUTE
    ..\..\..\..\..\chibios\os\rt\src\chevents.c 0x00000000   Number         0  chevents.o ABSOLUTE
    ..\..\..\..\..\chibios\os\rt\src\chmsg.c 0x00000000   Number         0  chmsg.o ABSOLUTE
    ..\..\..\..\..\chibios\os\rt\src\chmtx.c 0x00000000   Number         0  chmtx.o ABSOLUTE
    ..\..\..\..\..\chibios\os\rt\src\chregistry.c 0x00000000   Number         0  chregistry.o ABSOLUTE
    ..\..\..\..\..\chibios\os\rt\src\chschd.c 0x00000000   Number         0  chschd.o ABSOLUTE
    ..\..\..\..\..\chibios\os\rt\src\chsem.c 0x00000000   Number         0  chsem.o ABSOLUTE
    ..\..\..\..\..\chibios\os\rt\src\chstats.c 0x00000000   Number         0  chstats.o ABSOLUTE
    ..\..\..\..\..\chibios\os\rt\src\chsys.c 0x00000000   Number         0  chsys.o ABSOLUTE
    ..\..\..\..\..\chibios\os\rt\src\chthreads.c 0x00000000   Number         0  chthreads.o ABSOLUTE
    ..\..\..\..\..\chibios\os\rt\src\chtm.c  0x00000000   Number         0  chtm.o ABSOLUTE
    ..\..\..\..\..\chibios\os\rt\src\chtrace.c 0x00000000   Number         0  chtrace.o ABSOLUTE
    ..\..\..\..\..\chibios\os\rt\src\chvt.c  0x00000000   Number         0  chvt.o ABSOLUTE
    ..\..\..\..\os\hal\ports\WB32\LLD\GPIOv1\hal_pal_lld.c 0x00000000   Number         0  hal_pal_lld.o ABSOLUTE
    ..\..\..\..\os\hal\ports\WB32\LLD\I2Cv1\hal_i2c_lld.c 0x00000000   Number         0  hal_i2c_lld.o ABSOLUTE
    ..\..\..\..\os\hal\ports\WB32\LLD\SPIv1\hal_spi_lld.c 0x00000000   Number         0  hal_spi_lld.o ABSOLUTE
    ..\..\..\..\os\hal\ports\WB32\LLD\TIMv1\hal_gpt_lld.c 0x00000000   Number         0  hal_gpt_lld.o ABSOLUTE
    ..\..\..\..\os\hal\ports\WB32\LLD\TIMv1\hal_icu_lld.c 0x00000000   Number         0  hal_icu_lld.o ABSOLUTE
    ..\..\..\..\os\hal\ports\WB32\LLD\TIMv1\hal_pwm_lld.c 0x00000000   Number         0  hal_pwm_lld.o ABSOLUTE
    ..\..\..\..\os\hal\ports\WB32\LLD\TIMv1\hal_st_lld.c 0x00000000   Number         0  hal_st_lld.o ABSOLUTE
    ..\..\..\..\os\hal\ports\WB32\LLD\UARTv1\hal_uart_lld.c 0x00000000   Number         0  hal_uart_lld.o ABSOLUTE
    ..\..\..\..\os\hal\ports\WB32\LLD\USBv1\hal_usb_lld.c 0x00000000   Number         0  hal_usb_lld.o ABSOLUTE
    ..\..\..\..\os\hal\ports\WB32\WB32F10x\hal_lld.c 0x00000000   Number         0  hal_lld.o ABSOLUTE
    ..\..\..\..\os\hal\ports\WB32\WB32F10x\wb32f10x_anctl.c 0x00000000   Number         0  wb32f10x_anctl.o ABSOLUTE
    ..\..\..\..\os\hal\ports\WB32\WB32F10x\wb32f10x_bkp.c 0x00000000   Number         0  wb32f10x_bkp.o ABSOLUTE
    ..\..\..\..\os\hal\ports\WB32\WB32F10x\wb32f10x_pwr.c 0x00000000   Number         0  wb32f10x_pwr.o ABSOLUTE
    ..\..\..\..\os\hal\ports\WB32\WB32F10x\wb32f10x_rcc.c 0x00000000   Number         0  wb32f10x_rcc.o ABSOLUTE
    ..\\..\\..\\..\\..\\chibios\\os\\common\\ports\\ARMCMx\\chcore.c 0x00000000   Number         0  chcore.o ABSOLUTE
    ..\\..\\..\\..\\..\\chibios\\os\\common\\ports\\ARMCMx\\chcore_v7m.c 0x00000000   Number         0  chcore_v7m.o ABSOLUTE
    ..\\..\\..\\..\\..\\chibios\\os\\common\\ports\\ARMCMx\\compilers\\RVCT\\chcoreasm_v7m.s 0x00000000   Number         0  chcoreasm_v7m.o ABSOLUTE
    ..\\..\\..\\..\\..\\chibios\\os\\common\\startup\\ARMCMx\\compilers\\RVCT\\cstartup.s 0x00000000   Number         0  cstartup.o ABSOLUTE
    ..\\..\\..\\..\\..\\chibios\\os\\common\\startup\\ARMCMx\\compilers\\RVCT\\vectors.s 0x00000000   Number         0  vectors.o ABSOLUTE
    ..\\..\\..\\..\\..\\chibios\\os\\hal\\osal\\rt-nil\\osal.c 0x00000000   Number         0  osal.o ABSOLUTE
    ..\\..\\..\\..\\..\\chibios\\os\\hal\\ports\\common\\ARMCMx\\nvic.c 0x00000000   Number         0  nvic.o ABSOLUTE
    ..\\..\\..\\..\\..\\chibios\\os\\hal\\src\\hal.c 0x00000000   Number         0  hal.o ABSOLUTE
    ..\\..\\..\\..\\..\\chibios\\os\\hal\\src\\hal_adc.c 0x00000000   Number         0  hal_adc.o ABSOLUTE
    ..\\..\\..\\..\\..\\chibios\\os\\hal\\src\\hal_buffers.c 0x00000000   Number         0  hal_buffers.o ABSOLUTE
    ..\\..\\..\\..\\..\\chibios\\os\\hal\\src\\hal_can.c 0x00000000   Number         0  hal_can.o ABSOLUTE
    ..\\..\\..\\..\\..\\chibios\\os\\hal\\src\\hal_crypto.c 0x00000000   Number         0  hal_crypto.o ABSOLUTE
    ..\\..\\..\\..\\..\\chibios\\os\\hal\\src\\hal_dac.c 0x00000000   Number         0  hal_dac.o ABSOLUTE
    ..\\..\\..\\..\\..\\chibios\\os\\hal\\src\\hal_efl.c 0x00000000   Number         0  hal_efl.o ABSOLUTE
    ..\\..\\..\\..\\..\\chibios\\os\\hal\\src\\hal_flash.c 0x00000000   Number         0  hal_flash.o ABSOLUTE
    ..\\..\\..\\..\\..\\chibios\\os\\hal\\src\\hal_gpt.c 0x00000000   Number         0  hal_gpt.o ABSOLUTE
    ..\\..\\..\\..\\..\\chibios\\os\\hal\\src\\hal_i2c.c 0x00000000   Number         0  hal_i2c.o ABSOLUTE
    ..\\..\\..\\..\\..\\chibios\\os\\hal\\src\\hal_i2s.c 0x00000000   Number         0  hal_i2s.o ABSOLUTE
    ..\\..\\..\\..\\..\\chibios\\os\\hal\\src\\hal_icu.c 0x00000000   Number         0  hal_icu.o ABSOLUTE
    ..\\..\\..\\..\\..\\chibios\\os\\hal\\src\\hal_mac.c 0x00000000   Number         0  hal_mac.o ABSOLUTE
    ..\\..\\..\\..\\..\\chibios\\os\\hal\\src\\hal_mmc_spi.c 0x00000000   Number         0  hal_mmc_spi.o ABSOLUTE
    ..\\..\\..\\..\\..\\chibios\\os\\hal\\src\\hal_mmcsd.c 0x00000000   Number         0  hal_mmcsd.o ABSOLUTE
    ..\\..\\..\\..\\..\\chibios\\os\\hal\\src\\hal_pal.c 0x00000000   Number         0  hal_pal.o ABSOLUTE
    ..\\..\\..\\..\\..\\chibios\\os\\hal\\src\\hal_pwm.c 0x00000000   Number         0  hal_pwm.o ABSOLUTE
    ..\\..\\..\\..\\..\\chibios\\os\\hal\\src\\hal_queues.c 0x00000000   Number         0  hal_queues.o ABSOLUTE
    ..\\..\\..\\..\\..\\chibios\\os\\hal\\src\\hal_rtc.c 0x00000000   Number         0  hal_rtc.o ABSOLUTE
    ..\\..\\..\\..\\..\\chibios\\os\\hal\\src\\hal_sdc.c 0x00000000   Number         0  hal_sdc.o ABSOLUTE
    ..\\..\\..\\..\\..\\chibios\\os\\hal\\src\\hal_serial.c 0x00000000   Number         0  hal_serial.o ABSOLUTE
    ..\\..\\..\\..\\..\\chibios\\os\\hal\\src\\hal_serial_usb.c 0x00000000   Number         0  hal_serial_usb.o ABSOLUTE
    ..\\..\\..\\..\\..\\chibios\\os\\hal\\src\\hal_sio.c 0x00000000   Number         0  hal_sio.o ABSOLUTE
    ..\\..\\..\\..\\..\\chibios\\os\\hal\\src\\hal_spi.c 0x00000000   Number         0  hal_spi.o ABSOLUTE
    ..\\..\\..\\..\\..\\chibios\\os\\hal\\src\\hal_st.c 0x00000000   Number         0  hal_st.o ABSOLUTE
    ..\\..\\..\\..\\..\\chibios\\os\\hal\\src\\hal_trng.c 0x00000000   Number         0  hal_trng.o ABSOLUTE
    ..\\..\\..\\..\\..\\chibios\\os\\hal\\src\\hal_uart.c 0x00000000   Number         0  hal_uart.o ABSOLUTE
    ..\\..\\..\\..\\..\\chibios\\os\\hal\\src\\hal_usb.c 0x00000000   Number         0  hal_usb.o ABSOLUTE
    ..\\..\\..\\..\\..\\chibios\\os\\hal\\src\\hal_wdg.c 0x00000000   Number         0  hal_wdg.o ABSOLUTE
    ..\\..\\..\\..\\..\\chibios\\os\\hal\\src\\hal_wspi.c 0x00000000   Number         0  hal_wspi.o ABSOLUTE
    ..\\..\\..\\..\\..\\chibios\\os\\oslib\\src\\chdelegates.c 0x00000000   Number         0  chdelegates.o ABSOLUTE
    ..\\..\\..\\..\\..\\chibios\\os\\oslib\\src\\chfactory.c 0x00000000   Number         0  chfactory.o ABSOLUTE
    ..\\..\\..\\..\\..\\chibios\\os\\oslib\\src\\chmboxes.c 0x00000000   Number         0  chmboxes.o ABSOLUTE
    ..\\..\\..\\..\\..\\chibios\\os\\oslib\\src\\chmemcore.c 0x00000000   Number         0  chmemcore.o ABSOLUTE
    ..\\..\\..\\..\\..\\chibios\\os\\oslib\\src\\chmemheaps.c 0x00000000   Number         0  chmemheaps.o ABSOLUTE
    ..\\..\\..\\..\\..\\chibios\\os\\oslib\\src\\chmempools.c 0x00000000   Number         0  chmempools.o ABSOLUTE
    ..\\..\\..\\..\\..\\chibios\\os\\oslib\\src\\chobjcaches.c 0x00000000   Number         0  chobjcaches.o ABSOLUTE
    ..\\..\\..\\..\\..\\chibios\\os\\oslib\\src\\chpipes.c 0x00000000   Number         0  chpipes.o ABSOLUTE
    ..\\..\\..\\..\\..\\chibios\\os\\rt\\src\\chcond.c 0x00000000   Number         0  chcond.o ABSOLUTE
    ..\\..\\..\\..\\..\\chibios\\os\\rt\\src\\chdebug.c 0x00000000   Number         0  chdebug.o ABSOLUTE
    ..\\..\\..\\..\\..\\chibios\\os\\rt\\src\\chdynamic.c 0x00000000   Number         0  chdynamic.o ABSOLUTE
    ..\\..\\..\\..\\..\\chibios\\os\\rt\\src\\chevents.c 0x00000000   Number         0  chevents.o ABSOLUTE
    ..\\..\\..\\..\\..\\chibios\\os\\rt\\src\\chmsg.c 0x00000000   Number         0  chmsg.o ABSOLUTE
    ..\\..\\..\\..\\..\\chibios\\os\\rt\\src\\chmtx.c 0x00000000   Number         0  chmtx.o ABSOLUTE
    ..\\..\\..\\..\\..\\chibios\\os\\rt\\src\\chregistry.c 0x00000000   Number         0  chregistry.o ABSOLUTE
    ..\\..\\..\\..\\..\\chibios\\os\\rt\\src\\chschd.c 0x00000000   Number         0  chschd.o ABSOLUTE
    ..\\..\\..\\..\\..\\chibios\\os\\rt\\src\\chsem.c 0x00000000   Number         0  chsem.o ABSOLUTE
    ..\\..\\..\\..\\..\\chibios\\os\\rt\\src\\chstats.c 0x00000000   Number         0  chstats.o ABSOLUTE
    ..\\..\\..\\..\\..\\chibios\\os\\rt\\src\\chsys.c 0x00000000   Number         0  chsys.o ABSOLUTE
    ..\\..\\..\\..\\..\\chibios\\os\\rt\\src\\chthreads.c 0x00000000   Number         0  chthreads.o ABSOLUTE
    ..\\..\\..\\..\\..\\chibios\\os\\rt\\src\\chtm.c 0x00000000   Number         0  chtm.o ABSOLUTE
    ..\\..\\..\\..\\..\\chibios\\os\\rt\\src\\chtrace.c 0x00000000   Number         0  chtrace.o ABSOLUTE
    ..\\..\\..\\..\\..\\chibios\\os\\rt\\src\\chvt.c 0x00000000   Number         0  chvt.o ABSOLUTE
    ..\\..\\..\\..\\os\\hal\\ports\\WB32\\LLD\\GPIOv1\\hal_pal_lld.c 0x00000000   Number         0  hal_pal_lld.o ABSOLUTE
    ..\\..\\..\\..\\os\\hal\\ports\\WB32\\LLD\\I2Cv1\\hal_i2c_lld.c 0x00000000   Number         0  hal_i2c_lld.o ABSOLUTE
    ..\\..\\..\\..\\os\\hal\\ports\\WB32\\LLD\\SPIv1\\hal_spi_lld.c 0x00000000   Number         0  hal_spi_lld.o ABSOLUTE
    ..\\..\\..\\..\\os\\hal\\ports\\WB32\\LLD\\TIMv1\\hal_gpt_lld.c 0x00000000   Number         0  hal_gpt_lld.o ABSOLUTE
    ..\\..\\..\\..\\os\\hal\\ports\\WB32\\LLD\\TIMv1\\hal_icu_lld.c 0x00000000   Number         0  hal_icu_lld.o ABSOLUTE
    ..\\..\\..\\..\\os\\hal\\ports\\WB32\\LLD\\TIMv1\\hal_pwm_lld.c 0x00000000   Number         0  hal_pwm_lld.o ABSOLUTE
    ..\\..\\..\\..\\os\\hal\\ports\\WB32\\LLD\\TIMv1\\hal_st_lld.c 0x00000000   Number         0  hal_st_lld.o ABSOLUTE
    ..\\..\\..\\..\\os\\hal\\ports\\WB32\\LLD\\UARTv1\\hal_uart_lld.c 0x00000000   Number         0  hal_uart_lld.o ABSOLUTE
    ..\\..\\..\\..\\os\\hal\\ports\\WB32\\LLD\\USBv1\\hal_usb_lld.c 0x00000000   Number         0  hal_usb_lld.o ABSOLUTE
    ..\\..\\..\\..\\os\\hal\\ports\\WB32\\WB32F10x\\hal_lld.c 0x00000000   Number         0  hal_lld.o ABSOLUTE
    ..\\..\\..\\..\\os\\hal\\ports\\WB32\\WB32F10x\\wb32f10x_anctl.c 0x00000000   Number         0  wb32f10x_anctl.o ABSOLUTE
    ..\\..\\..\\..\\os\\hal\\ports\\WB32\\WB32F10x\\wb32f10x_bkp.c 0x00000000   Number         0  wb32f10x_bkp.o ABSOLUTE
    ..\\..\\..\\..\\os\\hal\\ports\\WB32\\WB32F10x\\wb32f10x_pwr.c 0x00000000   Number         0  wb32f10x_pwr.o ABSOLUTE
    ..\\..\\..\\..\\os\\hal\\ports\\WB32\\WB32F10x\\wb32f10x_rcc.c 0x00000000   Number         0  wb32f10x_rcc.o ABSOLUTE
    ..\\board\\board.c                       0x00000000   Number         0  board.o ABSOLUTE
    ..\\main.c                               0x00000000   Number         0  main.o ABSOLUTE
    ..\board\board.c                         0x00000000   Number         0  board.o ABSOLUTE
    ..\main.c                                0x00000000   Number         0  main.o ABSOLUTE
    dc.s                                     0x00000000   Number         0  dc.o ABSOLUTE
    RESET                                    0x08000000   Section      224  vectors.o(RESET)
    !!!main                                  0x080000e0   Section        8  __main.o(!!!main)
    !!!scatter                               0x080000e8   Section       52  __scatter.o(!!!scatter)
    !!dczerorl                               0x0800011c   Section       58  __dczerorl.o(!!dczerorl)
    !!handler_zi                             0x08000158   Section       28  __scatter_zi.o(!!handler_zi)
    .ARM.Collect$$libinit$$00000000          0x08000174   Section        2  libinit.o(.ARM.Collect$$libinit$$00000000)
    .ARM.Collect$$libinit$$00000002          0x08000176   Section        0  libinit2.o(.ARM.Collect$$libinit$$00000002)
    .ARM.Collect$$libinit$$00000004          0x08000176   Section        0  libinit2.o(.ARM.Collect$$libinit$$00000004)
    .ARM.Collect$$libinit$$0000000A          0x08000176   Section        0  libinit2.o(.ARM.Collect$$libinit$$0000000A)
    .ARM.Collect$$libinit$$0000000C          0x08000176   Section        0  libinit2.o(.ARM.Collect$$libinit$$0000000C)
    .ARM.Collect$$libinit$$0000000E          0x08000176   Section        0  libinit2.o(.ARM.Collect$$libinit$$0000000E)
    .ARM.Collect$$libinit$$00000011          0x08000176   Section        0  libinit2.o(.ARM.Collect$$libinit$$00000011)
    .ARM.Collect$$libinit$$00000013          0x08000176   Section        0  libinit2.o(.ARM.Collect$$libinit$$00000013)
    .ARM.Collect$$libinit$$00000015          0x08000176   Section        0  libinit2.o(.ARM.Collect$$libinit$$00000015)
    .ARM.Collect$$libinit$$00000017          0x08000176   Section        0  libinit2.o(.ARM.Collect$$libinit$$00000017)
    .ARM.Collect$$libinit$$00000019          0x08000176   Section        0  libinit2.o(.ARM.Collect$$libinit$$00000019)
    .ARM.Collect$$libinit$$0000001B          0x08000176   Section        0  libinit2.o(.ARM.Collect$$libinit$$0000001B)
    .ARM.Collect$$libinit$$0000001D          0x08000176   Section        0  libinit2.o(.ARM.Collect$$libinit$$0000001D)
    .ARM.Collect$$libinit$$0000001F          0x08000176   Section        0  libinit2.o(.ARM.Collect$$libinit$$0000001F)
    .ARM.Collect$$libinit$$00000021          0x08000176   Section        0  libinit2.o(.ARM.Collect$$libinit$$00000021)
    .ARM.Collect$$libinit$$00000023          0x08000176   Section        0  libinit2.o(.ARM.Collect$$libinit$$00000023)
    .ARM.Collect$$libinit$$00000025          0x08000176   Section        0  libinit2.o(.ARM.Collect$$libinit$$00000025)
    .ARM.Collect$$libinit$$0000002C          0x08000176   Section        0  libinit2.o(.ARM.Collect$$libinit$$0000002C)
    .ARM.Collect$$libinit$$0000002E          0x08000176   Section        0  libinit2.o(.ARM.Collect$$libinit$$0000002E)
    .ARM.Collect$$libinit$$00000030          0x08000176   Section        0  libinit2.o(.ARM.Collect$$libinit$$00000030)
    .ARM.Collect$$libinit$$00000032          0x08000176   Section        0  libinit2.o(.ARM.Collect$$libinit$$00000032)
    .ARM.Collect$$libinit$$00000033          0x08000176   Section        2  libinit2.o(.ARM.Collect$$libinit$$00000033)
    .ARM.Collect$$libshutdown$$00000000      0x08000178   Section        2  libshutdown.o(.ARM.Collect$$libshutdown$$00000000)
    .ARM.Collect$$libshutdown$$00000002      0x0800017a   Section        0  libshutdown2.o(.ARM.Collect$$libshutdown$$00000002)
    .ARM.Collect$$libshutdown$$00000004      0x0800017a   Section        0  libshutdown2.o(.ARM.Collect$$libshutdown$$00000004)
    .ARM.Collect$$libshutdown$$00000007      0x0800017a   Section        0  libshutdown2.o(.ARM.Collect$$libshutdown$$00000007)
    .ARM.Collect$$libshutdown$$0000000A      0x0800017a   Section        0  libshutdown2.o(.ARM.Collect$$libshutdown$$0000000A)
    .ARM.Collect$$libshutdown$$0000000C      0x0800017a   Section        0  libshutdown2.o(.ARM.Collect$$libshutdown$$0000000C)
    .ARM.Collect$$libshutdown$$0000000F      0x0800017a   Section        0  libshutdown2.o(.ARM.Collect$$libshutdown$$0000000F)
    .ARM.Collect$$libshutdown$$00000010      0x0800017a   Section        2  libshutdown2.o(.ARM.Collect$$libshutdown$$00000010)
    .ARM.Collect$$rtentry$$00000000          0x0800017c   Section        0  __rtentry.o(.ARM.Collect$$rtentry$$00000000)
    .ARM.Collect$$rtentry$$00000002          0x0800017c   Section        0  __rtentry2.o(.ARM.Collect$$rtentry$$00000002)
    .ARM.Collect$$rtentry$$00000005          0x0800017c   Section        4  __rtentry5.o(.ARM.Collect$$rtentry$$00000005)
    .ARM.Collect$$rtentry$$00000009          0x08000180   Section        0  __rtentry2.o(.ARM.Collect$$rtentry$$00000009)
    .ARM.Collect$$rtentry$$0000000A          0x08000180   Section        4  __rtentry2.o(.ARM.Collect$$rtentry$$0000000A)
    .ARM.Collect$$rtentry$$0000000C          0x08000184   Section        0  __rtentry2.o(.ARM.Collect$$rtentry$$0000000C)
    .ARM.Collect$$rtentry$$0000000D          0x08000184   Section        8  __rtentry2.o(.ARM.Collect$$rtentry$$0000000D)
    .ARM.Collect$$rtentry$$00002716          0x0800018c   Section        4  __rtentry5.o(.ARM.Collect$$rtentry$$00002716)
    __lit__00000000                          0x0800018c   Data           4  __rtentry5.o(.ARM.Collect$$rtentry$$00002716)
    .ARM.Collect$$rtexit$$00000000           0x08000190   Section        2  rtexit.o(.ARM.Collect$$rtexit$$00000000)
    .ARM.Collect$$rtexit$$00000002           0x08000192   Section        0  rtexit2.o(.ARM.Collect$$rtexit$$00000002)
    .ARM.Collect$$rtexit$$00000003           0x08000192   Section        4  rtexit2.o(.ARM.Collect$$rtexit$$00000003)
    .ARM.Collect$$rtexit$$00000004           0x08000196   Section        6  rtexit2.o(.ARM.Collect$$rtexit$$00000004)
    .text                                    0x0800019c   Section       64  cstartup.o(.text)
    .text                                    0x080001dc   Section        2  vectors.o(.text)
    .text                                    0x080001e0   Section       42  chcoreasm_v7m.o(.text)
    .text                                    0x0800020c   Section        0  chcore_v7m.o(.text)
    .text                                    0x080002bc   Section        0  chmtx.o(.text)
    .text                                    0x0800052c   Section        0  chschd.o(.text)
    wakeup                                   0x080005a1   Thumb Code   102  chschd.o(.text)
    .text                                    0x080007fc   Section        0  chsem.o(.text)
    .text                                    0x08000a00   Section        0  chsys.o(.text)
    _idle_thread                             0x08000a01   Thumb Code     2  chsys.o(.text)
    .text                                    0x08000b60   Section        0  chthreads.o(.text)
    .text                                    0x08000f4c   Section        0  chvt.o(.text)
    .text                                    0x0800100c   Section        0  chfactory.o(.text)
    chCoreAllocAlignedI                      0x0800143d   Thumb Code     6  chfactory.o(.text)
    dyn_create_object_heap                   0x08001443   Thumb Code    88  chfactory.o(.text)
    dyn_release_object_heap                  0x0800149b   Thumb Code    44  chfactory.o(.text)
    dyn_find_object                          0x080014c7   Thumb Code    52  chfactory.o(.text)
    .text                                    0x08001504   Section        0  chmboxes.o(.text)
    .text                                    0x08001810   Section        0  chmemcore.o(.text)
    .text                                    0x080018e8   Section        0  chmemheaps.o(.text)
    .text                                    0x08001ae8   Section        0  chmempools.o(.text)
    .text                                    0x08001c48   Section        0  chpipes.o(.text)
    .text                                    0x08001e6c   Section        0  hal.o(.text)
    .text                                    0x08001e98   Section        0  hal_i2c.o(.text)
    .text                                    0x08001f6c   Section        0  hal_pal.o(.text)
    .text                                    0x08002028   Section        0  hal_spi.o(.text)
    .text                                    0x080021c8   Section        0  hal_st.o(.text)
    .text                                    0x080021cc   Section        0  hal_uart.o(.text)
    .text                                    0x080022f8   Section        0  hal_usb.o(.text)
    default_handler                          0x08002873   Thumb Code   558  hal_usb.o(.text)
    .text                                    0x08002aa8   Section        0  nvic.o(.text)
    .text                                    0x08002b14   Section        0  hal_pal_lld.o(.text)
    .text                                    0x08003066   Section        0  hal_st_lld.o(.text)
    .text                                    0x080030b0   Section        0  hal_lld.o(.text)
    .text                                    0x0800322c   Section        0  wb32f10x_rcc.o(.text)
    .text                                    0x08003594   Section        0  hal_i2c_lld.o(.text)
    .text                                    0x080038a4   Section        0  hal_uart_lld.o(.text)
    .text                                    0x08003b84   Section        0  hal_spi_lld.o(.text)
    .text                                    0x08003e20   Section        0  hal_usb_lld.o(.text)
    _wbusb_ep0in                             0x08003e47   Thumb Code    98  hal_usb_lld.o(.text)
    _wbusb_ep0out                            0x08003ea9   Thumb Code    94  hal_usb_lld.o(.text)
    usb_serve_EPin_handler                   0x08003f07   Thumb Code   146  hal_usb_lld.o(.text)
    usb_serve_EPout_handler                  0x08003f99   Thumb Code   186  hal_usb_lld.o(.text)
    usb_serve_Endpoints                      0x0800446d   Thumb Code   488  hal_usb_lld.o(.text)
    .text                                    0x08004654   Section        0  board.o(.text)
    .text                                    0x0800465c   Section        0  main.o(.text)
    Thread1                                  0x0800465d   Thumb Code    68  main.o(.text)
    .text                                    0x08004864   Section      238  lludivv7m.o(.text)
    .text                                    0x08004952   Section        0  strncmp.o(.text)
    .text                                    0x080049e8   Section      138  rt_memcpy_v6.o(.text)
    .text                                    0x08004a72   Section       78  rt_memclr_w.o(.text)
    .text                                    0x08004ac0   Section       86  strncpy.o(.text)
    .text                                    0x08004b16   Section        0  heapauxi.o(.text)
    .text                                    0x08004b1c   Section      100  rt_memcpy_w.o(.text)
    .text                                    0x08004b80   Section       68  rt_memclr.o(.text)
    .text                                    0x08004bc4   Section        0  exit.o(.text)
    .text                                    0x08004bd8   Section        0  sys_exit.o(.text)
    .text                                    0x08004be4   Section        2  use_no_semi.o(.text)
    .constdata                               0x08004be6   Section       22  chregistry.o(.constdata)
    .text                                    0x08004be6   Section        0  indicate_semi.o(.text)
    .constdata                               0x08004bfc   Section       24  chsys.o(.constdata)
    idle_descriptor                          0x08004bfc   Data          24  chsys.o(.constdata)
    .constdata                               0x08004c14   Section        6  hal_usb.o(.constdata)
    zero_status                              0x08004c14   Data           2  hal_usb.o(.constdata)
    active_status                            0x08004c16   Data           2  hal_usb.o(.constdata)
    halted_status                            0x08004c18   Data           2  hal_usb.o(.constdata)
    .constdata                               0x08004c1a   Section        2  hal_spi_lld.o(.constdata)
    dummytx                                  0x08004c1a   Data           2  hal_spi_lld.o(.constdata)
    .constdata                               0x08004c1c   Section       36  hal_usb_lld.o(.constdata)
    ep0config                                0x08004c1c   Data          36  hal_usb_lld.o(.constdata)
    .constdata                               0x08004c40   Section       32  board.o(.constdata)
    .constdata                               0x08004c60   Section       20  main.o(.constdata)
    .conststring                             0x08004c74   Section        5  chsys.o(.conststring)
    .data                                    0x20000000   Section        8  chmemcore.o(.data)
    .data                                    0x20000008   Section        4  hal_lld.o(.data)
    .data                                    0x2000000c   Section        2  hal_spi_lld.o(.data)
    dummyrx                                  0x2000000c   Data           2  hal_spi_lld.o(.data)
    .data                                    0x2000000e   Section        8  hal_usb_lld.o(.data)
    ep0setup_buffer                          0x2000000e   Data           8  hal_usb_lld.o(.data)
    .data                                    0x20000018   Section      356  main.o(.data)
    .bss                                     0x2000017c   Section      116  chschd.o(.bss)
    .bss                                     0x200001f0   Section      216  chsys.o(.bss)
    .bss                                     0x200002c8   Section       72  chfactory.o(.bss)
    .bss                                     0x20000310   Section       28  chmemheaps.o(.bss)
    default_heap                             0x20000310   Data          28  chmemheaps.o(.bss)
    .bss                                     0x2000032c   Section      256  hal_pal_lld.o(.bss)
    .bss                                     0x2000042c   Section       64  hal_i2c_lld.o(.bss)
    .bss                                     0x2000046c   Section       36  hal_uart_lld.o(.bss)
    .bss                                     0x20000490   Section       52  hal_spi_lld.o(.bss)
    .bss                                     0x200004c4   Section       84  hal_usb_lld.o(.bss)
    .bss                                     0x20000518   Section       20  hal_usb_lld.o(.bss)
    ep0_state                                0x20000518   Data          20  hal_usb_lld.o(.bss)
    .bss                                     0x20000530   Section      584  main.o(.bss)
    waThread1                                0x20000530   Data         328  main.o(.bss)
    CSTACK                                   0x20000778   Section     1024  cstartup.o(CSTACK)
    proc_stack_mem                           0x20000778   Data        1024  cstartup.o(CSTACK)
    HEAP                                     0x20000b78   Section     1024  cstartup.o(HEAP)
    Heap_Mem                                 0x20000b78   Data        1024  cstartup.o(HEAP)
    MSTACK                                   0x20000f78   Section     1024  cstartup.o(MSTACK)

    Global Symbols

    Symbol Name                              Value     Ov Type        Size  Object(Section)

    BuildAttributes$$THM_ISAv4$P$D$K$B$S$PE$A:L22UL41UL21$X:L11$S22US41US21$IEEE1$IW$USESV6$~STKCKD$USESV7$~SHL$OTIME$ROPI$EBA8$UX$STANDARDLIB$REQ8$PRES8$EABIv2 0x00000000   Number         0  anon$$obj.o ABSOLUTE
    __ARM_use_no_argv                        0x00000000   Number         0  main.o ABSOLUTE
    __ARM_exceptions_init                     - Undefined Weak Reference
    __alloca_initialize                       - Undefined Weak Reference
    __arm_preinit_                            - Undefined Weak Reference
    __cpp_initialize__aeabi_                  - Undefined Weak Reference
    __cxa_finalize                            - Undefined Weak Reference
    __rt_locale                               - Undefined Weak Reference
    __sigvec_lookup                           - Undefined Weak Reference
    _atexit_init                              - Undefined Weak Reference
    _call_atexit_fns                          - Undefined Weak Reference
    _clock_init                               - Undefined Weak Reference
    _fp_trap_init                             - Undefined Weak Reference
    _fp_trap_shutdown                         - Undefined Weak Reference
    _get_lc_collate                           - Undefined Weak Reference
    _get_lc_ctype                             - Undefined Weak Reference
    _get_lc_monetary                          - Undefined Weak Reference
    _get_lc_numeric                           - Undefined Weak Reference
    _get_lc_time                              - Undefined Weak Reference
    _getenv_init                              - Undefined Weak Reference
    _handle_redirection                       - Undefined Weak Reference
    _init_alloc                               - Undefined Weak Reference
    _init_user_alloc                          - Undefined Weak Reference
    _initio                                   - Undefined Weak Reference
    _rand_init                                - Undefined Weak Reference
    _signal_finish                            - Undefined Weak Reference
    _signal_init                              - Undefined Weak Reference
    _terminate_alloc                          - Undefined Weak Reference
    _terminate_user_alloc                     - Undefined Weak Reference
    _terminateio                              - Undefined Weak Reference
    __Vectors                                0x08000000   Data           0  vectors.o(RESET)
    __main                                   0x080000e1   Thumb Code     8  __main.o(!!!main)
    __scatterload                            0x080000e9   Thumb Code     0  __scatter.o(!!!scatter)
    __scatterload_rt2                        0x080000e9   Thumb Code    44  __scatter.o(!!!scatter)
    __scatterload_rt2_thumb_only             0x080000e9   Thumb Code     0  __scatter.o(!!!scatter)
    __scatterload_null                       0x080000f7   Thumb Code     0  __scatter.o(!!!scatter)
    __decompress                             0x0800011d   Thumb Code    58  __dczerorl.o(!!dczerorl)
    __decompress0                            0x0800011d   Thumb Code     0  __dczerorl.o(!!dczerorl)
    __scatterload_zeroinit                   0x08000159   Thumb Code    28  __scatter_zi.o(!!handler_zi)
    __rt_lib_init                            0x08000175   Thumb Code     0  libinit.o(.ARM.Collect$$libinit$$00000000)
    __rt_lib_init_alloca_1                   0x08000177   Thumb Code     0  libinit2.o(.ARM.Collect$$libinit$$0000002E)
    __rt_lib_init_argv_1                     0x08000177   Thumb Code     0  libinit2.o(.ARM.Collect$$libinit$$0000002C)
    __rt_lib_init_atexit_1                   0x08000177   Thumb Code     0  libinit2.o(.ARM.Collect$$libinit$$0000001B)
    __rt_lib_init_clock_1                    0x08000177   Thumb Code     0  libinit2.o(.ARM.Collect$$libinit$$00000021)
    __rt_lib_init_cpp_1                      0x08000177   Thumb Code     0  libinit2.o(.ARM.Collect$$libinit$$00000032)
    __rt_lib_init_exceptions_1               0x08000177   Thumb Code     0  libinit2.o(.ARM.Collect$$libinit$$00000030)
    __rt_lib_init_fp_1                       0x08000177   Thumb Code     0  libinit2.o(.ARM.Collect$$libinit$$00000002)
    __rt_lib_init_fp_trap_1                  0x08000177   Thumb Code     0  libinit2.o(.ARM.Collect$$libinit$$0000001F)
    __rt_lib_init_getenv_1                   0x08000177   Thumb Code     0  libinit2.o(.ARM.Collect$$libinit$$00000023)
    __rt_lib_init_heap_1                     0x08000177   Thumb Code     0  libinit2.o(.ARM.Collect$$libinit$$0000000A)
    __rt_lib_init_lc_collate_1               0x08000177   Thumb Code     0  libinit2.o(.ARM.Collect$$libinit$$00000011)
    __rt_lib_init_lc_ctype_1                 0x08000177   Thumb Code     0  libinit2.o(.ARM.Collect$$libinit$$00000013)
    __rt_lib_init_lc_monetary_1              0x08000177   Thumb Code     0  libinit2.o(.ARM.Collect$$libinit$$00000015)
    __rt_lib_init_lc_numeric_1               0x08000177   Thumb Code     0  libinit2.o(.ARM.Collect$$libinit$$00000017)
    __rt_lib_init_lc_time_1                  0x08000177   Thumb Code     0  libinit2.o(.ARM.Collect$$libinit$$00000019)
    __rt_lib_init_preinit_1                  0x08000177   Thumb Code     0  libinit2.o(.ARM.Collect$$libinit$$00000004)
    __rt_lib_init_rand_1                     0x08000177   Thumb Code     0  libinit2.o(.ARM.Collect$$libinit$$0000000E)
    __rt_lib_init_return                     0x08000177   Thumb Code     0  libinit2.o(.ARM.Collect$$libinit$$00000033)
    __rt_lib_init_signal_1                   0x08000177   Thumb Code     0  libinit2.o(.ARM.Collect$$libinit$$0000001D)
    __rt_lib_init_stdio_1                    0x08000177   Thumb Code     0  libinit2.o(.ARM.Collect$$libinit$$00000025)
    __rt_lib_init_user_alloc_1               0x08000177   Thumb Code     0  libinit2.o(.ARM.Collect$$libinit$$0000000C)
    __rt_lib_shutdown                        0x08000179   Thumb Code     0  libshutdown.o(.ARM.Collect$$libshutdown$$00000000)
    __rt_lib_shutdown_cpp_1                  0x0800017b   Thumb Code     0  libshutdown2.o(.ARM.Collect$$libshutdown$$00000002)
    __rt_lib_shutdown_fp_trap_1              0x0800017b   Thumb Code     0  libshutdown2.o(.ARM.Collect$$libshutdown$$00000007)
    __rt_lib_shutdown_heap_1                 0x0800017b   Thumb Code     0  libshutdown2.o(.ARM.Collect$$libshutdown$$0000000F)
    __rt_lib_shutdown_return                 0x0800017b   Thumb Code     0  libshutdown2.o(.ARM.Collect$$libshutdown$$00000010)
    __rt_lib_shutdown_signal_1               0x0800017b   Thumb Code     0  libshutdown2.o(.ARM.Collect$$libshutdown$$0000000A)
    __rt_lib_shutdown_stdio_1                0x0800017b   Thumb Code     0  libshutdown2.o(.ARM.Collect$$libshutdown$$00000004)
    __rt_lib_shutdown_user_alloc_1           0x0800017b   Thumb Code     0  libshutdown2.o(.ARM.Collect$$libshutdown$$0000000C)
    __rt_entry                               0x0800017d   Thumb Code     0  __rtentry.o(.ARM.Collect$$rtentry$$00000000)
    __rt_entry_presh_1                       0x0800017d   Thumb Code     0  __rtentry2.o(.ARM.Collect$$rtentry$$00000002)
    __rt_entry_sh                            0x0800017d   Thumb Code     0  __rtentry5.o(.ARM.Collect$$rtentry$$00000005)
    __rt_entry_li                            0x08000181   Thumb Code     0  __rtentry2.o(.ARM.Collect$$rtentry$$0000000A)
    __rt_entry_postsh_1                      0x08000181   Thumb Code     0  __rtentry2.o(.ARM.Collect$$rtentry$$00000009)
    __rt_entry_main                          0x08000185   Thumb Code     0  __rtentry2.o(.ARM.Collect$$rtentry$$0000000D)
    __rt_entry_postli_1                      0x08000185   Thumb Code     0  __rtentry2.o(.ARM.Collect$$rtentry$$0000000C)
    __rt_exit                                0x08000191   Thumb Code     0  rtexit.o(.ARM.Collect$$rtexit$$00000000)
    __rt_exit_ls                             0x08000193   Thumb Code     0  rtexit2.o(.ARM.Collect$$rtexit$$00000003)
    __rt_exit_prels_1                        0x08000193   Thumb Code     0  rtexit2.o(.ARM.Collect$$rtexit$$00000002)
    __rt_exit_exit                           0x08000197   Thumb Code     0  rtexit2.o(.ARM.Collect$$rtexit$$00000004)
    Reset_Handler                            0x0800019d   Thumb Code    26  cstartup.o(.text)
    __user_initial_stackheap                 0x080001b9   Thumb Code     0  cstartup.o(.text)
    BusFault_Handler                         0x080001dd   Thumb Code     0  vectors.o(.text)
    DebugMon_Handler                         0x080001dd   Thumb Code     0  vectors.o(.text)
    HardFault_Handler                        0x080001dd   Thumb Code     0  vectors.o(.text)
    MemManage_Handler                        0x080001dd   Thumb Code     0  vectors.o(.text)
    NMI_Handler                              0x080001dd   Thumb Code     0  vectors.o(.text)
    PendSV_Handler                           0x080001dd   Thumb Code     0  vectors.o(.text)
    UsageFault_Handler                       0x080001dd   Thumb Code     0  vectors.o(.text)
    Vector1C                                 0x080001dd   Thumb Code     0  vectors.o(.text)
    Vector20                                 0x080001dd   Thumb Code     0  vectors.o(.text)
    Vector24                                 0x080001dd   Thumb Code     0  vectors.o(.text)
    Vector28                                 0x080001dd   Thumb Code     0  vectors.o(.text)
    Vector34                                 0x080001dd   Thumb Code     0  vectors.o(.text)
    Vector40                                 0x080001dd   Thumb Code     0  vectors.o(.text)
    Vector44                                 0x080001dd   Thumb Code     0  vectors.o(.text)
    Vector48                                 0x080001dd   Thumb Code     0  vectors.o(.text)
    Vector4C                                 0x080001dd   Thumb Code     0  vectors.o(.text)
    Vector50                                 0x080001dd   Thumb Code     0  vectors.o(.text)
    Vector54                                 0x080001dd   Thumb Code     0  vectors.o(.text)
    Vector6C                                 0x080001dd   Thumb Code     0  vectors.o(.text)
    Vector70                                 0x080001dd   Thumb Code     0  vectors.o(.text)
    Vector74                                 0x080001dd   Thumb Code     0  vectors.o(.text)
    Vector84                                 0x080001dd   Thumb Code     0  vectors.o(.text)
    Vector88                                 0x080001dd   Thumb Code     0  vectors.o(.text)
    Vector8C                                 0x080001dd   Thumb Code     0  vectors.o(.text)
    Vector90                                 0x080001dd   Thumb Code     0  vectors.o(.text)
    Vector94                                 0x080001dd   Thumb Code     0  vectors.o(.text)
    Vector98                                 0x080001dd   Thumb Code     0  vectors.o(.text)
    Vector9C                                 0x080001dd   Thumb Code     0  vectors.o(.text)
    VectorA0                                 0x080001dd   Thumb Code     0  vectors.o(.text)
    VectorAC                                 0x080001dd   Thumb Code     0  vectors.o(.text)
    VectorB0                                 0x080001dd   Thumb Code     0  vectors.o(.text)
    VectorB4                                 0x080001dd   Thumb Code     0  vectors.o(.text)
    VectorBC                                 0x080001dd   Thumb Code     0  vectors.o(.text)
    VectorC0                                 0x080001dd   Thumb Code     0  vectors.o(.text)
    VectorC8                                 0x080001dd   Thumb Code     0  vectors.o(.text)
    VectorD0                                 0x080001dd   Thumb Code     0  vectors.o(.text)
    VectorD4                                 0x080001dd   Thumb Code     0  vectors.o(.text)
    VectorD8                                 0x080001dd   Thumb Code     0  vectors.o(.text)
    VectorDC                                 0x080001dd   Thumb Code     0  vectors.o(.text)
    _unhandled_exception                     0x080001dd   Thumb Code     2  vectors.o(.text)
    _port_switch                             0x080001e1   Thumb Code    16  chcoreasm_v7m.o(.text)
    _port_thread_start                       0x080001f1   Thumb Code    18  chcoreasm_v7m.o(.text)
    _port_switch_from_isr                    0x08000203   Thumb Code     8  chcoreasm_v7m.o(.text)
    _port_exit_from_isr                      0x08000207   Thumb Code     0  chcoreasm_v7m.o(.text)
    SVC_Handler                              0x0800020d   Thumb Code    18  chcore_v7m.o(.text)
    port_init                                0x0800021f   Thumb Code    68  chcore_v7m.o(.text)
    _port_irq_epilogue                       0x08000263   Thumb Code    60  chcore_v7m.o(.text)
    chMtxObjectInit                          0x080002bd   Thumb Code    10  chmtx.o(.text)
    chMtxLockS                               0x080002c7   Thumb Code   206  chmtx.o(.text)
    chMtxLock                                0x08000395   Thumb Code    20  chmtx.o(.text)
    chMtxTryLockS                            0x080003a9   Thumb Code    30  chmtx.o(.text)
    chMtxTryLock                             0x080003c7   Thumb Code    42  chmtx.o(.text)
    chMtxUnlock                              0x080003f1   Thumb Code    94  chmtx.o(.text)
    chMtxUnlockS                             0x0800044f   Thumb Code    76  chmtx.o(.text)
    chMtxUnlockAllS                          0x0800049b   Thumb Code    68  chmtx.o(.text)
    chMtxUnlockAll                           0x080004df   Thumb Code    72  chmtx.o(.text)
    _scheduler_init                          0x0800052d   Thumb Code    16  chschd.o(.text)
    chSchReadyI                              0x0800053d   Thumb Code    30  chschd.o(.text)
    chSchReadyAheadI                         0x0800055b   Thumb Code    30  chschd.o(.text)
    chSchGoSleepS                            0x08000579   Thumb Code    40  chschd.o(.text)
    chSchGoSleepTimeoutS                     0x08000607   Thumb Code   112  chschd.o(.text)
    chSchWakeupS                             0x08000677   Thumb Code    94  chschd.o(.text)
    chSchDoRescheduleAhead                   0x080006d5   Thumb Code    64  chschd.o(.text)
    chSchRescheduleS                         0x08000715   Thumb Code    76  chschd.o(.text)
    chSchIsPreemptionRequired                0x08000761   Thumb Code    20  chschd.o(.text)
    chSchDoRescheduleBehind                  0x08000775   Thumb Code    64  chschd.o(.text)
    chSchDoReschedule                        0x080007b5   Thumb Code    64  chschd.o(.text)
    chSemObjectInit                          0x080007fd   Thumb Code     8  chsem.o(.text)
    chSemResetWithMessageI                   0x08000805   Thumb Code    38  chsem.o(.text)
    chSemResetWithMessage                    0x0800082b   Thumb Code    52  chsem.o(.text)
    chSemWaitS                               0x0800085f   Thumb Code    44  chsem.o(.text)
    chSemWait                                0x0800088b   Thumb Code    56  chsem.o(.text)
    chSemWaitTimeoutS                        0x080008c3   Thumb Code    48  chsem.o(.text)
    chSemWaitTimeout                         0x080008f3   Thumb Code    64  chsem.o(.text)
    chSemSignal                              0x08000933   Thumb Code    42  chsem.o(.text)
    chSemSignalI                             0x0800095d   Thumb Code    30  chsem.o(.text)
    chSemAddCounterI                         0x0800097b   Thumb Code    46  chsem.o(.text)
    chSemSignalWait                          0x080009a9   Thumb Code    84  chsem.o(.text)
    chSysInit                                0x08000a03   Thumb Code    70  chsys.o(.text)
    chSysHalt                                0x08000a49   Thumb Code     8  chsys.o(.text)
    chSysIntegrityCheckI                     0x08000a51   Thumb Code   140  chsys.o(.text)
    chSysTimerHandlerI                       0x08000add   Thumb Code     4  chsys.o(.text)
    chSysGetStatusAndLockX                   0x08000ae1   Thumb Code    32  chsys.o(.text)
    chSysRestoreStatusX                      0x08000b01   Thumb Code    42  chsys.o(.text)
    chSysIsCounterWithinX                    0x08000b2b   Thumb Code    14  chsys.o(.text)
    chSysPolledDelayX                        0x08000b39   Thumb Code    18  chsys.o(.text)
    _thread_init                             0x08000b61   Thumb Code    54  chthreads.o(.text)
    chThdCreateSuspendedI                    0x08000b97   Thumb Code    40  chthreads.o(.text)
    chThdCreateSuspended                     0x08000bbf   Thumb Code    20  chthreads.o(.text)
    chThdCreateI                             0x08000bd3   Thumb Code    14  chthreads.o(.text)
    chThdCreate                              0x08000be1   Thumb Code    30  chthreads.o(.text)
    chThdCreateStatic                        0x08000bff   Thumb Code    66  chthreads.o(.text)
    chThdStart                               0x08000c41   Thumb Code    26  chthreads.o(.text)
    chThdAddRef                              0x08000c5b   Thumb Code    24  chthreads.o(.text)
    chThdRelease                             0x08000c73   Thumb Code    86  chthreads.o(.text)
    chThdExitS                               0x08000cc9   Thumb Code    80  chthreads.o(.text)
    chThdExit                                0x08000d19   Thumb Code    86  chthreads.o(.text)
    chThdWait                                0x08000d6f   Thumb Code    52  chthreads.o(.text)
    chThdSetPriority                         0x08000da3   Thumb Code    44  chthreads.o(.text)
    chThdTerminate                           0x08000dcf   Thumb Code    26  chthreads.o(.text)
    chThdSleep                               0x08000de9   Thumb Code    24  chthreads.o(.text)
    chThdSleepUntil                          0x08000e01   Thumb Code    30  chthreads.o(.text)
    chThdSleepUntilWindowed                  0x08000e1f   Thumb Code    42  chthreads.o(.text)
    chThdYield                               0x08000e49   Thumb Code    34  chthreads.o(.text)
    chThdSuspendS                            0x08000e6b   Thumb Code    22  chthreads.o(.text)
    chThdSuspendTimeoutS                     0x08000e81   Thumb Code    24  chthreads.o(.text)
    chThdResumeI                             0x08000e99   Thumb Code    20  chthreads.o(.text)
    chThdResumeS                             0x08000ead   Thumb Code    18  chthreads.o(.text)
    chThdResume                              0x08000ebf   Thumb Code    30  chthreads.o(.text)
    chThdEnqueueTimeoutS                     0x08000edd   Thumb Code    30  chthreads.o(.text)
    chThdDequeueNextI                        0x08000efb   Thumb Code    28  chthreads.o(.text)
    chThdDequeueAllI                         0x08000f17   Thumb Code    36  chthreads.o(.text)
    _vt_init                                 0x08000f4d   Thumb Code    22  chvt.o(.text)
    chVTDoSetI                               0x08000f63   Thumb Code    56  chvt.o(.text)
    chVTDoResetI                             0x08000f9b   Thumb Code    36  chvt.o(.text)
    chVTDoTickI                              0x08000fbf   Thumb Code    68  chvt.o(.text)
    _factory_init                            0x0800100d   Thumb Code    66  chfactory.o(.text)
    chFactoryRegisterObject                  0x0800104f   Thumb Code   112  chfactory.o(.text)
    chFactoryFindObject                      0x080010bf   Thumb Code    30  chfactory.o(.text)
    chFactoryFindObjectByPointer             0x080010dd   Thumb Code    56  chfactory.o(.text)
    chFactoryReleaseObject                   0x08001115   Thumb Code    74  chfactory.o(.text)
    chFactoryCreateBuffer                    0x0800115f   Thumb Code    46  chfactory.o(.text)
    chFactoryFindBuffer                      0x0800118d   Thumb Code    30  chfactory.o(.text)
    chFactoryReleaseBuffer                   0x080011ab   Thumb Code    28  chfactory.o(.text)
    chFactoryCreateSemaphore                 0x080011c7   Thumb Code   118  chfactory.o(.text)
    chFactoryFindSemaphore                   0x0800123d   Thumb Code    30  chfactory.o(.text)
    chFactoryReleaseSemaphore                0x0800125b   Thumb Code    74  chfactory.o(.text)
    chFactoryCreateMailbox                   0x080012a5   Thumb Code    54  chfactory.o(.text)
    chFactoryFindMailbox                     0x080012db   Thumb Code    30  chfactory.o(.text)
    chFactoryReleaseMailbox                  0x080012f9   Thumb Code    28  chfactory.o(.text)
    chFactoryCreateObjectsFIFO               0x08001315   Thumb Code    96  chfactory.o(.text)
    chFactoryFindObjectsFIFO                 0x08001375   Thumb Code    30  chfactory.o(.text)
    chFactoryReleaseObjectsFIFO              0x08001393   Thumb Code    28  chfactory.o(.text)
    chFactoryCreatePipe                      0x080013af   Thumb Code    52  chfactory.o(.text)
    chFactoryFindPipe                        0x080013e3   Thumb Code    62  chfactory.o(.text)
    chFactoryReleasePipe                     0x08001421   Thumb Code    28  chfactory.o(.text)
    chMBObjectInit                           0x08001505   Thumb Code    48  chmboxes.o(.text)
    chMBResetI                               0x08001535   Thumb Code    44  chmboxes.o(.text)
    chMBReset                                0x08001561   Thumb Code    56  chmboxes.o(.text)
    chMBPostTimeoutS                         0x08001599   Thumb Code    92  chmboxes.o(.text)
    chMBPostTimeout                          0x080015f5   Thumb Code    20  chmboxes.o(.text)
    chMBPostI                                0x08001609   Thumb Code    74  chmboxes.o(.text)
    chMBPostAheadTimeoutS                    0x08001653   Thumb Code    92  chmboxes.o(.text)
    chMBPostAheadTimeout                     0x080016af   Thumb Code    20  chmboxes.o(.text)
    chMBPostAheadI                           0x080016c3   Thumb Code    82  chmboxes.o(.text)
    chMBFetchTimeoutS                        0x08001715   Thumb Code    84  chmboxes.o(.text)
    chMBFetchTimeout                         0x08001769   Thumb Code   100  chmboxes.o(.text)
    chMBFetchI                               0x080017cd   Thumb Code    68  chmboxes.o(.text)
    _core_init                               0x08001811   Thumb Code    12  chmemcore.o(.text)
    chCoreAllocFromBaseI                     0x0800181d   Thumb Code    44  chmemcore.o(.text)
    chCoreAllocFromTopI                      0x08001849   Thumb Code    34  chmemcore.o(.text)
    chCoreAllocFromBase                      0x0800186b   Thumb Code    54  chmemcore.o(.text)
    chCoreAllocFromTop                       0x080018a1   Thumb Code    50  chmemcore.o(.text)
    chCoreGetStatusX                         0x080018d3   Thumb Code    10  chmemcore.o(.text)
    _heap_init                               0x080018e9   Thumb Code    22  chmemheaps.o(.text)
    chHeapObjectInit                         0x080018ff   Thumb Code    32  chmemheaps.o(.text)
    chHeapAllocAligned                       0x0800191f   Thumb Code   236  chmemheaps.o(.text)
    chHeapFree                               0x08001a0b   Thumb Code   120  chmemheaps.o(.text)
    chHeapStatus                             0x08001a83   Thumb Code    92  chmemheaps.o(.text)
    chPoolFreeI                              0x08001ae9   Thumb Code     8  chmempools.o(.text)
    chPoolFree                               0x08001af1   Thumb Code    20  chmempools.o(.text)
    chGuardedPoolFree                        0x08001b05   Thumb Code    30  chmempools.o(.text)
    chPoolObjectInitAligned                  0x08001b23   Thumb Code    16  chmempools.o(.text)
    chPoolLoadArray                          0x08001b33   Thumb Code    40  chmempools.o(.text)
    chPoolAllocI                             0x08001b5b   Thumb Code    28  chmempools.o(.text)
    chPoolAlloc                              0x08001b77   Thumb Code    40  chmempools.o(.text)
    chGuardedPoolObjectInitAligned           0x08001b9f   Thumb Code    16  chmempools.o(.text)
    chGuardedPoolLoadArray                   0x08001baf   Thumb Code    58  chmempools.o(.text)
    chGuardedPoolAllocTimeoutS               0x08001be9   Thumb Code    44  chmempools.o(.text)
    chGuardedPoolAllocTimeout                0x08001c15   Thumb Code    52  chmempools.o(.text)
    chPipeObjectInit                         0x08001c49   Thumb Code    52  chpipes.o(.text)
    chPipeReset                              0x08001c7d   Thumb Code    70  chpipes.o(.text)
    chPipeWriteTimeout                       0x08001cc3   Thumb Code   216  chpipes.o(.text)
    chPipeReadTimeout                        0x08001d9b   Thumb Code   208  chpipes.o(.text)
    halInit                                  0x08001e6d   Thumb Code    40  hal.o(.text)
    i2cInit                                  0x08001e99   Thumb Code     4  hal_i2c.o(.text)
    i2cObjectInit                            0x08001e9d   Thumb Code    16  hal_i2c.o(.text)
    i2cStart                                 0x08001ead   Thumb Code    30  hal_i2c.o(.text)
    i2cStop                                  0x08001ecb   Thumb Code    30  hal_i2c.o(.text)
    i2cGetErrors                             0x08001ee9   Thumb Code     4  hal_i2c.o(.text)
    i2cMasterTransmitTimeout                 0x08001eed   Thumb Code    62  hal_i2c.o(.text)
    i2cMasterReceiveTimeout                  0x08001f2b   Thumb Code    52  hal_i2c.o(.text)
    i2cAcquireBus                            0x08001f5f   Thumb Code     6  hal_i2c.o(.text)
    i2cReleaseBus                            0x08001f65   Thumb Code     6  hal_i2c.o(.text)
    palReadBus                               0x08001f6d   Thumb Code    22  hal_pal.o(.text)
    palWriteBus                              0x08001f83   Thumb Code    34  hal_pal.o(.text)
    palSetBusMode                            0x08001fa5   Thumb Code    14  hal_pal.o(.text)
    palSetPadCallbackI                       0x08001fb3   Thumb Code    12  hal_pal.o(.text)
    palSetLineCallbackI                      0x08001fbf   Thumb Code    16  hal_pal.o(.text)
    palWaitPadTimeoutS                       0x08001fcf   Thumb Code    12  hal_pal.o(.text)
    palWaitPadTimeout                        0x08001fdb   Thumb Code    30  hal_pal.o(.text)
    palWaitLineTimeoutS                      0x08001ff9   Thumb Code    14  hal_pal.o(.text)
    palWaitLineTimeout                       0x08002007   Thumb Code    30  hal_pal.o(.text)
    spiInit                                  0x08002029   Thumb Code     4  hal_spi.o(.text)
    spiObjectInit                            0x0800202d   Thumb Code    20  hal_spi.o(.text)
    spiStart                                 0x08002041   Thumb Code    30  hal_spi.o(.text)
    spiStop                                  0x0800205f   Thumb Code    30  hal_spi.o(.text)
    spiSelect                                0x0800207d   Thumb Code    30  hal_spi.o(.text)
    spiUnselect                              0x0800209b   Thumb Code    28  hal_spi.o(.text)
    spiStartIgnore                           0x080020b7   Thumb Code    24  hal_spi.o(.text)
    spiStartExchange                         0x080020cf   Thumb Code    30  hal_spi.o(.text)
    spiStartSend                             0x080020ed   Thumb Code    24  hal_spi.o(.text)
    spiStartReceive                          0x08002105   Thumb Code    24  hal_spi.o(.text)
    spiIgnore                                0x0800211d   Thumb Code    40  hal_spi.o(.text)
    spiExchange                              0x08002145   Thumb Code    40  hal_spi.o(.text)
    spiSend                                  0x0800216d   Thumb Code    40  hal_spi.o(.text)
    spiReceive                               0x08002195   Thumb Code    40  hal_spi.o(.text)
    spiAcquireBus                            0x080021bd   Thumb Code     6  hal_spi.o(.text)
    spiReleaseBus                            0x080021c3   Thumb Code     6  hal_spi.o(.text)
    stInit                                   0x080021c9   Thumb Code     4  hal_st.o(.text)
    uartInit                                 0x080021cd   Thumb Code     4  hal_uart.o(.text)
    uartObjectInit                           0x080021d1   Thumb Code    14  hal_uart.o(.text)
    uartStart                                0x080021df   Thumb Code    30  hal_uart.o(.text)
    uartStop                                 0x080021fd   Thumb Code    34  hal_uart.o(.text)
    uartStartSend                            0x0800221f   Thumb Code    26  hal_uart.o(.text)
    uartStartSendI                           0x08002239   Thumb Code    14  hal_uart.o(.text)
    uartStopSend                             0x08002247   Thumb Code    40  hal_uart.o(.text)
    uartStopSendI                            0x0800226f   Thumb Code    28  hal_uart.o(.text)
    uartStartReceive                         0x0800228b   Thumb Code    26  hal_uart.o(.text)
    uartStartReceiveI                        0x080022a5   Thumb Code    14  hal_uart.o(.text)
    uartStopReceive                          0x080022b3   Thumb Code    40  hal_uart.o(.text)
    uartStopReceiveI                         0x080022db   Thumb Code    28  hal_uart.o(.text)
    usbDisableEndpointsI                     0x080022f9   Thumb Code    82  hal_usb.o(.text)
    usbInit                                  0x0800234b   Thumb Code     4  hal_usb.o(.text)
    usbObjectInit                            0x0800234f   Thumb Code    30  hal_usb.o(.text)
    usbStart                                 0x0800236d   Thumb Code    44  hal_usb.o(.text)
    usbStop                                  0x08002399   Thumb Code    90  hal_usb.o(.text)
    usbInitEndpointI                         0x080023f3   Thumb Code    62  hal_usb.o(.text)
    usbStartReceiveI                         0x08002431   Thumb Code    52  hal_usb.o(.text)
    usbStartTransmitI                        0x08002465   Thumb Code    52  hal_usb.o(.text)
    usbReceive                               0x08002499   Thumb Code    60  hal_usb.o(.text)
    usbTransmit                              0x080024d5   Thumb Code    60  hal_usb.o(.text)
    usbStallReceiveI                         0x08002511   Thumb Code    24  hal_usb.o(.text)
    usbStallTransmitI                        0x08002529   Thumb Code    24  hal_usb.o(.text)
    usbWakeupHost                            0x08002541   Thumb Code    36  hal_usb.o(.text)
    _usb_reset                               0x08002565   Thumb Code   120  hal_usb.o(.text)
    _usb_suspend                             0x080025dd   Thumb Code    96  hal_usb.o(.text)
    _usb_wakeup                              0x0800263d   Thumb Code    20  hal_usb.o(.text)
    _usb_ep0setup                            0x08002651   Thumb Code   230  hal_usb.o(.text)
    _usb_ep0in                               0x08002737   Thumb Code   182  hal_usb.o(.text)
    _usb_ep0out                              0x080027ed   Thumb Code   134  hal_usb.o(.text)
    nvicEnableVector                         0x08002aa9   Thumb Code    36  nvic.o(.text)
    nvicDisableVector                        0x08002acd   Thumb Code    34  nvic.o(.text)
    nvicSetSystemHandlerPriority             0x08002aef   Thumb Code    12  nvic.o(.text)
    nvicClearPending                         0x08002afb   Thumb Code    24  nvic.o(.text)
    _pal_lld_setgroupmode                    0x08002b15   Thumb Code    56  hal_pal_lld.o(.text)
    _pal_lld_init                            0x08002b4d   Thumb Code   128  hal_pal_lld.o(.text)
    _pal_lld_enablepadevent                  0x08002bcd   Thumb Code   110  hal_pal_lld.o(.text)
    _pal_lld_disablepadevent                 0x08002c3b   Thumb Code   110  hal_pal_lld.o(.text)
    Vector58                                 0x08002ca9   Thumb Code    60  hal_pal_lld.o(.text)
    Vector5C                                 0x08002ce5   Thumb Code    66  hal_pal_lld.o(.text)
    Vector60                                 0x08002d27   Thumb Code    66  hal_pal_lld.o(.text)
    Vector64                                 0x08002d69   Thumb Code    66  hal_pal_lld.o(.text)
    Vector68                                 0x08002dab   Thumb Code    66  hal_pal_lld.o(.text)
    Vector80                                 0x08002ded   Thumb Code   218  hal_pal_lld.o(.text)
    VectorC4                                 0x08002ec7   Thumb Code   306  hal_pal_lld.o(.text)
    irqInit                                  0x08002ff9   Thumb Code    62  hal_pal_lld.o(.text)
    irqDeinit                                0x08003037   Thumb Code    48  hal_pal_lld.o(.text)
    st_lld_serve_interrupt                   0x08003067   Thumb Code    20  hal_st_lld.o(.text)
    SysTick_Handler                          0x0800307b   Thumb Code    26  hal_st_lld.o(.text)
    st_lld_init                              0x08003095   Thumb Code    26  hal_st_lld.o(.text)
    SystemCoreClockUpdate                    0x080030b1   Thumb Code    90  hal_lld.o(.text)
    hal_lld_init                             0x0800310b   Thumb Code     2  hal_lld.o(.text)
    wb32_clock_init                          0x0800310d   Thumb Code   208  hal_lld.o(.text)
    RCC_PLLSourceConfig                      0x0800322d   Thumb Code    48  wb32f10x_rcc.o(.text)
    RCC_MAINCLKConfig                        0x0800325d   Thumb Code    12  wb32f10x_rcc.o(.text)
    RCC_USBCLKConfig                         0x08003269   Thumb Code    52  wb32f10x_rcc.o(.text)
    RCC_AHBCLKConfig                         0x0800329d   Thumb Code    20  wb32f10x_rcc.o(.text)
    RCC_APB1CLKConfig                        0x080032b1   Thumb Code    42  wb32f10x_rcc.o(.text)
    RCC_APB2CLKConfig                        0x080032db   Thumb Code    42  wb32f10x_rcc.o(.text)
    RCC_MCLKConfig                           0x08003305   Thumb Code    48  wb32f10x_rcc.o(.text)
    RCC_I2SCLKConfig                         0x08003335   Thumb Code    58  wb32f10x_rcc.o(.text)
    RCC_I2SCLKResetCmd                       0x0800336f   Thumb Code     6  wb32f10x_rcc.o(.text)
    RCC_RNGCLKCmd                            0x08003375   Thumb Code     6  wb32f10x_rcc.o(.text)
    RCC_IWDGCLKCmd                           0x0800337b   Thumb Code    20  wb32f10x_rcc.o(.text)
    RCC_DCSSCLKCmd                           0x0800338f   Thumb Code    20  wb32f10x_rcc.o(.text)
    RCC_SPIS1CLKCmd                          0x080033a3   Thumb Code     6  wb32f10x_rcc.o(.text)
    RCC_SPIS2CLKCmd                          0x080033a9   Thumb Code     6  wb32f10x_rcc.o(.text)
    RCC_USBFIFOCLKConfig                     0x080033af   Thumb Code     6  wb32f10x_rcc.o(.text)
    RCC_USBFIFOCLKCmd                        0x080033b5   Thumb Code    12  wb32f10x_rcc.o(.text)
    RCC_MCOConfig                            0x080033c1   Thumb Code    10  wb32f10x_rcc.o(.text)
    RCC_GetClocksFreq                        0x080033cb   Thumb Code   136  wb32f10x_rcc.o(.text)
    RCC_AHBPeriphClockCmd                    0x08003453   Thumb Code    72  wb32f10x_rcc.o(.text)
    RCC_APB1PeriphClockCmd                   0x0800349b   Thumb Code    18  wb32f10x_rcc.o(.text)
    RCC_APB2PeriphClockCmd                   0x080034ad   Thumb Code    18  wb32f10x_rcc.o(.text)
    RCC_AHBPeriphResetCmd                    0x080034bf   Thumb Code    20  wb32f10x_rcc.o(.text)
    RCC_APB1PeriphResetCmd                   0x080034d3   Thumb Code    18  wb32f10x_rcc.o(.text)
    RCC_APB2PeriphResetCmd                   0x080034e5   Thumb Code    18  wb32f10x_rcc.o(.text)
    RCC_BackupResetCmd                       0x080034f7   Thumb Code     6  wb32f10x_rcc.o(.text)
    RCC_GetResetFlagStatus                   0x080034fd   Thumb Code    16  wb32f10x_rcc.o(.text)
    RCC_ClearResetFlags                      0x0800350d   Thumb Code     8  wb32f10x_rcc.o(.text)
    VectorA4                                 0x08003595   Thumb Code   338  hal_i2c_lld.o(.text)
    i2c_lld_init                             0x080036e7   Thumb Code    20  hal_i2c_lld.o(.text)
    i2c_lld_start                            0x080036fb   Thumb Code   120  hal_i2c_lld.o(.text)
    i2c_lld_stop                             0x08003773   Thumb Code   106  hal_i2c_lld.o(.text)
    i2c_lld_master_receive_timeout           0x080037dd   Thumb Code    96  hal_i2c_lld.o(.text)
    i2c_lld_master_transmit_timeout          0x0800383d   Thumb Code    92  hal_i2c_lld.o(.text)
    VectorB8                                 0x080038a5   Thumb Code   400  hal_uart_lld.o(.text)
    uart_lld_init                            0x08003a35   Thumb Code    16  hal_uart_lld.o(.text)
    uart_lld_start                           0x08003a45   Thumb Code   190  hal_uart_lld.o(.text)
    uart_lld_stop                            0x08003b03   Thumb Code    60  hal_uart_lld.o(.text)
    uart_lld_start_send                      0x08003b3f   Thumb Code    16  hal_uart_lld.o(.text)
    uart_lld_stop_send                       0x08003b4f   Thumb Code    14  hal_uart_lld.o(.text)
    uart_lld_start_receive                   0x08003b5d   Thumb Code    16  hal_uart_lld.o(.text)
    uart_lld_stop_receive                    0x08003b6d   Thumb Code    14  hal_uart_lld.o(.text)
    VectorA8                                 0x08003b85   Thumb Code   252  hal_spi_lld.o(.text)
    spi_lld_init                             0x08003c81   Thumb Code    16  hal_spi_lld.o(.text)
    spi_lld_start                            0x08003c91   Thumb Code   130  hal_spi_lld.o(.text)
    spi_lld_stop                             0x08003d13   Thumb Code    56  hal_spi_lld.o(.text)
    spi_lld_ignore                           0x08003d4b   Thumb Code    38  hal_spi_lld.o(.text)
    spi_lld_exchange                         0x08003d71   Thumb Code    38  hal_spi_lld.o(.text)
    spi_lld_send                             0x08003d97   Thumb Code    46  hal_spi_lld.o(.text)
    spi_lld_receive                          0x08003dc5   Thumb Code    46  hal_spi_lld.o(.text)
    spi_lld_polled_exchange                  0x08003df3   Thumb Code    28  hal_spi_lld.o(.text)
    usb_lld_stall_out                        0x08003e21   Thumb Code    20  hal_usb_lld.o(.text)
    usb_lld_stall_in                         0x08003e35   Thumb Code    18  hal_usb_lld.o(.text)
    Vector78                                 0x08004053   Thumb Code    76  hal_usb_lld.o(.text)
    Vector7C                                 0x0800409f   Thumb Code     4  hal_usb_lld.o(.text)
    VectorCC                                 0x080040a3   Thumb Code     4  hal_usb_lld.o(.text)
    usb_lld_init                             0x080040a7   Thumb Code     6  hal_usb_lld.o(.text)
    usb_lld_init_endpoint                    0x080040ad   Thumb Code   282  hal_usb_lld.o(.text)
    usb_lld_reset                            0x080041c7   Thumb Code    48  hal_usb_lld.o(.text)
    usb_lld_start                            0x080041f7   Thumb Code   156  hal_usb_lld.o(.text)
    usb_lld_stop                             0x08004293   Thumb Code    48  hal_usb_lld.o(.text)
    usb_lld_set_address                      0x080042c3   Thumb Code    10  hal_usb_lld.o(.text)
    usb_lld_disable_endpoints                0x080042cd   Thumb Code    30  hal_usb_lld.o(.text)
    usb_lld_get_status_out                   0x080042eb   Thumb Code    58  hal_usb_lld.o(.text)
    usb_lld_get_status_in                    0x08004325   Thumb Code    58  hal_usb_lld.o(.text)
    usb_lld_read_setup                       0x0800435f   Thumb Code    34  hal_usb_lld.o(.text)
    usb_lld_start_out                        0x08004381   Thumb Code    84  hal_usb_lld.o(.text)
    usb_lld_start_in                         0x080043d5   Thumb Code   114  hal_usb_lld.o(.text)
    usb_lld_clear_out                        0x08004447   Thumb Code    20  hal_usb_lld.o(.text)
    usb_lld_clear_in                         0x0800445b   Thumb Code    18  hal_usb_lld.o(.text)
    __early_init                             0x08004655   Thumb Code     4  board.o(.text)
    boardInit                                0x08004659   Thumb Code     2  board.o(.text)
    EXTI0_Config                             0x080046a1   Thumb Code    68  main.o(.text)
    main                                     0x080046e5   Thumb Code   288  main.o(.text)
    __aeabi_uldivmod                         0x08004865   Thumb Code     0  lludivv7m.o(.text)
    _ll_udiv                                 0x08004865   Thumb Code   238  lludivv7m.o(.text)
    strncmp                                  0x08004953   Thumb Code   150  strncmp.o(.text)
    __aeabi_memcpy                           0x080049e9   Thumb Code     0  rt_memcpy_v6.o(.text)
    __rt_memcpy                              0x080049e9   Thumb Code   138  rt_memcpy_v6.o(.text)
    _memcpy_lastbytes                        0x08004a4f   Thumb Code     0  rt_memcpy_v6.o(.text)
    __aeabi_memclr4                          0x08004a73   Thumb Code     0  rt_memclr_w.o(.text)
    __aeabi_memclr8                          0x08004a73   Thumb Code     0  rt_memclr_w.o(.text)
    __rt_memclr_w                            0x08004a73   Thumb Code    78  rt_memclr_w.o(.text)
    _memset_w                                0x08004a77   Thumb Code     0  rt_memclr_w.o(.text)
    strncpy                                  0x08004ac1   Thumb Code    86  strncpy.o(.text)
    __use_two_region_memory                  0x08004b17   Thumb Code     2  heapauxi.o(.text)
    __rt_heap_escrow$2region                 0x08004b19   Thumb Code     2  heapauxi.o(.text)
    __rt_heap_expand$2region                 0x08004b1b   Thumb Code     2  heapauxi.o(.text)
    __aeabi_memcpy4                          0x08004b1d   Thumb Code     0  rt_memcpy_w.o(.text)
    __aeabi_memcpy8                          0x08004b1d   Thumb Code     0  rt_memcpy_w.o(.text)
    __rt_memcpy_w                            0x08004b1d   Thumb Code   100  rt_memcpy_w.o(.text)
    _memcpy_lastbytes_aligned                0x08004b65   Thumb Code     0  rt_memcpy_w.o(.text)
    __aeabi_memclr                           0x08004b81   Thumb Code     0  rt_memclr.o(.text)
    __rt_memclr                              0x08004b81   Thumb Code    68  rt_memclr.o(.text)
    _memset                                  0x08004b85   Thumb Code     0  rt_memclr.o(.text)
    exit                                     0x08004bc5   Thumb Code    18  exit.o(.text)
    _sys_exit                                0x08004bd9   Thumb Code     8  sys_exit.o(.text)
    __I$use$semihosting                      0x08004be5   Thumb Code     0  use_no_semi.o(.text)
    __use_no_semihosting_swi                 0x08004be5   Thumb Code     2  use_no_semi.o(.text)
    __semihosting_library_function           0x08004be7   Thumb Code     0  indicate_semi.o(.text)
    ch_debug                                 0x08004be6   Data          22  chregistry.o(.constdata)
    pal_default_config                       0x08004c40   Data          32  board.o(.constdata)
    spi_master_tx_data                       0x08004c60   Data          20  main.o(.constdata)
    Region$$Table$$Base                      0x08004c7c   Number         0  anon$$obj.o(Region$$Table)
    Region$$Table$$Limit                     0x08004c9c   Number         0  anon$$obj.o(Region$$Table)
    Image$$RW_IRAM1$$Base                    0x20000000   Number         0  anon$$obj.o ABSOLUTE
    ch_memcore                               0x20000000   Data           8  chmemcore.o(.data)
    SystemCoreClock                          0x20000008   Data           4  hal_lld.o(.data)
    i2cconfig                                0x20000018   Data          36  main.o(.data)
    uartconfig                               0x2000003c   Data          32  main.o(.data)
    spiconfig                                0x2000005c   Data          32  main.o(.data)
    tx_buffer                                0x2000007c   Data         256  main.o(.data)
    ch                                       0x2000017c   Data         116  chschd.o(.bss)
    ch_idle_thread_wa                        0x200001f0   Data         216  chsys.o(.bss)
    ch_factory                               0x200002c8   Data          72  chfactory.o(.bss)
    _pal_events                              0x2000032c   Data         256  hal_pal_lld.o(.bss)
    I2CD2                                    0x2000042c   Data          64  hal_i2c_lld.o(.bss)
    UARTD1                                   0x2000046c   Data          36  hal_uart_lld.o(.bss)
    SPIDQ                                    0x20000490   Data          52  hal_spi_lld.o(.bss)
    USBD1                                    0x200004c4   Data          84  hal_usb_lld.o(.bss)
    rx_buffer                                0x20000678   Data         256  main.o(.bss)
    __main_thread_stack_base__               0x20000778   Data           0  cstartup.o(CSTACK)
    __initial_sp                             0x20000b78   Data           0  cstartup.o(CSTACK)
    Image$$RW_IRAM1$$ZI$$Limit               0x20001378   Number         0  anon$$obj.o ABSOLUTE
    __initial_msp                            0x20001378   Data           0  cstartup.o(MSTACK)



==============================================================================

Memory Map of the image

  Image Entry point : 0x080000e1

  Load Region LR_IROM1 (Base: 0x08000000, Size: 0x00004e18, Max: 0x00040000, ABSOLUTE, COMPRESSED[0x00004ccc])

    Execution Region ER_IROM1 (Base: 0x08000000, Size: 0x00004c9c, Max: 0x00040000, ABSOLUTE)

    Base Addr    Size         Type   Attr      Idx    E Section Name        Object

    0x08000000   0x000000e0   Data   RO           10    RESET               vectors.o
    0x080000e0   0x00000008   Code   RO         3539  * !!!main             c_w.l(__main.o)
    0x080000e8   0x00000034   Code   RO         3717    !!!scatter          c_w.l(__scatter.o)
    0x0800011c   0x0000003a   Code   RO         3715    !!dczerorl          c_w.l(__dczerorl.o)
    0x08000156   0x00000002   PAD
    0x08000158   0x0000001c   Code   RO         3719    !!handler_zi        c_w.l(__scatter_zi.o)
    0x08000174   0x00000002   Code   RO         3585    .ARM.Collect$$libinit$$00000000  c_w.l(libinit.o)
    0x08000176   0x00000000   Code   RO         3598    .ARM.Collect$$libinit$$00000002  c_w.l(libinit2.o)
    0x08000176   0x00000000   Code   RO         3600    .ARM.Collect$$libinit$$00000004  c_w.l(libinit2.o)
    0x08000176   0x00000000   Code   RO         3603    .ARM.Collect$$libinit$$0000000A  c_w.l(libinit2.o)
    0x08000176   0x00000000   Code   RO         3605    .ARM.Collect$$libinit$$0000000C  c_w.l(libinit2.o)
    0x08000176   0x00000000   Code   RO         3607    .ARM.Collect$$libinit$$0000000E  c_w.l(libinit2.o)
    0x08000176   0x00000000   Code   RO         3610    .ARM.Collect$$libinit$$00000011  c_w.l(libinit2.o)
    0x08000176   0x00000000   Code   RO         3612    .ARM.Collect$$libinit$$00000013  c_w.l(libinit2.o)
    0x08000176   0x00000000   Code   RO         3614    .ARM.Collect$$libinit$$00000015  c_w.l(libinit2.o)
    0x08000176   0x00000000   Code   RO         3616    .ARM.Collect$$libinit$$00000017  c_w.l(libinit2.o)
    0x08000176   0x00000000   Code   RO         3618    .ARM.Collect$$libinit$$00000019  c_w.l(libinit2.o)
    0x08000176   0x00000000   Code   RO         3620    .ARM.Collect$$libinit$$0000001B  c_w.l(libinit2.o)
    0x08000176   0x00000000   Code   RO         3622    .ARM.Collect$$libinit$$0000001D  c_w.l(libinit2.o)
    0x08000176   0x00000000   Code   RO         3624    .ARM.Collect$$libinit$$0000001F  c_w.l(libinit2.o)
    0x08000176   0x00000000   Code   RO         3626    .ARM.Collect$$libinit$$00000021  c_w.l(libinit2.o)
    0x08000176   0x00000000   Code   RO         3628    .ARM.Collect$$libinit$$00000023  c_w.l(libinit2.o)
    0x08000176   0x00000000   Code   RO         3630    .ARM.Collect$$libinit$$00000025  c_w.l(libinit2.o)
    0x08000176   0x00000000   Code   RO         3634    .ARM.Collect$$libinit$$0000002C  c_w.l(libinit2.o)
    0x08000176   0x00000000   Code   RO         3636    .ARM.Collect$$libinit$$0000002E  c_w.l(libinit2.o)
    0x08000176   0x00000000   Code   RO         3638    .ARM.Collect$$libinit$$00000030  c_w.l(libinit2.o)
    0x08000176   0x00000000   Code   RO         3640    .ARM.Collect$$libinit$$00000032  c_w.l(libinit2.o)
    0x08000176   0x00000002   Code   RO         3641    .ARM.Collect$$libinit$$00000033  c_w.l(libinit2.o)
    0x08000178   0x00000002   Code   RO         3672    .ARM.Collect$$libshutdown$$00000000  c_w.l(libshutdown.o)
    0x0800017a   0x00000000   Code   RO         3698    .ARM.Collect$$libshutdown$$00000002  c_w.l(libshutdown2.o)
    0x0800017a   0x00000000   Code   RO         3700    .ARM.Collect$$libshutdown$$00000004  c_w.l(libshutdown2.o)
    0x0800017a   0x00000000   Code   RO         3703    .ARM.Collect$$libshutdown$$00000007  c_w.l(libshutdown2.o)
    0x0800017a   0x00000000   Code   RO         3706    .ARM.Collect$$libshutdown$$0000000A  c_w.l(libshutdown2.o)
    0x0800017a   0x00000000   Code   RO         3708    .ARM.Collect$$libshutdown$$0000000C  c_w.l(libshutdown2.o)
    0x0800017a   0x00000000   Code   RO         3711    .ARM.Collect$$libshutdown$$0000000F  c_w.l(libshutdown2.o)
    0x0800017a   0x00000002   Code   RO         3712    .ARM.Collect$$libshutdown$$00000010  c_w.l(libshutdown2.o)
    0x0800017c   0x00000000   Code   RO         3541    .ARM.Collect$$rtentry$$00000000  c_w.l(__rtentry.o)
    0x0800017c   0x00000000   Code   RO         3551    .ARM.Collect$$rtentry$$00000002  c_w.l(__rtentry2.o)
    0x0800017c   0x00000004   Code   RO         3565    .ARM.Collect$$rtentry$$00000005  c_w.l(__rtentry5.o)
    0x08000180   0x00000000   Code   RO         3553    .ARM.Collect$$rtentry$$00000009  c_w.l(__rtentry2.o)
    0x08000180   0x00000004   Code   RO         3554    .ARM.Collect$$rtentry$$0000000A  c_w.l(__rtentry2.o)
    0x08000184   0x00000000   Code   RO         3556    .ARM.Collect$$rtentry$$0000000C  c_w.l(__rtentry2.o)
    0x08000184   0x00000008   Code   RO         3557    .ARM.Collect$$rtentry$$0000000D  c_w.l(__rtentry2.o)
    0x0800018c   0x00000004   Code   RO         3566    .ARM.Collect$$rtentry$$00002716  c_w.l(__rtentry5.o)
    0x08000190   0x00000002   Code   RO         3589    .ARM.Collect$$rtexit$$00000000  c_w.l(rtexit.o)
    0x08000192   0x00000000   Code   RO         3645    .ARM.Collect$$rtexit$$00000002  c_w.l(rtexit2.o)
    0x08000192   0x00000004   Code   RO         3646    .ARM.Collect$$rtexit$$00000003  c_w.l(rtexit2.o)
    0x08000196   0x00000006   Code   RO         3647    .ARM.Collect$$rtexit$$00000004  c_w.l(rtexit2.o)
    0x0800019c   0x00000040   Code   RO            4    .text               cstartup.o
    0x080001dc   0x00000002   Code   RO           11    .text               vectors.o
    0x080001de   0x00000002   PAD
    0x080001e0   0x0000002a   Code   RO          196    .text               chcoreasm_v7m.o
    0x0800020a   0x00000002   PAD
    0x0800020c   0x000000b0   Code   RO          203    .text               chcore_v7m.o
    0x080002bc   0x00000270   Code   RO          662    .text               chmtx.o
    0x0800052c   0x000002d0   Code   RO          821    .text               chschd.o
    0x080007fc   0x00000204   Code   RO          921    .text               chsem.o
    0x08000a00   0x00000160   Code   RO         1040    .text               chsys.o
    0x08000b60   0x000003ec   Code   RO         1146    .text               chthreads.o
    0x08000f4c   0x000000c0   Code   RO         1294    .text               chvt.o
    0x0800100c   0x000004f8   Code   RO         1416    .text               chfactory.o
    0x08001504   0x0000030c   Code   RO         1477    .text               chmboxes.o
    0x08001810   0x000000d8   Code   RO         1578    .text               chmemcore.o
    0x080018e8   0x00000200   Code   RO         1628    .text               chmemheaps.o
    0x08001ae8   0x00000160   Code   RO         1657    .text               chmempools.o
    0x08001c48   0x00000222   Code   RO         1797    .text               chpipes.o
    0x08001e6a   0x00000002   PAD
    0x08001e6c   0x0000002c   Code   RO         1854    .text               hal.o
    0x08001e98   0x000000d2   Code   RO         2295    .text               hal_i2c.o
    0x08001f6a   0x00000002   PAD
    0x08001f6c   0x000000bc   Code   RO         2486    .text               hal_pal.o
    0x08002028   0x000001a0   Code   RO         2655    .text               hal_spi.o
    0x080021c8   0x00000004   Code   RO         2697    .text               hal_st.o
    0x080021cc   0x0000012a   Code   RO         2739    .text               hal_uart.o
    0x080022f6   0x00000002   PAD
    0x080022f8   0x000007b0   Code   RO         2777    .text               hal_usb.o
    0x08002aa8   0x0000006a   Code   RO         2917    .text               nvic.o
    0x08002b12   0x00000002   PAD
    0x08002b14   0x00000552   Code   RO         2942    .text               hal_pal_lld.o
    0x08003066   0x00000048   Code   RO         3076    .text               hal_st_lld.o
    0x080030ae   0x00000002   PAD
    0x080030b0   0x0000017c   Code   RO         3174    .text               hal_lld.o
    0x0800322c   0x00000368   Code   RO         3202    .text               wb32f10x_rcc.o
    0x08003594   0x00000310   Code   RO         3233    .text               hal_i2c_lld.o
    0x080038a4   0x000002e0   Code   RO         3269    .text               hal_uart_lld.o
    0x08003b84   0x0000029c   Code   RO         3348    .text               hal_spi_lld.o
    0x08003e20   0x00000834   Code   RO         3386    .text               hal_usb_lld.o
    0x08004654   0x00000006   Code   RO         3449    .text               board.o
    0x0800465a   0x00000002   PAD
    0x0800465c   0x00000208   Code   RO         3490    .text               main.o
    0x08004864   0x000000ee   Code   RO         3525    .text               c_w.l(lludivv7m.o)
    0x08004952   0x00000096   Code   RO         3527    .text               c_w.l(strncmp.o)
    0x080049e8   0x0000008a   Code   RO         3529    .text               c_w.l(rt_memcpy_v6.o)
    0x08004a72   0x0000004e   Code   RO         3531    .text               c_w.l(rt_memclr_w.o)
    0x08004ac0   0x00000056   Code   RO         3533    .text               c_w.l(strncpy.o)
    0x08004b16   0x00000006   Code   RO         3537    .text               c_w.l(heapauxi.o)
    0x08004b1c   0x00000064   Code   RO         3546    .text               c_w.l(rt_memcpy_w.o)
    0x08004b80   0x00000044   Code   RO         3548    .text               c_w.l(rt_memclr.o)
    0x08004bc4   0x00000012   Code   RO         3574    .text               c_w.l(exit.o)
    0x08004bd6   0x00000002   PAD
    0x08004bd8   0x0000000c   Code   RO         3642    .text               c_w.l(sys_exit.o)
    0x08004be4   0x00000002   Code   RO         3661    .text               c_w.l(use_no_semi.o)
    0x08004be6   0x00000000   Code   RO         3663    .text               c_w.l(indicate_semi.o)
    0x08004be6   0x00000016   Data   RO          761    .constdata          chregistry.o
    0x08004bfc   0x00000018   Data   RO         1043    .constdata          chsys.o
    0x08004c14   0x00000006   Data   RO         2778    .constdata          hal_usb.o
    0x08004c1a   0x00000002   Data   RO         3350    .constdata          hal_spi_lld.o
    0x08004c1c   0x00000024   Data   RO         3389    .constdata          hal_usb_lld.o
    0x08004c40   0x00000020   Data   RO         3450    .constdata          board.o
    0x08004c60   0x00000014   Data   RO         3493    .constdata          main.o
    0x08004c74   0x00000005   Data   RO         1044    .conststring        chsys.o
    0x08004c79   0x00000003   PAD
    0x08004c7c   0x00000020   Data   RO         3713    Region$$Table       anon$$obj.o


    Execution Region RW_IRAM1 (Base: 0x20000000, Size: 0x00001378, Max: 0x00009000, ABSOLUTE, COMPRESSED[0x00000030])

    Base Addr    Size         Type   Attr      Idx    E Section Name        Object

    0x20000000   0x00000008   Data   RW         1582    .data               chmemcore.o
    0x20000008   0x00000004   Data   RW         3175    .data               hal_lld.o
    0x2000000c   0x00000002   Data   RW         3351    .data               hal_spi_lld.o
    0x2000000e   0x00000008   Data   RW         3392    .data               hal_usb_lld.o
    0x20000016   0x00000002   PAD
    0x20000018   0x00000164   Data   RW         3495    .data               main.o
    0x2000017c   0x00000074   Zero   RW          822    .bss                chschd.o
    0x200001f0   0x000000d8   Zero   RW         1041    .bss                chsys.o
    0x200002c8   0x00000048   Zero   RW         1417    .bss                chfactory.o
    0x20000310   0x0000001c   Zero   RW         1629    .bss                chmemheaps.o
    0x2000032c   0x00000100   Zero   RW         2943    .bss                hal_pal_lld.o
    0x2000042c   0x00000040   Zero   RW         3234    .bss                hal_i2c_lld.o
    0x2000046c   0x00000024   Zero   RW         3270    .bss                hal_uart_lld.o
    0x20000490   0x00000034   Zero   RW         3349    .bss                hal_spi_lld.o
    0x200004c4   0x00000054   Zero   RW         3387    .bss                hal_usb_lld.o
    0x20000518   0x00000014   Zero   RW         3388    .bss                hal_usb_lld.o
    0x2000052c   0x00000004   PAD
    0x20000530   0x00000248   Zero   RW         3492    .bss                main.o
    0x20000778   0x00000400   Zero   RW            2    CSTACK              cstartup.o
    0x20000b78   0x00000400   Zero   RW            3    HEAP                cstartup.o
    0x20000f78   0x00000400   Zero   RW            1    MSTACK              cstartup.o


==============================================================================

Image component sizes


      Code (inc. data)   RO Data    RW Data    ZI Data      Debug   Object Name

         6          0         32          0          0       9724   board.o
         0          0          0          0          0       6512   chcond.o
         0          0          0          0          0     127458   chcore.o
       176         30          0          0          0      36190   chcore_v7m.o
        42          0          0          0          0        620   chcoreasm_v7m.o
         0          0          0          0          0       8249   chdynamic.o
      1272         42          0          0         72      19448   chfactory.o
       780          0          0          0          0      16680   chmboxes.o
       216         12          0          8          0       4574   chmemcore.o
       512         10          0          0         28       3689   chmemheaps.o
       352          0          0          0          0       7533   chmempools.o
       624          6          0          0          0      12865   chmtx.o
       546          0          0          0          0       6000   chpipes.o
         0          0         22          0          0       2102   chregistry.o
       720         16          0          0        116      16478   chschd.o
       516          4          0          0          0      13120   chsem.o
       352         22         29          0        216      20488   chsys.o
      1004         18          0          0          0      23478   chthreads.o
       192         10          0          0          0      10676   chvt.o
        64         26          0          0       3072        596   cstartup.o
        44          4          0          0          0      43039   hal.o
       210          0          0          0          0      27700   hal_i2c.o
       784         12          0          0         64      12978   hal_i2c_lld.o
       380         80          0          4          0       2209   hal_lld.o
       188          4          0          0          0       7180   hal_pal.o
      1362         36          0          0        256      31830   hal_pal_lld.o
       416          0          0          0          0      10005   hal_spi.o
       668         18          2          2         52      15624   hal_spi_lld.o
         4          0          0          0          0        477   hal_st.o
        72          0          0          0          0       5099   hal_st_lld.o
       298          0          0          0          0       8013   hal_uart.o
       736         10          0          0         36       7175   hal_uart_lld.o
      1968         14          6          0          0      35370   hal_usb.o
      2100         36         36          8        104      21498   hal_usb_lld.o
       520         96         20        356        584       4051   main.o
       106          0          0          0          0       1179   nvic.o
         2          0        224          0          0        512   vectors.o
       872        128          0          0          0     114754   wb32f10x_rcc.o

    ----------------------------------------------------------------------
     18120        634        406        380       4604     695173   Object Totals
         0          0         32          0          0          0   (incl. Generated)
        16          0          3          2          4          0   (incl. Padding)

    ----------------------------------------------------------------------

      Code (inc. data)   RO Data    RW Data    ZI Data      Debug   Library Member Name

        58          0          0          0          0          0   __dczerorl.o
         8          0          0          0          0         68   __main.o
         0          0          0          0          0          0   __rtentry.o
        12          0          0          0          0          0   __rtentry2.o
         8          4          0          0          0          0   __rtentry5.o
        52          8          0          0          0          0   __scatter.o
        28          0          0          0          0          0   __scatter_zi.o
        18          0          0          0          0         80   exit.o
         6          0          0          0          0        152   heapauxi.o
         0          0          0          0          0          0   indicate_semi.o
         2          0          0          0          0          0   libinit.o
         2          0          0          0          0          0   libinit2.o
         2          0          0          0          0          0   libshutdown.o
         2          0          0          0          0          0   libshutdown2.o
       238          0          0          0          0        100   lludivv7m.o
        68          0          0          0          0         68   rt_memclr.o
        78          0          0          0          0         80   rt_memclr_w.o
       138          0          0          0          0         68   rt_memcpy_v6.o
       100          0          0          0          0         80   rt_memcpy_w.o
         2          0          0          0          0          0   rtexit.o
        10          0          0          0          0          0   rtexit2.o
       150          0          0          0          0         80   strncmp.o
        86          0          0          0          0         76   strncpy.o
        12          4          0          0          0         68   sys_exit.o
         2          0          0          0          0         68   use_no_semi.o

    ----------------------------------------------------------------------
      1086         16          0          0          0        988   Library Totals
         4          0          0          0          0          0   (incl. Padding)

    ----------------------------------------------------------------------

      Code (inc. data)   RO Data    RW Data    ZI Data      Debug   Library Name

      1082         16          0          0          0        988   c_w.l

    ----------------------------------------------------------------------
      1086         16          0          0          0        988   Library Totals

    ----------------------------------------------------------------------

==============================================================================


      Code (inc. data)   RO Data    RW Data    ZI Data      Debug   

     19206        650        406        380       4604     692517   Grand Totals
     19206        650        406         48       4604     692517   ELF Image Totals (compressed)
     19206        650        406         48          0          0   ROM Totals

==============================================================================

    Total RO  Size (Code + RO Data)                19612 (  19.15kB)
    Total RW  Size (RW Data + ZI Data)              4984 (   4.87kB)
    Total ROM Size (Code + RO Data + RW Data)      19660 (  19.20kB)

==============================================================================

